Archive member included to satisfy reference by file (symbol)

/usr/lib/gcc/arm-none-eabi/4.9.3/armv7e-m/libgcc.a(_aeabi_uldivmod.o)
                              ./ioLibrary_Driver/Internet/SNTP/sntp.o (__aeabi_uldivmod)
/usr/lib/gcc/arm-none-eabi/4.9.3/armv7e-m/libgcc.a(bpabi.o)
                              /usr/lib/gcc/arm-none-eabi/4.9.3/armv7e-m/libgcc.a(_aeabi_uldivmod.o) (__gnu_uldivmod_helper)
/usr/lib/gcc/arm-none-eabi/4.9.3/armv7e-m/libgcc.a(_dvmd_tls.o)
                              /usr/lib/gcc/arm-none-eabi/4.9.3/armv7e-m/libgcc.a(_aeabi_uldivmod.o) (__aeabi_ldiv0)
/usr/lib/gcc/arm-none-eabi/4.9.3/armv7e-m/libgcc.a(_divdi3.o)
                              /usr/lib/gcc/arm-none-eabi/4.9.3/armv7e-m/libgcc.a(bpabi.o) (__divdi3)
/usr/lib/gcc/arm-none-eabi/4.9.3/armv7e-m/libgcc.a(_udivdi3.o)
                              /usr/lib/gcc/arm-none-eabi/4.9.3/armv7e-m/libgcc.a(bpabi.o) (__udivdi3)
/usr/lib/gcc/arm-none-eabi/4.9.3/../../../arm-none-eabi/lib/armv7e-m/libg_nano.a(lib_a-atoi.o)
                              ./ioLibrary_Driver/Internet/FTPServer/ftpd.o (atoi)
/usr/lib/gcc/arm-none-eabi/4.9.3/../../../arm-none-eabi/lib/armv7e-m/libg_nano.a(lib_a-ctype_.o)
                              ./ioLibrary_Driver/Internet/SNMP/snmp.o (__ctype_ptr__)
/usr/lib/gcc/arm-none-eabi/4.9.3/../../../arm-none-eabi/lib/armv7e-m/libg_nano.a(lib_a-errno.o)
                              ./system/src/newlib/_sbrk.o (__errno)
/usr/lib/gcc/arm-none-eabi/4.9.3/../../../arm-none-eabi/lib/armv7e-m/libg_nano.a(lib_a-impure.o)
                              /usr/lib/gcc/arm-none-eabi/4.9.3/../../../arm-none-eabi/lib/armv7e-m/libg_nano.a(lib_a-errno.o) (_impure_ptr)
/usr/lib/gcc/arm-none-eabi/4.9.3/../../../arm-none-eabi/lib/armv7e-m/libg_nano.a(lib_a-init.o)
                              ./system/src/cmsis/startup_stm32f303xc.o (__libc_init_array)
/usr/lib/gcc/arm-none-eabi/4.9.3/../../../arm-none-eabi/lib/armv7e-m/libg_nano.a(lib_a-malloc.o)
                              ./ioLibrary_Driver/Internet/httpServer/httpServer.o (malloc)
/usr/lib/gcc/arm-none-eabi/4.9.3/../../../arm-none-eabi/lib/armv7e-m/libg_nano.a(lib_a-memcmp.o)
                              ./ioLibrary_Driver/Internet/SNMP/snmp.o (memcmp)
/usr/lib/gcc/arm-none-eabi/4.9.3/../../../arm-none-eabi/lib/armv7e-m/libg_nano.a(lib_a-memcpy.o)
                              ./ioLibrary_Driver/Internet/httpServer/httpServer.o (memcpy)
/usr/lib/gcc/arm-none-eabi/4.9.3/../../../arm-none-eabi/lib/armv7e-m/libg_nano.a(lib_a-memset.o)
                              ./src/main.o (memset)
/usr/lib/gcc/arm-none-eabi/4.9.3/../../../arm-none-eabi/lib/armv7e-m/libg_nano.a(lib_a-nano-freer.o)
                              /usr/lib/gcc/arm-none-eabi/4.9.3/../../../arm-none-eabi/lib/armv7e-m/libg_nano.a(lib_a-malloc.o) (_free_r)
/usr/lib/gcc/arm-none-eabi/4.9.3/../../../arm-none-eabi/lib/armv7e-m/libg_nano.a(lib_a-nano-mallocr.o)
                              /usr/lib/gcc/arm-none-eabi/4.9.3/../../../arm-none-eabi/lib/armv7e-m/libg_nano.a(lib_a-malloc.o) (_malloc_r)
/usr/lib/gcc/arm-none-eabi/4.9.3/../../../arm-none-eabi/lib/armv7e-m/libg_nano.a(lib_a-printf.o)
                              ./ioLibrary_Driver/Internet/httpServer/httpServer.o (printf)
/usr/lib/gcc/arm-none-eabi/4.9.3/../../../arm-none-eabi/lib/armv7e-m/libg_nano.a(lib_a-sbrkr.o)
                              /usr/lib/gcc/arm-none-eabi/4.9.3/../../../arm-none-eabi/lib/armv7e-m/libg_nano.a(lib_a-nano-mallocr.o) (_sbrk_r)
/usr/lib/gcc/arm-none-eabi/4.9.3/../../../arm-none-eabi/lib/armv7e-m/libg_nano.a(lib_a-snprintf.o)
                              ./ioLibrary_Driver/Internet/MQTT/MQTTPacket/src/MQTTFormat.o (snprintf)
/usr/lib/gcc/arm-none-eabi/4.9.3/../../../arm-none-eabi/lib/armv7e-m/libg_nano.a(lib_a-sprintf.o)
                              ./src/main.o (sprintf)
/usr/lib/gcc/arm-none-eabi/4.9.3/../../../arm-none-eabi/lib/armv7e-m/libg_nano.a(lib_a-sscanf.o)
                              ./ioLibrary_Driver/Internet/SNMP/snmp.o (sscanf)
/usr/lib/gcc/arm-none-eabi/4.9.3/../../../arm-none-eabi/lib/armv7e-m/libg_nano.a(lib_a-stdio.o)
                              /usr/lib/gcc/arm-none-eabi/4.9.3/../../../arm-none-eabi/lib/armv7e-m/libg_nano.a(lib_a-sscanf.o) (__seofread)
/usr/lib/gcc/arm-none-eabi/4.9.3/../../../arm-none-eabi/lib/armv7e-m/libg_nano.a(lib_a-strcat.o)
                              ./ioLibrary_Driver/Internet/httpServer/httpParser.o (strcat)
/usr/lib/gcc/arm-none-eabi/4.9.3/../../../arm-none-eabi/lib/armv7e-m/libg_nano.a(lib_a-strchr.o)
                              ./ioLibrary_Driver/Internet/DNS/dns.o (strchr)
/usr/lib/gcc/arm-none-eabi/4.9.3/../../../arm-none-eabi/lib/armv7e-m/libg_nano.a(lib_a-strcmp.o)
                              ./ioLibrary_Driver/Internet/httpServer/httpParser.o (strcmp)
/usr/lib/gcc/arm-none-eabi/4.9.3/../../../arm-none-eabi/lib/armv7e-m/libg_nano.a(lib_a-strcpy.o)
                              ./src/main.o (strcpy)
[...]
Memory Configuration

Name             Origin             Length             Attributes
RAM              0x0000000020000000 0x000000000000a000 xrw
CCMRAM           0x0000000010000000 0x0000000000002000 xrw
FLASH            0x0000000008000000 0x0000000000040000 xr
FLASHB1          0x0000000000000000 0x0000000000000000 xr
EXTMEMB0         0x0000000000000000 0x0000000000000000 xr
EXTMEMB1         0x0000000000000000 0x0000000000000000 xr
EXTMEMB2         0x0000000000000000 0x0000000000000000 xr
EXTMEMB3         0x0000000000000000 0x0000000000000000 xr
MEMORY_ARRAY     0x0000000020002000 0x0000000000000000 xrw
*default*        0x0000000000000000 0xffffffffffffffff

Linker script and memory map

LOAD ./system/src/stm32f3xx/stm32f3xx_hal.o
LOAD ./system/src/stm32f3xx/stm32f3xx_hal_cortex.o
LOAD ./system/src/stm32f3xx/stm32f3xx_hal_dma.o
LOAD ./system/src/stm32f3xx/stm32f3xx_hal_flash.o
LOAD ./system/src/stm32f3xx/stm32f3xx_hal_flash_ex.o
LOAD ./system/src/stm32f3xx/stm32f3xx_hal_gpio.o
LOAD ./system/src/stm32f3xx/stm32f3xx_hal_i2c.o
LOAD ./system/src/stm32f3xx/stm32f3xx_hal_i2c_ex.o
LOAD ./system/src/stm32f3xx/stm32f3xx_hal_pcd.o
LOAD ./system/src/stm32f3xx/stm32f3xx_hal_pcd_ex.o
LOAD ./system/src/stm32f3xx/stm32f3xx_hal_pwr.o
LOAD ./system/src/stm32f3xx/stm32f3xx_hal_pwr_ex.o
LOAD ./system/src/stm32f3xx/stm32f3xx_hal_rcc.o
LOAD ./system/src/stm32f3xx/stm32f3xx_hal_rcc_ex.o
LOAD ./system/src/stm32f3xx/stm32f3xx_hal_spi.o
LOAD ./system/src/stm32f3xx/stm32f3xx_hal_spi_ex.o
LOAD ./system/src/stm32f3xx/stm32f3xx_hal_tim.o
LOAD ./system/src/stm32f3xx/stm32f3xx_hal_tim_ex.o
LOAD ./system/src/newlib/_cxx.o
LOAD ./system/src/newlib/_exit.o
LOAD ./system/src/newlib/_sbrk.o
LOAD ./system/src/newlib/_startup.o
LOAD ./system/src/newlib/_syscalls.o
LOAD ./system/src/newlib/assert.o
LOAD ./system/src/diag/Trace.o
LOAD ./system/src/diag/trace_impl.o
LOAD ./system/src/cortexm/_initialize_hardware.o
LOAD ./system/src/cortexm/_reset_hardware.o
LOAD ./system/src/cortexm/exception_handlers.o
LOAD ./system/src/cmsis/startup_stm32f303xc.o
LOAD ./system/src/cmsis/system_stm32f3xx.o
LOAD ./src/main.o
LOAD ./src/stm32f3xx_hal_msp.o
LOAD ./src/stm32f3xx_it.o
LOAD ./ioLibrary_Driver/Internet/httpServer/httpParser.o
LOAD ./ioLibrary_Driver/Internet/httpServer/httpServer.o
LOAD ./ioLibrary_Driver/Internet/httpServer/httpUtil.o
LOAD ./ioLibrary_Driver/Internet/TFTP/netutil.o
LOAD ./ioLibrary_Driver/Internet/TFTP/tftp.o
LOAD ./ioLibrary_Driver/Internet/SNTP/sntp.o
LOAD ./ioLibrary_Driver/Internet/SNMP/snmp.o
LOAD ./ioLibrary_Driver/Internet/SNMP/snmp_custom.o
LOAD ./ioLibrary_Driver/Internet/MQTT/MQTTPacket/src/MQTTConnectClient.o
LOAD ./ioLibrary_Driver/Internet/MQTT/MQTTPacket/src/MQTTConnectServer.o
LOAD ./ioLibrary_Driver/Internet/MQTT/MQTTPacket/src/MQTTDeserializePublish.o
LOAD ./ioLibrary_Driver/Internet/MQTT/MQTTPacket/src/MQTTFormat.o
LOAD ./ioLibrary_Driver/Internet/MQTT/MQTTPacket/src/MQTTPacket.o
LOAD ./ioLibrary_Driver/Internet/MQTT/MQTTPacket/src/MQTTSerializePublish.o
LOAD ./ioLibrary_Driver/Internet/MQTT/MQTTPacket/src/MQTTSubscribeClient.o
LOAD ./ioLibrary_Driver/Internet/MQTT/MQTTPacket/src/MQTTSubscribeServer.o
LOAD ./ioLibrary_Driver/Internet/MQTT/MQTTPacket/src/MQTTUnsubscribeClient.o
LOAD ./ioLibrary_Driver/Internet/MQTT/MQTTPacket/src/MQTTUnsubscribeServer.o
LOAD ./ioLibrary_Driver/Internet/MQTT/MQTTClient.o
LOAD ./ioLibrary_Driver/Internet/MQTT/mqtt_interface.o
LOAD ./ioLibrary_Driver/Internet/FTPServer/ftpd.o
LOAD ./ioLibrary_Driver/Internet/FTPClient/ftpc.o
LOAD ./ioLibrary_Driver/Internet/DNS/dns.o
LOAD ./ioLibrary_Driver/Internet/DHCP/dhcp.o
LOAD ./ioLibrary_Driver/Ethernet/W5500/w5500.o
LOAD ./ioLibrary_Driver/Ethernet/W5300/w5300.o
LOAD ./ioLibrary_Driver/Ethernet/W5200/w5200.o
LOAD ./ioLibrary_Driver/Ethernet/W5100S/w5100s.o
LOAD ./ioLibrary_Driver/Ethernet/W5100/w5100.o
LOAD ./ioLibrary_Driver/Ethernet/socket.o
LOAD ./ioLibrary_Driver/Ethernet/wizchip_conf.o
LOAD ./ioLibrary_Driver/Application/loopback/loopback.o
LOAD /usr/lib/gcc/arm-none-eabi/4.9.3/../../../arm-none-eabi/lib/armv7e-m/libstdc++_nano.a
LOAD /usr/lib/gcc/arm-none-eabi/4.9.3/../../../arm-none-eabi/lib/armv7e-m/libm.a
START GROUP
LOAD /usr/lib/gcc/arm-none-eabi/4.9.3/armv7e-m/libgcc.a
LOAD /usr/lib/gcc/arm-none-eabi/4.9.3/../../../arm-none-eabi/lib/armv7e-m/libg_nano.a
LOAD /usr/lib/gcc/arm-none-eabi/4.9.3/../../../arm-none-eabi/lib/armv7e-m/libc_nano.a
END GROUP
START GROUP
LOAD /usr/lib/gcc/arm-none-eabi/4.9.3/armv7e-m/libgcc.a
LOAD /usr/lib/gcc/arm-none-eabi/4.9.3/../../../arm-none-eabi/lib/armv7e-m/libc_nano.a
END GROUP
                0x000000002000a000                __stack = (ORIGIN (RAM) + LENGTH (RAM))
                0x000000002000a000                _estack = __stack
                0x0000000000000400                __Main_Stack_Size = 0x400
                [!provide]                        PROVIDE (_Main_Stack_Size, __Main_Stack_Size)
                0x0000000020009c00                __Main_Stack_Limit = (__stack - __Main_Stack_Size)
                [!provide]                        PROVIDE (_Main_Stack_Limit, __Main_Stack_Limit)
                0x0000000000000100                _Minimum_Stack_Size = 0x100
                0x0000000020000698                PROVIDE (_Heap_Begin, _end_noinit)
                0x0000000020009c00                PROVIDE (_Heap_Limit, (__stack - __Main_Stack_Size))

.isr_vector     0x0000000008000000      0x3e8
 FILL mask 0xff
                0x0000000008000000                __vectors_start = ABSOLUTE (.)
                0x0000000008000000                __vectors_start__ = ABSOLUTE (.)
 *(.isr_vector)
 .isr_vector    0x0000000008000000      0x188 ./system/src/cmsis/startup_stm32f303xc.o
                0x0000000008000000                g_pfnVectors
 *(.cfmconfig)
 *(.after_vectors .after_vectors.*)
 .after_vectors
                0x0000000008000188      0x130 ./system/src/newlib/_startup.o
                0x0000000008000188                _start
 .after_vectors
                0x00000000080002b8      0x130 ./system/src/cortexm/exception_handlers.o
                0x00000000080002b8                Reset_Handler
                0x00000000080002d8                HardFault_Handler_C
                0x0000000008000350                BusFault_Handler_C
                0x0000000008000398                UsageFault_Handler_C

.inits          0x00000000080003e8       0x28
                0x00000000080003e8                __data_regions_array_start = .
                0x00000000080003e8        0x4 LONG 0x800487c LOADADDR (.data)
                0x00000000080003ec        0x4 LONG 0x20000000 ADDR (.data)
                0x00000000080003f0        0x4 LONG 0x200000ac (ADDR (.data) + SIZEOF (.data))
                0x00000000080003f4        0x4 LONG 0x800487c LOADADDR (.data_CCMRAM)
                0x00000000080003f8        0x4 LONG 0x10000000 ADDR (.data_CCMRAM)
                0x00000000080003fc        0x4 LONG 0x10000000 (ADDR (.data_CCMRAM) + SIZEOF (.data_CCMRAM))
                0x0000000008000400                __data_regions_array_end = .
                0x0000000008000400                __bss_regions_array_start = .
                0x0000000008000400        0x4 LONG 0x200000ac ADDR (.bss)
                0x0000000008000404        0x4 LONG 0x20000698 (ADDR (.bss) + SIZEOF (.bss))
                0x0000000008000408        0x4 LONG 0x10000000 ADDR (.bss_CCMRAM)
                0x000000000800040c        0x4 LONG 0x10000000 (ADDR (.bss_CCMRAM) + SIZEOF (.bss_CCMRAM))
                0x0000000008000410                __bss_regions_array_end = .
 *(.init)
 *(.fini)
                0x0000000008000410                . = ALIGN (0x4)
                0x0000000008000410                PROVIDE (__preinit_array_start, .)
 *(.preinit_array_sysinit .preinit_array_sysinit.*)
 *(.preinit_array_platform .preinit_array_platform.*)
 *(.preinit_array .preinit_array.*)
                0x0000000008000410                PROVIDE (__preinit_array_end, .)
                0x0000000008000410                . = ALIGN (0x4)
                0x0000000008000410                PROVIDE (__init_array_start, .)
 *(SORT(.init_array.*))
 *(.init_array)
                0x0000000008000410                PROVIDE (__init_array_end, .)
                0x0000000008000410                . = ALIGN (0x4)
                0x0000000008000410                PROVIDE (__fini_array_start, .)
 *(SORT(.fini_array.*))
 *(.fini_array)
                0x0000000008000410                PROVIDE (__fini_array_end, .)

.flashtext
 *(.flashtext .flashtext.*)

.text           0x0000000008000410     0x446c
 *(.text .text.*)
 .text.HAL_InitTick
                0x0000000008000410       0x4c ./system/src/stm32f3xx/stm32f3xx_hal.o
                0x0000000008000410                HAL_InitTick
 .text.HAL_Init
                0x000000000800045c       0x24 ./system/src/stm32f3xx/stm32f3xx_hal.o
                0x000000000800045c                HAL_Init
 .text.HAL_IncTick
                0x0000000008000480       0x18 ./system/src/stm32f3xx/stm32f3xx_hal.o
                0x0000000008000480                HAL_IncTick
 .text.HAL_GetTick
                0x0000000008000498        0xc ./system/src/stm32f3xx/stm32f3xx_hal.o
                0x0000000008000498                HAL_GetTick
 .text.HAL_Delay
                0x00000000080004a4       0x28 ./system/src/stm32f3xx/stm32f3xx_hal.o
                0x00000000080004a4                HAL_Delay
 .text.HAL_NVIC_SetPriorityGrouping
                0x00000000080004cc       0x3c ./system/src/stm32f3xx/stm32f3xx_hal_cortex.o
                0x00000000080004cc                HAL_NVIC_SetPriorityGrouping
 .text.HAL_NVIC_SetPriority
                0x0000000008000508       0x84 ./system/src/stm32f3xx/stm32f3xx_hal_cortex.o
                0x0000000008000508                HAL_NVIC_SetPriority
 .text.HAL_SYSTICK_Config
                0x000000000800058c       0x2c ./system/src/stm32f3xx/stm32f3xx_hal_cortex.o
                0x000000000800058c                HAL_SYSTICK_Config
 .text.HAL_GPIO_Init
                0x00000000080005b8      0x2c0 ./system/src/stm32f3xx/stm32f3xx_hal_gpio.o
                0x00000000080005b8                HAL_GPIO_Init
 .text.HAL_GPIO_WritePin
                0x0000000008000878       0x30 ./system/src/stm32f3xx/stm32f3xx_hal_gpio.o
                0x0000000008000878                HAL_GPIO_WritePin
 .text.HAL_GPIO_TogglePin
                0x00000000080008a8       0x20 ./system/src/stm32f3xx/stm32f3xx_hal_gpio.o
                0x00000000080008a8                HAL_GPIO_TogglePin
 .text.HAL_I2C_Init
                0x00000000080008c8      0x164 ./system/src/stm32f3xx/stm32f3xx_hal_i2c.o
                0x00000000080008c8                HAL_I2C_Init
 .text.HAL_I2CEx_ConfigAnalogFilter
                0x0000000008000a2c       0x90 ./system/src/stm32f3xx/stm32f3xx_hal_i2c_ex.o
                0x0000000008000a2c                HAL_I2CEx_ConfigAnalogFilter
 .text.HAL_I2CEx_ConfigDigitalFilter
                0x0000000008000abc       0x88 ./system/src/stm32f3xx/stm32f3xx_hal_i2c_ex.o
                0x0000000008000abc                HAL_I2CEx_ConfigDigitalFilter
 .text.HAL_PCD_Init
                0x0000000008000b44       0xc8 ./system/src/stm32f3xx/stm32f3xx_hal_pcd.o
                0x0000000008000b44                HAL_PCD_Init
 .text.HAL_RCC_OscConfig
                0x0000000008000c0c      0x730 ./system/src/stm32f3xx/stm32f3xx_hal_rcc.o
                0x0000000008000c0c                HAL_RCC_OscConfig
 .text.HAL_RCC_GetSysClockFreq
                0x000000000800133c       0x70 ./system/src/stm32f3xx/stm32f3xx_hal_rcc.o
                0x000000000800133c                HAL_RCC_GetSysClockFreq
 .text.HAL_RCC_ClockConfig
                0x00000000080013ac      0x254 ./system/src/stm32f3xx/stm32f3xx_hal_rcc.o
                0x00000000080013ac                HAL_RCC_ClockConfig
 .text.HAL_RCCEx_PeriphCLKConfig
                0x0000000008001600      0x44c ./system/src/stm32f3xx/stm32f3xx_hal_rcc_ex.o
                0x0000000008001600                HAL_RCCEx_PeriphCLKConfig
 .text.SPI_WaitFlagStateUntilTimeout
                0x0000000008001a4c       0x90 ./system/src/stm32f3xx/stm32f3xx_hal_spi.o
 .text.SPI_WaitFifoStateUntilTimeout
                0x0000000008001adc       0x9c ./system/src/stm32f3xx/stm32f3xx_hal_spi.o
 .text.SPI_EndRxTxTransaction
                0x0000000008001b78       0x68 ./system/src/stm32f3xx/stm32f3xx_hal_spi.o
 .text.SPI_EndRxTransaction
                0x0000000008001be0       0x84 ./system/src/stm32f3xx/stm32f3xx_hal_spi.o
 .text.HAL_SPI_Init
                0x0000000008001c64      0x214 ./system/src/stm32f3xx/stm32f3xx_hal_spi.o
                0x0000000008001c64                HAL_SPI_Init
 .text.HAL_SPI_Transmit
                0x0000000008001e78      0x1dc ./system/src/stm32f3xx/stm32f3xx_hal_spi.o
                0x0000000008001e78                HAL_SPI_Transmit
 .text.HAL_SPI_TransmitReceive
                0x0000000008002054      0x2cc ./system/src/stm32f3xx/stm32f3xx_hal_spi.o
                0x0000000008002054                HAL_SPI_TransmitReceive
 .text.HAL_SPI_Receive
                0x0000000008002320      0x18c ./system/src/stm32f3xx/stm32f3xx_hal_spi.o
                0x0000000008002320                HAL_SPI_Receive
 .text._exit    0x00000000080024ac        0x4 ./system/src/newlib/_exit.o
                0x00000000080024ac                _exit
 .text._sbrk    0x00000000080024b0       0x44 ./system/src/newlib/_sbrk.o
                0x00000000080024b0                _sbrk
 .text.__initialize_args
                0x00000000080024f4       0x10 ./system/src/newlib/_syscalls.o
                0x00000000080024f4                __initialize_args
 .text.trace_printf
                0x0000000008002504       0x34 ./system/src/diag/Trace.o
                0x0000000008002504                trace_printf
 .text.trace_puts
                0x0000000008002538       0x20 ./system/src/diag/Trace.o
                0x0000000008002538                trace_puts
 .text._trace_write_semihosting_debug
                0x0000000008002558       0x64 ./system/src/diag/trace_impl.o
 .text.trace_initialize
                0x00000000080025bc        0x4 ./system/src/diag/trace_impl.o
                0x00000000080025bc                trace_initialize
 .text.trace_write
                0x00000000080025c0        0x8 ./system/src/diag/trace_impl.o
                0x00000000080025c0                trace_write
 .text.__initialize_hardware_early
                0x00000000080025c8       0x18 ./system/src/cortexm/_initialize_hardware.o
                0x00000000080025c8                __initialize_hardware_early
 .text.__initialize_hardware
                0x00000000080025e0        0x8 ./system/src/cortexm/_initialize_hardware.o
                0x00000000080025e0                __initialize_hardware
 .text.dumpExceptionStack
                0x00000000080025e8       0xf0 ./system/src/cortexm/exception_handlers.o
                0x00000000080025e8                dumpExceptionStack
 .text.isSemihosting
                0x00000000080026d8       0x20 ./system/src/cortexm/exception_handlers.o
                0x00000000080026d8                isSemihosting
 .text.Default_Handler
                0x00000000080026f8        0x2 ./system/src/cmsis/startup_stm32f303xc.o
                0x00000000080026f8                RTC_Alarm_IRQHandler
                0x00000000080026f8                TIM8_TRG_COM_IRQHandler
                0x00000000080026f8                TIM8_CC_IRQHandler
                0x00000000080026f8                TIM1_CC_IRQHandler
                0x00000000080026f8                USB_HP_IRQHandler
                0x00000000080026f8                PVD_IRQHandler
                0x00000000080026f8                TAMP_STAMP_IRQHandler
                0x00000000080026f8                EXTI3_IRQHandler
                0x00000000080026f8                USB_HP_CAN_TX_IRQHandler
                0x00000000080026f8                EXTI0_IRQHandler
                0x00000000080026f8                I2C2_EV_IRQHandler
                0x00000000080026f8                FPU_IRQHandler
                0x00000000080026f8                TIM1_UP_TIM16_IRQHandler
                0x00000000080026f8                ADC1_2_IRQHandler
                0x00000000080026f8                SPI1_IRQHandler
                0x00000000080026f8                CAN_SCE_IRQHandler
                0x00000000080026f8                TIM6_DAC_IRQHandler
                0x00000000080026f8                TIM8_UP_IRQHandler
                0x00000000080026f8                DMA2_Channel2_IRQHandler
                0x00000000080026f8                DMA1_Channel4_IRQHandler
                0x00000000080026f8                USART3_IRQHandler
                0x00000000080026f8                DMA1_Channel7_IRQHandler
                0x00000000080026f8                UART5_IRQHandler
                0x00000000080026f8                ADC3_IRQHandler
                0x00000000080026f8                TIM4_IRQHandler
                0x00000000080026f8                CAN_RX1_IRQHandler
                0x00000000080026f8                DMA2_Channel1_IRQHandler
                0x00000000080026f8                I2C1_EV_IRQHandler
                0x00000000080026f8                DMA1_Channel6_IRQHandler
                0x00000000080026f8                UART4_IRQHandler
                0x00000000080026f8                DMA2_Channel4_IRQHandler
                0x00000000080026f8                TIM3_IRQHandler
                0x00000000080026f8                RCC_IRQHandler
                0x00000000080026f8                DMA1_Channel1_IRQHandler
                0x00000000080026f8                Default_Handler
                0x00000000080026f8                USBWakeUp_RMP_IRQHandler
                0x00000000080026f8                EXTI15_10_IRQHandler
                0x00000000080026f8                TIM7_IRQHandler
                0x00000000080026f8                EXTI9_5_IRQHandler
                0x00000000080026f8                RTC_WKUP_IRQHandler
                0x00000000080026f8                SPI2_IRQHandler
                0x00000000080026f8                USB_LP_CAN_RX0_IRQHandler
                0x00000000080026f8                DMA2_Channel5_IRQHandler
                0x00000000080026f8                DMA1_Channel5_IRQHandler
                0x00000000080026f8                USB_LP_IRQHandler
                0x00000000080026f8                EXTI4_IRQHandler
                0x00000000080026f8                TIM1_TRG_COM_TIM17_IRQHandler
                0x00000000080026f8                DMA1_Channel3_IRQHandler
                0x00000000080026f8                ADC4_IRQHandler
                0x00000000080026f8                WWDG_IRQHandler
                0x00000000080026f8                TIM2_IRQHandler
                0x00000000080026f8                COMP7_IRQHandler
                0x00000000080026f8                COMP1_2_3_IRQHandler
                0x00000000080026f8                EXTI1_IRQHandler
                0x00000000080026f8                USART2_IRQHandler
                0x00000000080026f8                COMP4_5_6_IRQHandler
                0x00000000080026f8                I2C2_ER_IRQHandler
                0x00000000080026f8                DMA1_Channel2_IRQHandler
                0x00000000080026f8                TIM8_BRK_IRQHandler
                0x00000000080026f8                FLASH_IRQHandler
                0x00000000080026f8                USART1_IRQHandler
                0x00000000080026f8                SPI3_IRQHandler
                0x00000000080026f8                I2C1_ER_IRQHandler
                0x00000000080026f8                USBWakeUp_IRQHandler
                0x00000000080026f8                DMA2_Channel3_IRQHandler
                0x00000000080026f8                EXTI2_TSC_IRQHandler
                0x00000000080026f8                TIM1_BRK_TIM15_IRQHandler
 *fill*         0x00000000080026fa        0x2 
 .text.SystemInit
                0x00000000080026fc       0x5c ./system/src/cmsis/system_stm32f3xx.o
                0x00000000080026fc                SystemInit
 .text.SystemCoreClockUpdate
                0x0000000008002758       0x8c ./system/src/cmsis/system_stm32f3xx.o
                0x0000000008002758                SystemCoreClockUpdate
 .text.cs_sel   0x00000000080027e4       0x14 ./src/main.o
                0x00000000080027e4                cs_sel
 .text.cs_desel
                0x00000000080027f8       0x14 ./src/main.o
                0x00000000080027f8                cs_desel
 .text.spi_rb   0x000000000800280c       0x24 ./src/main.o
                0x000000000800280c                spi_rb
 .text.spi_wb   0x0000000008002830       0x20 ./src/main.o
                0x0000000008002830                spi_wb
 .text.MX_GPIO_Init
                0x0000000008002850       0xc4 ./src/main.o
 .text.MX_I2C1_Init
                0x0000000008002914       0x44 ./src/main.o
 .text.MX_SPI1_Init
                0x0000000008002958       0x44 ./src/main.o
 .text.MX_SPI2_Init
                0x000000000800299c       0x44 ./src/main.o
 .text.MX_USB_PCD_Init
                0x00000000080029e0       0x28 ./src/main.o
 .text.SystemClock_Config
                0x0000000008002a08       0x7c ./src/main.o
                0x0000000008002a08                SystemClock_Config
 .text.main     0x0000000008002a84      0x208 ./src/main.o
                0x0000000008002a84                main
 .text.assert_failed
                0x0000000008002c8c        0x4 ./src/main.o
                0x0000000008002c8c                assert_failed
 .text.HAL_MspInit
                0x0000000008002c90       0x3c ./src/stm32f3xx_hal_msp.o
                0x0000000008002c90                HAL_MspInit
 .text.HAL_I2C_MspInit
                0x0000000008002ccc       0x6c ./src/stm32f3xx_hal_msp.o
                0x0000000008002ccc                HAL_I2C_MspInit
 .text.HAL_SPI_MspInit
                0x0000000008002d38       0xb8 ./src/stm32f3xx_hal_msp.o
                0x0000000008002d38                HAL_SPI_MspInit
 .text.HAL_PCD_MspInit
                0x0000000008002df0       0x68 ./src/stm32f3xx_hal_msp.o
                0x0000000008002df0                HAL_PCD_MspInit
 .text.NMI_Handler
                0x0000000008002e58        0x4 ./src/stm32f3xx_it.o
                0x0000000008002e58                NMI_Handler
 .text.HardFault_Handler
                0x0000000008002e5c        0x4 ./src/stm32f3xx_it.o
                0x0000000008002e5c                HardFault_Handler
 .text.MemManage_Handler
                0x0000000008002e60        0x4 ./src/stm32f3xx_it.o
                0x0000000008002e60                MemManage_Handler
 .text.BusFault_Handler
                0x0000000008002e64        0x4 ./src/stm32f3xx_it.o
                0x0000000008002e64                BusFault_Handler
 .text.UsageFault_Handler
                0x0000000008002e68        0x4 ./src/stm32f3xx_it.o
                0x0000000008002e68                UsageFault_Handler
 .text.SVC_Handler
                0x0000000008002e6c        0x4 ./src/stm32f3xx_it.o
                0x0000000008002e6c                SVC_Handler
 .text.DebugMon_Handler
                0x0000000008002e70        0x4 ./src/stm32f3xx_it.o
                0x0000000008002e70                DebugMon_Handler
 .text.PendSV_Handler
                0x0000000008002e74        0x4 ./src/stm32f3xx_it.o
                0x0000000008002e74                PendSV_Handler
 .text.SysTick_Handler
                0x0000000008002e78        0x8 ./src/stm32f3xx_it.o
                0x0000000008002e78                SysTick_Handler
 .text.WIZCHIP_WRITE
                0x0000000008002e80       0x38 ./ioLibrary_Driver/Ethernet/W5100/w5100.o
                0x0000000008002e80                WIZCHIP_WRITE
 .text.WIZCHIP_READ
                0x0000000008002eb8       0x38 ./ioLibrary_Driver/Ethernet/W5100/w5100.o
                0x0000000008002eb8                WIZCHIP_READ
 .text.WIZCHIP_WRITE_BUF
                0x0000000008002ef0       0x5c ./ioLibrary_Driver/Ethernet/W5100/w5100.o
                0x0000000008002ef0                WIZCHIP_WRITE_BUF
 .text.WIZCHIP_READ_BUF
                0x0000000008002f4c       0x5c ./ioLibrary_Driver/Ethernet/W5100/w5100.o
                0x0000000008002f4c                WIZCHIP_READ_BUF
 .text.getSn_TX_FSR
                0x0000000008002fa8       0x4c ./ioLibrary_Driver/Ethernet/W5100/w5100.o
                0x0000000008002fa8                getSn_TX_FSR
 .text.getSn_RX_RSR
                0x0000000008002ff4       0x4c ./ioLibrary_Driver/Ethernet/W5100/w5100.o
                0x0000000008002ff4                getSn_RX_RSR
 .text.getSn_RxBASE
                0x0000000008003040       0x34 ./ioLibrary_Driver/Ethernet/W5100/w5100.o
                0x0000000008003040                getSn_RxBASE
 .text.getSn_TxBASE
                0x0000000008003074       0x34 ./ioLibrary_Driver/Ethernet/W5100/w5100.o
                0x0000000008003074                getSn_TxBASE
 .text.wiz_send_data
                0x00000000080030a8       0xe4 ./ioLibrary_Driver/Ethernet/W5100/w5100.o
                0x00000000080030a8                wiz_send_data
 .text.wiz_recv_data
                0x000000000800318c       0xe8 ./ioLibrary_Driver/Ethernet/W5100/w5100.o
                0x000000000800318c                wiz_recv_data
 .text.wiz_close
                0x0000000008003274       0x74 ./ioLibrary_Driver/Ethernet/socket.o
                0x0000000008003274                wiz_close
 .text.socket   0x00000000080032e8      0x124 ./ioLibrary_Driver/Ethernet/socket.o
                0x00000000080032e8                socket
 .text.listen   0x000000000800340c       0x64 ./ioLibrary_Driver/Ethernet/socket.o
                0x000000000800340c                listen
 .text.disconnect
                0x0000000008003470       0x88 ./ioLibrary_Driver/Ethernet/socket.o
                0x0000000008003470                disconnect
 .text.send     0x00000000080034f8      0x148 ./ioLibrary_Driver/Ethernet/socket.o
                0x00000000080034f8                send
 .text.recv     0x0000000008003640      0x100 ./ioLibrary_Driver/Ethernet/socket.o
                0x0000000008003640                recv
 .text.getsockopt
                0x0000000008003740      0x11c ./ioLibrary_Driver/Ethernet/socket.o
                0x0000000008003740                getsockopt
 .text.wizchip_cris_enter
                0x000000000800385c        0x4 ./ioLibrary_Driver/Ethernet/wizchip_conf.o
                0x000000000800385c                wizchip_cris_enter
 .text.wizchip_cris_exit
                0x0000000008003860        0x4 ./ioLibrary_Driver/Ethernet/wizchip_conf.o
                0x0000000008003860                wizchip_cris_exit
 .text.wizchip_cs_select
                0x0000000008003864        0x4 ./ioLibrary_Driver/Ethernet/wizchip_conf.o
                0x0000000008003864                wizchip_cs_select
 .text.wizchip_cs_deselect
                0x0000000008003868        0x4 ./ioLibrary_Driver/Ethernet/wizchip_conf.o
                0x0000000008003868                wizchip_cs_deselect
 .text.wizchip_bus_readdata
                0x000000000800386c        0x4 ./ioLibrary_Driver/Ethernet/wizchip_conf.o
                0x000000000800386c                wizchip_bus_readdata
 .text.wizchip_bus_writedata
                0x0000000008003870        0x4 ./ioLibrary_Driver/Ethernet/wizchip_conf.o
                0x0000000008003870                wizchip_bus_writedata
 .text.wizchip_spi_readbyte
                0x0000000008003874        0x4 ./ioLibrary_Driver/Ethernet/wizchip_conf.o
                0x0000000008003874                wizchip_spi_readbyte
 .text.wizchip_spi_writebyte
                0x0000000008003878        0x4 ./ioLibrary_Driver/Ethernet/wizchip_conf.o
                0x0000000008003878                wizchip_spi_writebyte
 .text.reg_wizchip_cs_cbfunc
                0x000000000800387c       0x24 ./ioLibrary_Driver/Ethernet/wizchip_conf.o
                0x000000000800387c                reg_wizchip_cs_cbfunc
 .text.reg_wizchip_spi_cbfunc
                0x00000000080038a0       0x34 ./ioLibrary_Driver/Ethernet/wizchip_conf.o
                0x00000000080038a0                reg_wizchip_spi_cbfunc
 .text.wizchip_sw_reset
                0x00000000080038d4       0x68 ./ioLibrary_Driver/Ethernet/wizchip_conf.o
                0x00000000080038d4                wizchip_sw_reset
 .text.wizchip_init
                0x000000000800393c       0xf0 ./ioLibrary_Driver/Ethernet/wizchip_conf.o
                0x000000000800393c                wizchip_init
 .text.wizchip_setnetinfo
                0x0000000008003a2c       0x54 ./ioLibrary_Driver/Ethernet/wizchip_conf.o
                0x0000000008003a2c                wizchip_setnetinfo
 .text.wizchip_getnetinfo
                0x0000000008003a80       0x54 ./ioLibrary_Driver/Ethernet/wizchip_conf.o
                0x0000000008003a80                wizchip_getnetinfo
 .text.__errno  0x0000000008003ad4        0xc /usr/lib/gcc/arm-none-eabi/4.9.3/../../../arm-none-eabi/lib/armv7e-m/libg_nano.a(lib_a-errno.o)
                0x0000000008003ad4                __errno
 .text.memcpy   0x0000000008003ae0       0x16 /usr/lib/gcc/arm-none-eabi/4.9.3/../../../arm-none-eabi/lib/armv7e-m/libg_nano.a(lib_a-memcpy.o)
                0x0000000008003ae0                memcpy
 .text.memset   0x0000000008003af6       0x10 /usr/lib/gcc/arm-none-eabi/4.9.3/../../../arm-none-eabi/lib/armv7e-m/libg_nano.a(lib_a-memset.o)
                0x0000000008003af6                memset
 *fill*         0x0000000008003b06        0x2 
 .text._free_r  0x0000000008003b08       0x88 /usr/lib/gcc/arm-none-eabi/4.9.3/../../../arm-none-eabi/lib/armv7e-m/libg_nano.a(lib_a-nano-freer.o)
                0x0000000008003b08                _free_r
 .text._malloc_r
                0x0000000008003b90       0xac /usr/lib/gcc/arm-none-eabi/4.9.3/../../../arm-none-eabi/lib/armv7e-m/libg_nano.a(lib_a-nano-mallocr.o)
                0x0000000008003b90                _malloc_r
 .text._sbrk_r  0x0000000008003c3c       0x20 /usr/lib/gcc/arm-none-eabi/4.9.3/../../../arm-none-eabi/lib/armv7e-m/libg_nano.a(lib_a-sbrkr.o)
                0x0000000008003c3c                _sbrk_r
 .text.sprintf  0x0000000008003c5c       0x48 /usr/lib/gcc/arm-none-eabi/4.9.3/../../../arm-none-eabi/lib/armv7e-m/libg_nano.a(lib_a-sprintf.o)
                0x0000000008003c5c                sprintf
                0x0000000008003c5c                siprintf
 .text.strcpy   0x0000000008003ca4       0x10 /usr/lib/gcc/arm-none-eabi/4.9.3/../../../arm-none-eabi/lib/armv7e-m/libg_nano.a(lib_a-strcpy.o)
                0x0000000008003ca4                strcpy
 .text.strlen   0x0000000008003cb4       0x10 /usr/lib/gcc/arm-none-eabi/4.9.3/../../../arm-none-eabi/lib/armv7e-m/libg_nano.a(lib_a-strlen.o)
                0x0000000008003cb4                strlen
 .text.strncmp  0x0000000008003cc4       0x34 /usr/lib/gcc/arm-none-eabi/4.9.3/../../../arm-none-eabi/lib/armv7e-m/libg_nano.a(lib_a-strncmp.o)
                0x0000000008003cc4                strncmp
 .text._vsnprintf_r
                0x0000000008003cf8       0x52 /usr/lib/gcc/arm-none-eabi/4.9.3/../../../arm-none-eabi/lib/armv7e-m/libg_nano.a(lib_a-vsnprintf.o)
                0x0000000008003cf8                _vsnprintf_r
                0x0000000008003cf8                _vsniprintf_r
 *fill*         0x0000000008003d4a        0x2 
 .text.vsnprintf
                0x0000000008003d4c       0x20 /usr/lib/gcc/arm-none-eabi/4.9.3/../../../arm-none-eabi/lib/armv7e-m/libg_nano.a(lib_a-vsnprintf.o)
                0x0000000008003d4c                vsnprintf
                0x0000000008003d4c                vsniprintf
 .text.__ssputs_r
                0x0000000008003d6c       0xb2 /usr/lib/gcc/arm-none-eabi/4.9.3/../../../arm-none-eabi/lib/armv7e-m/libg_nano.a(lib_a-nano-svfprintf.o)
                0x0000000008003d6c                __ssputs_r
 *fill*         0x0000000008003e1e        0x2 
 .text._svfprintf_r
                0x0000000008003e20      0x1e4 /usr/lib/gcc/arm-none-eabi/4.9.3/../../../arm-none-eabi/lib/armv7e-m/libg_nano.a(lib_a-nano-svfprintf.o)
                0x0000000008003e20                _svfprintf_r
                0x0000000008003e20                _svfiprintf_r
 .text._printf_common
                0x0000000008004004       0xea /usr/lib/gcc/arm-none-eabi/4.9.3/../../../arm-none-eabi/lib/armv7e-m/libg_nano.a(lib_a-nano-vfprintf_i.o)
                0x0000000008004004                _printf_common
 *fill*         0x00000000080040ee        0x2 
 .text._printf_i
                0x00000000080040f0      0x240 /usr/lib/gcc/arm-none-eabi/4.9.3/../../../arm-none-eabi/lib/armv7e-m/libg_nano.a(lib_a-nano-vfprintf_i.o)
                0x00000000080040f0                _printf_i
 .text.memchr   0x0000000008004330       0x1e /usr/lib/gcc/arm-none-eabi/4.9.3/../../../arm-none-eabi/lib/armv7e-m/libg_nano.a(lib_a-memchr.o)
                0x0000000008004330                memchr
 .text.memmove  0x000000000800434e       0x36 /usr/lib/gcc/arm-none-eabi/4.9.3/../../../arm-none-eabi/lib/armv7e-m/libg_nano.a(lib_a-memmove.o)
                0x000000000800434e                memmove
 .text._realloc_r
                0x0000000008004384       0x4c /usr/lib/gcc/arm-none-eabi/4.9.3/../../../arm-none-eabi/lib/armv7e-m/libg_nano.a(lib_a-nano-reallocr.o)
                0x0000000008004384                _realloc_r
 .text._malloc_usable_size_r
                0x00000000080043d0       0x14 /usr/lib/gcc/arm-none-eabi/4.9.3/../../../arm-none-eabi/lib/armv7e-m/libg_nano.a(lib_a-nano-msizer.o)
                0x00000000080043d0                _malloc_usable_size_r
 *(.rodata .rodata.* .constdata .constdata.*)
 .rodata.str1.4
                0x00000000080043e4       0x2f ./system/src/stm32f3xx/stm32f3xx_hal_cortex.o
 *fill*         0x0000000008004413        0x1 
 .rodata.str1.4
                0x0000000008004414       0x2d ./system/src/stm32f3xx/stm32f3xx_hal_gpio.o
 *fill*         0x0000000008004441        0x3 
 .rodata.str1.4
                0x0000000008004444       0x2c ./system/src/stm32f3xx/stm32f3xx_hal_i2c.o
 .rodata.str1.4
                0x0000000008004470       0x2f ./system/src/stm32f3xx/stm32f3xx_hal_i2c_ex.o
 *fill*         0x000000000800449f        0x1 
 .rodata.str1.4
                0x00000000080044a0       0x2c ./system/src/stm32f3xx/stm32f3xx_hal_pcd.o
 .rodata.str1.4
                0x00000000080044cc       0x2c ./system/src/stm32f3xx/stm32f3xx_hal_rcc.o
 .rodata.aPredivFactorTable
                0x00000000080044f8       0x10 ./system/src/stm32f3xx/stm32f3xx_hal_rcc.o
                0x00000000080044f8                aPredivFactorTable
 .rodata.aPLLMULFactorTable
                0x0000000008004508       0x10 ./system/src/stm32f3xx/stm32f3xx_hal_rcc.o
                0x0000000008004508                aPLLMULFactorTable
 .rodata.str1.4
                0x0000000008004518       0x2f ./system/src/stm32f3xx/stm32f3xx_hal_rcc_ex.o
 *fill*         0x0000000008004547        0x1 
 .rodata.str1.4
                0x0000000008004548       0x2c ./system/src/stm32f3xx/stm32f3xx_hal_spi.o
 .rodata.str1.4
                0x0000000008004574       0x29 ./system/src/diag/Trace.o
                                         0x2d (size before relaxing)
 *fill*         0x000000000800459d        0x3 
 .rodata.str1.4
                0x00000000080045a0      0x146 ./system/src/cortexm/exception_handlers.o
 *fill*         0x00000000080046e6        0x2 
 .rodata.AHBPrescTable
                0x00000000080046e8       0x10 ./system/src/cmsis/system_stm32f3xx.o
                0x00000000080046e8                AHBPrescTable
 .rodata        0x00000000080046f8        0x4 ./src/main.o
 .rodata.str1.4
                0x00000000080046fc       0xc0 ./src/main.o
                                         0xc1 (size before relaxing)
 .rodata.str1.1
                0x00000000080047bc        0x2 /usr/lib/gcc/arm-none-eabi/4.9.3/../../../arm-none-eabi/lib/armv7e-m/libg_nano.a(lib_a-impure.o)
 *fill*         0x00000000080047be        0x2 
 .rodata.__sf_fake_stdin
                0x00000000080047c0       0x20 /usr/lib/gcc/arm-none-eabi/4.9.3/../../../arm-none-eabi/lib/armv7e-m/libg_nano.a(lib_a-findfp.o)
                0x00000000080047c0                __sf_fake_stdin
 .rodata.__sf_fake_stdout
                0x00000000080047e0       0x20 /usr/lib/gcc/arm-none-eabi/4.9.3/../../../arm-none-eabi/lib/armv7e-m/libg_nano.a(lib_a-findfp.o)
                0x00000000080047e0                __sf_fake_stdout
 .rodata.__sf_fake_stderr
                0x0000000008004800       0x20 /usr/lib/gcc/arm-none-eabi/4.9.3/../../../arm-none-eabi/lib/armv7e-m/libg_nano.a(lib_a-findfp.o)
                0x0000000008004800                __sf_fake_stderr
 .rodata.str1.1
                0x0000000008004820       0x11 /usr/lib/gcc/arm-none-eabi/4.9.3/../../../arm-none-eabi/lib/armv7e-m/libg_nano.a(lib_a-nano-svfprintf.o)
 .rodata.str1.1
                0x0000000008004831       0x22 /usr/lib/gcc/arm-none-eabi/4.9.3/../../../arm-none-eabi/lib/armv7e-m/libg_nano.a(lib_a-nano-vfprintf_i.o)
 *(vtable)
 *(.eh_frame*)
 *fill*         0x0000000008004853        0x1 
 .eh_frame      0x0000000008004854       0x28 /usr/lib/gcc/arm-none-eabi/4.9.3/../../../arm-none-eabi/lib/armv7e-m/libg_nano.a(lib_a-strcmp.o)
 *(.glue_7)
 .glue_7        0x000000000800487c        0x0 linker stubs
 *(.glue_7t)
 .glue_7t       0x000000000800487c        0x0 linker stubs

.vfp11_veneer   0x000000000800487c        0x0
 .vfp11_veneer  0x000000000800487c        0x0 linker stubs

.v4_bx          0x000000000800487c        0x0
 .v4_bx         0x000000000800487c        0x0 linker stubs

.iplt           0x000000000800487c        0x0
 .iplt          0x000000000800487c        0x0 ./system/src/stm32f3xx/stm32f3xx_hal.o

.rel.dyn        0x000000000800487c        0x0
 .rel.iplt      0x000000000800487c        0x0 ./system/src/stm32f3xx/stm32f3xx_hal.o

.ARM.extab
 *(.ARM.extab* .gnu.linkonce.armextab.*)
                0x000000000800487c                . = ALIGN (0x4)
                0x000000000800487c                __exidx_start = .

.ARM.exidx
 *(.ARM.exidx* .gnu.linkonce.armexidx.*)
                0x000000000800487c                __exidx_end = .
                0x000000000800487c                . = ALIGN (0x4)
                0x000000000800487c                _etext = .
                0x000000000800487c                __etext = .

.data_CCMRAM    0x0000000010000000        0x0 load address 0x000000000800487c
 FILL mask 0xff
 *(.data.CCMRAM .data.CCMRAM.*)
                0x0000000010000000                . = ALIGN (0x4)
                0x000000000800487c                _sidata = LOADADDR (.data)

.data           0x0000000020000000       0xac load address 0x000000000800487c
 FILL mask 0xff
                0x0000000020000000                _sdata = .
                0x0000000020000000                __data_start__ = .
 *(.data_begin .data_begin.*)
 .data_begin    0x0000000020000000        0x4 ./system/src/newlib/_startup.o
 *(.data .data.*)
 .data.uwTickPrio
                0x0000000020000004        0x4 ./system/src/stm32f3xx/stm32f3xx_hal.o
                0x0000000020000004                uwTickPrio
 .data.uwTickFreq
                0x0000000020000008        0x1 ./system/src/stm32f3xx/stm32f3xx_hal.o
                0x0000000020000008                uwTickFreq
 *fill*         0x0000000020000009        0x3 ff
 .data.argv.4161
                0x000000002000000c        0x8 ./system/src/newlib/_syscalls.o
 .data.SystemCoreClock
                0x0000000020000014        0x4 ./system/src/cmsis/system_stm32f3xx.o
                0x0000000020000014                SystemCoreClock
 .data.sock_any_port
                0x0000000020000018        0x2 ./ioLibrary_Driver/Ethernet/socket.o
 *fill*         0x000000002000001a        0x2 ff
 .data.WIZCHIP  0x000000002000001c       0x28 ./ioLibrary_Driver/Ethernet/wizchip_conf.o
                0x000000002000001c                WIZCHIP
 .data.impure_data
                0x0000000020000044       0x60 /usr/lib/gcc/arm-none-eabi/4.9.3/../../../arm-none-eabi/lib/armv7e-m/libg_nano.a(lib_a-impure.o)
 .data._impure_ptr
                0x00000000200000a4        0x4 /usr/lib/gcc/arm-none-eabi/4.9.3/../../../arm-none-eabi/lib/armv7e-m/libg_nano.a(lib_a-impure.o)
                0x00000000200000a4                _impure_ptr
 *(.data_end .data_end.*)
 .data_end      0x00000000200000a8        0x4 ./system/src/newlib/_startup.o
                0x00000000200000ac                . = ALIGN (0x4)
                0x00000000200000ac                _edata = .
                0x00000000200000ac                __data_end__ = .

.igot.plt       0x00000000200000ac        0x0 load address 0x0000000008004928
 .igot.plt      0x00000000200000ac        0x0 ./system/src/stm32f3xx/stm32f3xx_hal.o

.bss_CCMRAM     0x0000000010000000        0x0
 *(.bss.CCMRAM .bss.CCMRAM.*)

.bss            0x00000000200000ac      0x5ec
                0x00000000200000ac                __bss_start__ = .
                0x00000000200000ac                _sbss = .
 *(.bss_begin .bss_begin.*)
 .bss_begin     0x00000000200000ac        0x4 ./system/src/newlib/_startup.o
 *(.bss .bss.*)
 .bss.current_heap_end.3862
                0x00000000200000b0        0x4 ./system/src/newlib/_sbrk.o
 .bss.name.4160
                0x00000000200000b4        0x1 ./system/src/newlib/_syscalls.o
 *fill*         0x00000000200000b5        0x3 
 .bss.buf.4998  0x00000000200000b8       0x80 ./system/src/diag/Trace.o
 .bss.sock_io_mode
                0x0000000020000138        0x2 ./ioLibrary_Driver/Ethernet/socket.o
 .bss.sock_is_sending
                0x000000002000013a        0x2 ./ioLibrary_Driver/Ethernet/socket.o
 .bss.sock_pack_info
                0x000000002000013c        0x4 ./ioLibrary_Driver/Ethernet/socket.o
                0x000000002000013c                sock_pack_info
 .bss.sock_remained_size
                0x0000000020000140        0x8 ./ioLibrary_Driver/Ethernet/socket.o
 .bss._DHCP_    0x0000000020000148        0x1 ./ioLibrary_Driver/Ethernet/wizchip_conf.o
 *fill*         0x0000000020000149        0x3 
 .bss._DNS_     0x000000002000014c        0x4 ./ioLibrary_Driver/Ethernet/wizchip_conf.o
 .bss.__malloc_sbrk_start
                0x0000000020000150        0x4 /usr/lib/gcc/arm-none-eabi/4.9.3/../../../arm-none-eabi/lib/armv7e-m/libg_nano.a(lib_a-nano-mallocr.o)
                0x0000000020000150                __malloc_sbrk_start
 .bss.__malloc_free_list
                0x0000000020000154        0x4 /usr/lib/gcc/arm-none-eabi/4.9.3/../../../arm-none-eabi/lib/armv7e-m/libg_nano.a(lib_a-nano-mallocr.o)
                0x0000000020000154                __malloc_free_list
 *(COMMON)
 COMMON         0x0000000020000158        0x4 ./system/src/stm32f3xx/stm32f3xx_hal.o
                0x0000000020000158                uwTick
 COMMON         0x000000002000015c        0x4 ./system/src/newlib/_syscalls.o
                0x000000002000015c                errno
 COMMON         0x0000000020000160      0x534 ./src/main.o
                0x0000000020000160                hspi2
                0x00000000200001c4                hi2c1
                0x0000000020000210                msg
                0x000000002000024c                hspi1
                0x00000000200002b0                msg_rcv
                0x00000000200002ec                hpcd_USB_FS
 *(.bss_end .bss_end.*)
 .bss_end       0x0000000020000694        0x4 ./system/src/newlib/_startup.o
                0x0000000020000698                . = ALIGN (0x4)
                0x0000000020000698                __bss_end__ = .
                0x0000000020000698                _ebss = .

.noinit_CCMRAM
 *(.noinit.CCMRAM .noinit.CCMRAM.*)

.noinit         0x0000000020000698        0x0
                0x0000000020000698                _noinit = .
 *(.noinit .noinit.*)
                0x0000000020000698                . = ALIGN (0x4)
                0x0000000020000698                _end_noinit = .
                [!provide]                        PROVIDE (end, _end_noinit)
                [!provide]                        PROVIDE (_end, _end_noinit)
                [!provide]                        PROVIDE (__end, _end_noinit)
                [!provide]                        PROVIDE (__end__, _end_noinit)

._check_stack   0x0000000020000698      0x100
                0x0000000020000798                . = (. + _Minimum_Stack_Size)
 *fill*         0x0000000020000698      0x100 

.b1text
 *(.b1text)
 *(.b1rodata)
 *(.b1rodata.*)

.eb0text
 *(.eb0text)
 *(.eb0rodata)
 *(.eb0rodata.*)

.eb1text
 *(.eb1text)
 *(.eb1rodata)
 *(.eb1rodata.*)

.eb2text
 *(.eb2text)
 *(.eb2rodata)
 *(.eb2rodata.*)

.eb3text
 *(.eb3text)
 *(.eb3rodata)
 *(.eb3rodata.*)

.stab
 *(.stab)

.stabstr
 *(.stabstr)

.stab.excl
 *(.stab.excl)

.stab.exclstr
 *(.stab.exclstr)

.stab.index
 *(.stab.index)

.stab.indexstr
 *(.stab.indexstr)

.comment        0x0000000000000000       0x70
 *(.comment)
 .comment       0x0000000000000000       0x38 ./system/src/stm32f3xx/stm32f3xx_hal.o
                                         0x39 (size before relaxing)
 .comment       0x0000000000000038       0x39 ./system/src/stm32f3xx/stm32f3xx_hal_cortex.o
 .comment       0x0000000000000038       0x39 ./system/src/stm32f3xx/stm32f3xx_hal_gpio.o
 .comment       0x0000000000000038       0x39 ./system/src/stm32f3xx/stm32f3xx_hal_i2c.o
 .comment       0x0000000000000038       0x39 ./system/src/stm32f3xx/stm32f3xx_hal_i2c_ex.o
 .comment       0x0000000000000038       0x39 ./system/src/stm32f3xx/stm32f3xx_hal_pcd.o
 .comment       0x0000000000000038       0x39 ./system/src/stm32f3xx/stm32f3xx_hal_rcc.o
 .comment       0x0000000000000038       0x39 ./system/src/stm32f3xx/stm32f3xx_hal_rcc_ex.o
 .comment       0x0000000000000038       0x39 ./system/src/stm32f3xx/stm32f3xx_hal_spi.o
 .comment       0x0000000000000038       0x39 ./system/src/newlib/_exit.o
 .comment       0x0000000000000038       0x39 ./system/src/newlib/_sbrk.o
 .comment       0x0000000000000038       0x39 ./system/src/newlib/_startup.o
 .comment       0x0000000000000038       0x39 ./system/src/newlib/_syscalls.o
 .comment       0x0000000000000038       0x39 ./system/src/diag/Trace.o
 .comment       0x0000000000000038       0x39 ./system/src/diag/trace_impl.o
 .comment       0x0000000000000038       0x39 ./system/src/cortexm/_initialize_hardware.o
 .comment       0x0000000000000038       0x39 ./system/src/cortexm/exception_handlers.o
 .comment       0x0000000000000038       0x39 ./system/src/cmsis/system_stm32f3xx.o
 .comment       0x0000000000000038       0x39 ./src/main.o
 .comment       0x0000000000000038       0x39 ./src/stm32f3xx_hal_msp.o
 .comment       0x0000000000000038       0x39 ./src/stm32f3xx_it.o
 .comment       0x0000000000000038       0x39 ./ioLibrary_Driver/Ethernet/W5100/w5100.o
 .comment       0x0000000000000038       0x39 ./ioLibrary_Driver/Ethernet/socket.o
 .comment       0x0000000000000038       0x39 ./ioLibrary_Driver/Ethernet/wizchip_conf.o
 .comment       0x0000000000000038       0x38 /usr/lib/gcc/arm-none-eabi/4.9.3/../../../arm-none-eabi/lib/armv7e-m/libg_nano.a(lib_a-errno.o)
                                         0x39 (size before relaxing)
 .comment       0x0000000000000070       0x39 /usr/lib/gcc/arm-none-eabi/4.9.3/../../../arm-none-eabi/lib/armv7e-m/libg_nano.a(lib_a-impure.o)
 .comment       0x0000000000000070       0x39 /usr/lib/gcc/arm-none-eabi/4.9.3/../../../arm-none-eabi/lib/armv7e-m/libg_nano.a(lib_a-memcpy.o)
 .comment       0x0000000000000070       0x39 /usr/lib/gcc/arm-none-eabi/4.9.3/../../../arm-none-eabi/lib/armv7e-m/libg_nano.a(lib_a-memset.o)
 .comment       0x0000000000000070       0x39 /usr/lib/gcc/arm-none-eabi/4.9.3/../../../arm-none-eabi/lib/armv7e-m/libg_nano.a(lib_a-nano-freer.o)
 .comment       0x0000000000000070       0x39 /usr/lib/gcc/arm-none-eabi/4.9.3/../../../arm-none-eabi/lib/armv7e-m/libg_nano.a(lib_a-nano-mallocr.o)
 .comment       0x0000000000000070       0x39 /usr/lib/gcc/arm-none-eabi/4.9.3/../../../arm-none-eabi/lib/armv7e-m/libg_nano.a(lib_a-sbrkr.o)
 .comment       0x0000000000000070       0x39 /usr/lib/gcc/arm-none-eabi/4.9.3/../../../arm-none-eabi/lib/armv7e-m/libg_nano.a(lib_a-sprintf.o)
 .comment       0x0000000000000070       0x39 /usr/lib/gcc/arm-none-eabi/4.9.3/../../../arm-none-eabi/lib/armv7e-m/libg_nano.a(lib_a-strcpy.o)
 .comment       0x0000000000000070       0x39 /usr/lib/gcc/arm-none-eabi/4.9.3/../../../arm-none-eabi/lib/armv7e-m/libg_nano.a(lib_a-strlen.o)
 .comment       0x0000000000000070       0x39 /usr/lib/gcc/arm-none-eabi/4.9.3/../../../arm-none-eabi/lib/armv7e-m/libg_nano.a(lib_a-strncmp.o)
 .comment       0x0000000000000070       0x39 /usr/lib/gcc/arm-none-eabi/4.9.3/../../../arm-none-eabi/lib/armv7e-m/libg_nano.a(lib_a-vsnprintf.o)
 .comment       0x0000000000000070       0x39 /usr/lib/gcc/arm-none-eabi/4.9.3/../../../arm-none-eabi/lib/armv7e-m/libg_nano.a(lib_a-findfp.o)
 .comment       0x0000000000000070       0x39 /usr/lib/gcc/arm-none-eabi/4.9.3/../../../arm-none-eabi/lib/armv7e-m/libg_nano.a(lib_a-nano-svfprintf.o)
 .comment       0x0000000000000070       0x39 /usr/lib/gcc/arm-none-eabi/4.9.3/../../../arm-none-eabi/lib/armv7e-m/libg_nano.a(lib_a-nano-vfprintf_i.o)
 .comment       0x0000000000000070       0x39 /usr/lib/gcc/arm-none-eabi/4.9.3/../../../arm-none-eabi/lib/armv7e-m/libg_nano.a(lib_a-memchr.o)
 .comment       0x0000000000000070       0x39 /usr/lib/gcc/arm-none-eabi/4.9.3/../../../arm-none-eabi/lib/armv7e-m/libg_nano.a(lib_a-memmove.o)
 .comment       0x0000000000000070       0x39 /usr/lib/gcc/arm-none-eabi/4.9.3/../../../arm-none-eabi/lib/armv7e-m/libg_nano.a(lib_a-nano-reallocr.o)
 .comment       0x0000000000000070       0x39 /usr/lib/gcc/arm-none-eabi/4.9.3/../../../arm-none-eabi/lib/armv7e-m/libg_nano.a(lib_a-nano-msizer.o)

.ARM.attributes
                0x0000000000000000       0x31
 .ARM.attributes
                0x0000000000000000       0x33 ./system/src/stm32f3xx/stm32f3xx_hal.o
 .ARM.attributes
                0x0000000000000033       0x33 ./system/src/stm32f3xx/stm32f3xx_hal_cortex.o
 .ARM.attributes
                0x0000000000000066       0x33 ./system/src/stm32f3xx/stm32f3xx_hal_gpio.o
 .ARM.attributes
                0x0000000000000099       0x33 ./system/src/stm32f3xx/stm32f3xx_hal_i2c.o
 .ARM.attributes
                0x00000000000000cc       0x33 ./system/src/stm32f3xx/stm32f3xx_hal_i2c_ex.o
 .ARM.attributes
                0x00000000000000ff       0x33 ./system/src/stm32f3xx/stm32f3xx_hal_pcd.o
 .ARM.attributes
                0x0000000000000132       0x33 ./system/src/stm32f3xx/stm32f3xx_hal_rcc.o
 .ARM.attributes
                0x0000000000000165       0x33 ./system/src/stm32f3xx/stm32f3xx_hal_rcc_ex.o
 .ARM.attributes
                0x0000000000000198       0x33 ./system/src/stm32f3xx/stm32f3xx_hal_spi.o
 .ARM.attributes
                0x00000000000001cb       0x33 ./system/src/newlib/_exit.o
 .ARM.attributes
                0x00000000000001fe       0x33 ./system/src/newlib/_sbrk.o
 .ARM.attributes
                0x0000000000000231       0x33 ./system/src/newlib/_startup.o
 .ARM.attributes
                0x0000000000000264       0x33 ./system/src/newlib/_syscalls.o
 .ARM.attributes
                0x0000000000000297       0x33 ./system/src/diag/Trace.o
 .ARM.attributes
                0x00000000000002ca       0x33 ./system/src/diag/trace_impl.o
 .ARM.attributes
                0x00000000000002fd       0x33 ./system/src/cortexm/_initialize_hardware.o
 .ARM.attributes
                0x0000000000000330       0x33 ./system/src/cortexm/exception_handlers.o
 .ARM.attributes
                0x0000000000000363       0x21 ./system/src/cmsis/startup_stm32f303xc.o
 .ARM.attributes
                0x0000000000000384       0x33 ./system/src/cmsis/system_stm32f3xx.o
 .ARM.attributes
                0x00000000000003b7       0x33 ./src/main.o
 .ARM.attributes
                0x00000000000003ea       0x33 ./src/stm32f3xx_hal_msp.o
 .ARM.attributes
                0x000000000000041d       0x33 ./src/stm32f3xx_it.o
 .ARM.attributes
                0x0000000000000450       0x33 ./ioLibrary_Driver/Ethernet/W5100/w5100.o
 .ARM.attributes
                0x0000000000000483       0x33 ./ioLibrary_Driver/Ethernet/socket.o
 .ARM.attributes
                0x00000000000004b6       0x33 ./ioLibrary_Driver/Ethernet/wizchip_conf.o
 .ARM.attributes
                0x00000000000004e9       0x2e /usr/lib/gcc/arm-none-eabi/4.9.3/../../../arm-none-eabi/lib/armv7e-m/libg_nano.a(lib_a-errno.o)
 .ARM.attributes
                0x0000000000000517       0x2e /usr/lib/gcc/arm-none-eabi/4.9.3/../../../arm-none-eabi/lib/armv7e-m/libg_nano.a(lib_a-impure.o)
 .ARM.attributes
                0x0000000000000545       0x2e /usr/lib/gcc/arm-none-eabi/4.9.3/../../../arm-none-eabi/lib/armv7e-m/libg_nano.a(lib_a-memcpy.o)
 .ARM.attributes
                0x0000000000000573       0x2e /usr/lib/gcc/arm-none-eabi/4.9.3/../../../arm-none-eabi/lib/armv7e-m/libg_nano.a(lib_a-memset.o)
 .ARM.attributes
                0x00000000000005a1       0x2e /usr/lib/gcc/arm-none-eabi/4.9.3/../../../arm-none-eabi/lib/armv7e-m/libg_nano.a(lib_a-nano-freer.o)
 .ARM.attributes
                0x00000000000005cf       0x2e /usr/lib/gcc/arm-none-eabi/4.9.3/../../../arm-none-eabi/lib/armv7e-m/libg_nano.a(lib_a-nano-mallocr.o)
 .ARM.attributes
                0x00000000000005fd       0x2e /usr/lib/gcc/arm-none-eabi/4.9.3/../../../arm-none-eabi/lib/armv7e-m/libg_nano.a(lib_a-sbrkr.o)
 .ARM.attributes
                0x000000000000062b       0x2e /usr/lib/gcc/arm-none-eabi/4.9.3/../../../arm-none-eabi/lib/armv7e-m/libg_nano.a(lib_a-sprintf.o)
 .ARM.attributes
                0x0000000000000659       0x1c /usr/lib/gcc/arm-none-eabi/4.9.3/../../../arm-none-eabi/lib/armv7e-m/libg_nano.a(lib_a-strcmp.o)
 .ARM.attributes
                0x0000000000000675       0x2e /usr/lib/gcc/arm-none-eabi/4.9.3/../../../arm-none-eabi/lib/armv7e-m/libg_nano.a(lib_a-strcpy.o)
 .ARM.attributes
                0x00000000000006a3       0x2e /usr/lib/gcc/arm-none-eabi/4.9.3/../../../arm-none-eabi/lib/armv7e-m/libg_nano.a(lib_a-strlen.o)
 .ARM.attributes
                0x00000000000006d1       0x2e /usr/lib/gcc/arm-none-eabi/4.9.3/../../../arm-none-eabi/lib/armv7e-m/libg_nano.a(lib_a-strncmp.o)
 .ARM.attributes
                0x00000000000006ff       0x2e /usr/lib/gcc/arm-none-eabi/4.9.3/../../../arm-none-eabi/lib/armv7e-m/libg_nano.a(lib_a-vsnprintf.o)
 .ARM.attributes
                0x000000000000072d       0x2e /usr/lib/gcc/arm-none-eabi/4.9.3/../../../arm-none-eabi/lib/armv7e-m/libg_nano.a(lib_a-findfp.o)
 .ARM.attributes
                0x000000000000075b       0x2e /usr/lib/gcc/arm-none-eabi/4.9.3/../../../arm-none-eabi/lib/armv7e-m/libg_nano.a(lib_a-nano-svfprintf.o)
 .ARM.attributes
                0x0000000000000789       0x2e /usr/lib/gcc/arm-none-eabi/4.9.3/../../../arm-none-eabi/lib/armv7e-m/libg_nano.a(lib_a-nano-vfprintf_i.o)
 .ARM.attributes
                0x00000000000007b7       0x2e /usr/lib/gcc/arm-none-eabi/4.9.3/../../../arm-none-eabi/lib/armv7e-m/libg_nano.a(lib_a-memchr.o)
 .ARM.attributes
                0x00000000000007e5       0x2e /usr/lib/gcc/arm-none-eabi/4.9.3/../../../arm-none-eabi/lib/armv7e-m/libg_nano.a(lib_a-memmove.o)
 .ARM.attributes
                0x0000000000000813       0x2e /usr/lib/gcc/arm-none-eabi/4.9.3/../../../arm-none-eabi/lib/armv7e-m/libg_nano.a(lib_a-nano-reallocr.o)
 .ARM.attributes
                0x0000000000000841       0x2e /usr/lib/gcc/arm-none-eabi/4.9.3/../../../arm-none-eabi/lib/armv7e-m/libg_nano.a(lib_a-nano-msizer.o)

.debug
 *(.debug)

.line
 *(.line)

.debug_srcinfo
 *(.debug_srcinfo)

.debug_sfnames
 *(.debug_sfnames)

.debug_aranges  0x0000000000000000     0x1090
 *(.debug_aranges)
 .debug_aranges
                0x0000000000000000       0xe0 ./system/src/stm32f3xx/stm32f3xx_hal.o
 .debug_aranges
                0x00000000000000e0       0xa8 ./system/src/stm32f3xx/stm32f3xx_hal_cortex.o
 .debug_aranges
                0x0000000000000188       0x58 ./system/src/stm32f3xx/stm32f3xx_hal_gpio.o
 .debug_aranges
                0x00000000000001e0      0x260 ./system/src/stm32f3xx/stm32f3xx_hal_i2c.o
 .debug_aranges
                0x0000000000000440       0x48 ./system/src/stm32f3xx/stm32f3xx_hal_i2c_ex.o
 .debug_aranges
                0x0000000000000488      0x120 ./system/src/stm32f3xx/stm32f3xx_hal_pcd.o
 .debug_aranges
                0x00000000000005a8       0x88 ./system/src/stm32f3xx/stm32f3xx_hal_rcc.o
 .debug_aranges
                0x0000000000000630       0x38 ./system/src/stm32f3xx/stm32f3xx_hal_rcc_ex.o
 .debug_aranges
                0x0000000000000668      0x1d8 ./system/src/stm32f3xx/stm32f3xx_hal_spi.o
 .debug_aranges
                0x0000000000000840       0x28 ./system/src/newlib/_exit.o
 .debug_aranges
                0x0000000000000868       0x20 ./system/src/newlib/_sbrk.o
 .debug_aranges
                0x0000000000000888       0x40 ./system/src/newlib/_startup.o
 .debug_aranges
                0x00000000000008c8       0x30 ./system/src/newlib/_syscalls.o
 .debug_aranges
                0x00000000000008f8       0x38 ./system/src/diag/Trace.o
 .debug_aranges
                0x0000000000000930       0x30 ./system/src/diag/trace_impl.o
 .debug_aranges
                0x0000000000000960       0x28 ./system/src/cortexm/_initialize_hardware.o
 .debug_aranges
                0x0000000000000988       0x90 ./system/src/cortexm/exception_handlers.o
 .debug_aranges
                0x0000000000000a18       0x28 ./system/src/cmsis/startup_stm32f303xc.o
 .debug_aranges
                0x0000000000000a40       0x28 ./system/src/cmsis/system_stm32f3xx.o
 .debug_aranges
                0x0000000000000a68       0x80 ./src/main.o
 .debug_aranges
                0x0000000000000ae8       0x50 ./src/stm32f3xx_hal_msp.o
 .debug_aranges
                0x0000000000000b38       0x60 ./src/stm32f3xx_it.o
 .debug_aranges
                0x0000000000000b98       0x70 ./ioLibrary_Driver/Ethernet/W5100/w5100.o
 .debug_aranges
                0x0000000000000c08       0x78 ./ioLibrary_Driver/Ethernet/socket.o
 .debug_aranges
                0x0000000000000c80      0x108 ./ioLibrary_Driver/Ethernet/wizchip_conf.o
 .debug_aranges
                0x0000000000000d88       0x20 /usr/lib/gcc/arm-none-eabi/4.9.3/../../../arm-none-eabi/lib/armv7e-m/libg_nano.a(lib_a-errno.o)
 .debug_aranges
                0x0000000000000da8       0x18 /usr/lib/gcc/arm-none-eabi/4.9.3/../../../arm-none-eabi/lib/armv7e-m/libg_nano.a(lib_a-impure.o)
 .debug_aranges
                0x0000000000000dc0       0x20 /usr/lib/gcc/arm-none-eabi/4.9.3/../../../arm-none-eabi/lib/armv7e-m/libg_nano.a(lib_a-memcpy.o)
 .debug_aranges
                0x0000000000000de0       0x20 /usr/lib/gcc/arm-none-eabi/4.9.3/../../../arm-none-eabi/lib/armv7e-m/libg_nano.a(lib_a-memset.o)
 .debug_aranges
                0x0000000000000e00       0x20 /usr/lib/gcc/arm-none-eabi/4.9.3/../../../arm-none-eabi/lib/armv7e-m/libg_nano.a(lib_a-nano-freer.o)
 .debug_aranges
                0x0000000000000e20       0x20 /usr/lib/gcc/arm-none-eabi/4.9.3/../../../arm-none-eabi/lib/armv7e-m/libg_nano.a(lib_a-nano-mallocr.o)
 .debug_aranges
                0x0000000000000e40       0x20 /usr/lib/gcc/arm-none-eabi/4.9.3/../../../arm-none-eabi/lib/armv7e-m/libg_nano.a(lib_a-sbrkr.o)
 .debug_aranges
                0x0000000000000e60       0x28 /usr/lib/gcc/arm-none-eabi/4.9.3/../../../arm-none-eabi/lib/armv7e-m/libg_nano.a(lib_a-sprintf.o)
 .debug_aranges
                0x0000000000000e88       0x20 /usr/lib/gcc/arm-none-eabi/4.9.3/../../../arm-none-eabi/lib/armv7e-m/libg_nano.a(lib_a-strcmp.o)
 .debug_aranges
                0x0000000000000ea8       0x20 /usr/lib/gcc/arm-none-eabi/4.9.3/../../../arm-none-eabi/lib/armv7e-m/libg_nano.a(lib_a-strcpy.o)
 .debug_aranges
                0x0000000000000ec8       0x20 /usr/lib/gcc/arm-none-eabi/4.9.3/../../../arm-none-eabi/lib/armv7e-m/libg_nano.a(lib_a-strlen.o)
 .debug_aranges
                0x0000000000000ee8       0x20 /usr/lib/gcc/arm-none-eabi/4.9.3/../../../arm-none-eabi/lib/armv7e-m/libg_nano.a(lib_a-strncmp.o)
 .debug_aranges
                0x0000000000000f08       0x28 /usr/lib/gcc/arm-none-eabi/4.9.3/../../../arm-none-eabi/lib/armv7e-m/libg_nano.a(lib_a-vsnprintf.o)
 .debug_aranges
                0x0000000000000f30       0x88 /usr/lib/gcc/arm-none-eabi/4.9.3/../../../arm-none-eabi/lib/armv7e-m/libg_nano.a(lib_a-findfp.o)
 .debug_aranges
                0x0000000000000fb8       0x30 /usr/lib/gcc/arm-none-eabi/4.9.3/../../../arm-none-eabi/lib/armv7e-m/libg_nano.a(lib_a-nano-svfprintf.o)
 .debug_aranges
                0x0000000000000fe8       0x28 /usr/lib/gcc/arm-none-eabi/4.9.3/../../../arm-none-eabi/lib/armv7e-m/libg_nano.a(lib_a-nano-vfprintf_i.o)
 .debug_aranges
                0x0000000000001010       0x20 /usr/lib/gcc/arm-none-eabi/4.9.3/../../../arm-none-eabi/lib/armv7e-m/libg_nano.a(lib_a-memchr.o)
 .debug_aranges
                0x0000000000001030       0x20 /usr/lib/gcc/arm-none-eabi/4.9.3/../../../arm-none-eabi/lib/armv7e-m/libg_nano.a(lib_a-memmove.o)
 .debug_aranges
                0x0000000000001050       0x20 /usr/lib/gcc/arm-none-eabi/4.9.3/../../../arm-none-eabi/lib/armv7e-m/libg_nano.a(lib_a-nano-reallocr.o)
 .debug_aranges
                0x0000000000001070       0x20 /usr/lib/gcc/arm-none-eabi/4.9.3/../../../arm-none-eabi/lib/armv7e-m/libg_nano.a(lib_a-nano-msizer.o)

.debug_pubnames
 *(.debug_pubnames)

.debug_info     0x0000000000000000    0x1a071
 *(.debug_info .gnu.linkonce.wi.*)
 .debug_info    0x0000000000000000      0x86e ./system/src/stm32f3xx/stm32f3xx_hal.o
 .debug_info    0x000000000000086e     0x107f ./system/src/stm32f3xx/stm32f3xx_hal_cortex.o
 .debug_info    0x00000000000018ed      0x830 ./system/src/stm32f3xx/stm32f3xx_hal_gpio.o
 .debug_info    0x000000000000211d     0x3420 ./system/src/stm32f3xx/stm32f3xx_hal_i2c.o
 .debug_info    0x000000000000553d      0x916 ./system/src/stm32f3xx/stm32f3xx_hal_i2c_ex.o
 .debug_info    0x0000000000005e53     0x11e0 ./system/src/stm32f3xx/stm32f3xx_hal_pcd.o
 .debug_info    0x0000000000007033     0x174b ./system/src/stm32f3xx/stm32f3xx_hal_rcc.o
 .debug_info    0x000000000000877e      0x90a ./system/src/stm32f3xx/stm32f3xx_hal_rcc_ex.o
 .debug_info    0x0000000000009088     0x204c ./system/src/stm32f3xx/stm32f3xx_hal_spi.o
 .debug_info    0x000000000000b0d4      0x100 ./system/src/newlib/_exit.o
 .debug_info    0x000000000000b1d4      0x125 ./system/src/newlib/_sbrk.o
 .debug_info    0x000000000000b2f9      0x512 ./system/src/newlib/_startup.o
 .debug_info    0x000000000000b80b      0x1bc ./system/src/newlib/_syscalls.o
 .debug_info    0x000000000000b9c7      0x32b ./system/src/diag/Trace.o
 .debug_info    0x000000000000bcf2      0x305 ./system/src/diag/trace_impl.o
 .debug_info    0x000000000000bff7      0x294 ./system/src/cortexm/_initialize_hardware.o
 .debug_info    0x000000000000c28b      0x8f2 ./system/src/cortexm/exception_handlers.o
 .debug_info    0x000000000000cb7d       0x98 ./system/src/cmsis/startup_stm32f303xc.o
 .debug_info    0x000000000000cc15      0x3bb ./system/src/cmsis/system_stm32f3xx.o
 .debug_info    0x000000000000cfd0     0x1d25 ./src/main.o
 .debug_info    0x000000000000ecf5     0x10e9 ./src/stm32f3xx_hal_msp.o
 .debug_info    0x000000000000fdde      0x150 ./src/stm32f3xx_it.o
 .debug_info    0x000000000000ff2e      0x9fb ./ioLibrary_Driver/Ethernet/W5100/w5100.o
 .debug_info    0x0000000000010929     0x11e1 ./ioLibrary_Driver/Ethernet/socket.o
 .debug_info    0x0000000000011b0a      0xe63 ./ioLibrary_Driver/Ethernet/wizchip_conf.o
 .debug_info    0x000000000001296d      0x735 /usr/lib/gcc/arm-none-eabi/4.9.3/../../../arm-none-eabi/lib/armv7e-m/libg_nano.a(lib_a-errno.o)
 .debug_info    0x00000000000130a2      0x7d3 /usr/lib/gcc/arm-none-eabi/4.9.3/../../../arm-none-eabi/lib/armv7e-m/libg_nano.a(lib_a-impure.o)
 .debug_info    0x0000000000013875      0x104 /usr/lib/gcc/arm-none-eabi/4.9.3/../../../arm-none-eabi/lib/armv7e-m/libg_nano.a(lib_a-memcpy.o)
 .debug_info    0x0000000000013979       0xd3 /usr/lib/gcc/arm-none-eabi/4.9.3/../../../arm-none-eabi/lib/armv7e-m/libg_nano.a(lib_a-memset.o)
 .debug_info    0x0000000000013a4c      0x81a /usr/lib/gcc/arm-none-eabi/4.9.3/../../../arm-none-eabi/lib/armv7e-m/libg_nano.a(lib_a-nano-freer.o)
 .debug_info    0x0000000000014266      0x8fb /usr/lib/gcc/arm-none-eabi/4.9.3/../../../arm-none-eabi/lib/armv7e-m/libg_nano.a(lib_a-nano-mallocr.o)
 .debug_info    0x0000000000014b61      0x7a0 /usr/lib/gcc/arm-none-eabi/4.9.3/../../../arm-none-eabi/lib/armv7e-m/libg_nano.a(lib_a-sbrkr.o)
 .debug_info    0x0000000000015301      0x89a /usr/lib/gcc/arm-none-eabi/4.9.3/../../../arm-none-eabi/lib/armv7e-m/libg_nano.a(lib_a-sprintf.o)
 .debug_info    0x0000000000015b9b       0xd5 /usr/lib/gcc/arm-none-eabi/4.9.3/../../../arm-none-eabi/lib/armv7e-m/libg_nano.a(lib_a-strcmp.o)
 .debug_info    0x0000000000015c70       0xbd /usr/lib/gcc/arm-none-eabi/4.9.3/../../../arm-none-eabi/lib/armv7e-m/libg_nano.a(lib_a-strcpy.o)
 .debug_info    0x0000000000015d2d       0xcd /usr/lib/gcc/arm-none-eabi/4.9.3/../../../arm-none-eabi/lib/armv7e-m/libg_nano.a(lib_a-strlen.o)
 .debug_info    0x0000000000015dfa       0xcf /usr/lib/gcc/arm-none-eabi/4.9.3/../../../arm-none-eabi/lib/armv7e-m/libg_nano.a(lib_a-strncmp.o)
 .debug_info    0x0000000000015ec9      0x897 /usr/lib/gcc/arm-none-eabi/4.9.3/../../../arm-none-eabi/lib/armv7e-m/libg_nano.a(lib_a-vsnprintf.o)
 .debug_info    0x0000000000016760      0xd5a /usr/lib/gcc/arm-none-eabi/4.9.3/../../../arm-none-eabi/lib/armv7e-m/libg_nano.a(lib_a-findfp.o)
 .debug_info    0x00000000000174ba      0xdf4 /usr/lib/gcc/arm-none-eabi/4.9.3/../../../arm-none-eabi/lib/armv7e-m/libg_nano.a(lib_a-nano-svfprintf.o)
 .debug_info    0x00000000000182ae      0xb5b /usr/lib/gcc/arm-none-eabi/4.9.3/../../../arm-none-eabi/lib/armv7e-m/libg_nano.a(lib_a-nano-vfprintf_i.o)
 .debug_info    0x0000000000018e09       0xf8 /usr/lib/gcc/arm-none-eabi/4.9.3/../../../arm-none-eabi/lib/armv7e-m/libg_nano.a(lib_a-memchr.o)
 .debug_info    0x0000000000018f01      0x102 /usr/lib/gcc/arm-none-eabi/4.9.3/../../../arm-none-eabi/lib/armv7e-m/libg_nano.a(lib_a-memmove.o)
 .debug_info    0x0000000000019003      0x8b5 /usr/lib/gcc/arm-none-eabi/4.9.3/../../../arm-none-eabi/lib/armv7e-m/libg_nano.a(lib_a-nano-reallocr.o)
 .debug_info    0x00000000000198b8      0x7b9 /usr/lib/gcc/arm-none-eabi/4.9.3/../../../arm-none-eabi/lib/armv7e-m/libg_nano.a(lib_a-nano-msizer.o)

.debug_abbrev   0x0000000000000000     0x4881
 *(.debug_abbrev)
 .debug_abbrev  0x0000000000000000      0x20a ./system/src/stm32f3xx/stm32f3xx_hal.o
 .debug_abbrev  0x000000000000020a      0x2d1 ./system/src/stm32f3xx/stm32f3xx_hal_cortex.o
 .debug_abbrev  0x00000000000004db      0x209 ./system/src/stm32f3xx/stm32f3xx_hal_gpio.o
 .debug_abbrev  0x00000000000006e4      0x250 ./system/src/stm32f3xx/stm32f3xx_hal_i2c.o
 .debug_abbrev  0x0000000000000934      0x1ba ./system/src/stm32f3xx/stm32f3xx_hal_i2c_ex.o
 .debug_abbrev  0x0000000000000aee      0x2b5 ./system/src/stm32f3xx/stm32f3xx_hal_pcd.o
 .debug_abbrev  0x0000000000000da3      0x2e7 ./system/src/stm32f3xx/stm32f3xx_hal_rcc.o
 .debug_abbrev  0x000000000000108a      0x28b ./system/src/stm32f3xx/stm32f3xx_hal_rcc_ex.o
 .debug_abbrev  0x0000000000001315      0x267 ./system/src/stm32f3xx/stm32f3xx_hal_spi.o
 .debug_abbrev  0x000000000000157c       0xa4 ./system/src/newlib/_exit.o
 .debug_abbrev  0x0000000000001620       0xbb ./system/src/newlib/_sbrk.o
 .debug_abbrev  0x00000000000016db      0x1f3 ./system/src/newlib/_startup.o
 .debug_abbrev  0x00000000000018ce       0xee ./system/src/newlib/_syscalls.o
 .debug_abbrev  0x00000000000019bc      0x178 ./system/src/diag/Trace.o
 .debug_abbrev  0x0000000000001b34      0x1bd ./system/src/diag/trace_impl.o
 .debug_abbrev  0x0000000000001cf1       0xea ./system/src/cortexm/_initialize_hardware.o
 .debug_abbrev  0x0000000000001ddb      0x23e ./system/src/cortexm/exception_handlers.o
 .debug_abbrev  0x0000000000002019       0x12 ./system/src/cmsis/startup_stm32f303xc.o
 .debug_abbrev  0x000000000000202b      0x104 ./system/src/cmsis/system_stm32f3xx.o
 .debug_abbrev  0x000000000000212f      0x35a ./src/main.o
 .debug_abbrev  0x0000000000002489      0x1f6 ./src/stm32f3xx_hal_msp.o
 .debug_abbrev  0x000000000000267f       0xa0 ./src/stm32f3xx_it.o
 .debug_abbrev  0x000000000000271f      0x259 ./ioLibrary_Driver/Ethernet/W5100/w5100.o
 .debug_abbrev  0x0000000000002978      0x1c3 ./ioLibrary_Driver/Ethernet/socket.o
 .debug_abbrev  0x0000000000002b3b      0x323 ./ioLibrary_Driver/Ethernet/wizchip_conf.o
 .debug_abbrev  0x0000000000002e5e      0x134 /usr/lib/gcc/arm-none-eabi/4.9.3/../../../arm-none-eabi/lib/armv7e-m/libg_nano.a(lib_a-errno.o)
 .debug_abbrev  0x0000000000002f92      0x136 /usr/lib/gcc/arm-none-eabi/4.9.3/../../../arm-none-eabi/lib/armv7e-m/libg_nano.a(lib_a-impure.o)
 .debug_abbrev  0x00000000000030c8       0xa4 /usr/lib/gcc/arm-none-eabi/4.9.3/../../../arm-none-eabi/lib/armv7e-m/libg_nano.a(lib_a-memcpy.o)
 .debug_abbrev  0x000000000000316c       0x8e /usr/lib/gcc/arm-none-eabi/4.9.3/../../../arm-none-eabi/lib/armv7e-m/libg_nano.a(lib_a-memset.o)
 .debug_abbrev  0x00000000000031fa      0x1b6 /usr/lib/gcc/arm-none-eabi/4.9.3/../../../arm-none-eabi/lib/armv7e-m/libg_nano.a(lib_a-nano-freer.o)
 .debug_abbrev  0x00000000000033b0      0x250 /usr/lib/gcc/arm-none-eabi/4.9.3/../../../arm-none-eabi/lib/armv7e-m/libg_nano.a(lib_a-nano-mallocr.o)
 .debug_abbrev  0x0000000000003600      0x1a2 /usr/lib/gcc/arm-none-eabi/4.9.3/../../../arm-none-eabi/lib/armv7e-m/libg_nano.a(lib_a-sbrkr.o)
 .debug_abbrev  0x00000000000037a2      0x1bd /usr/lib/gcc/arm-none-eabi/4.9.3/../../../arm-none-eabi/lib/armv7e-m/libg_nano.a(lib_a-sprintf.o)
 .debug_abbrev  0x000000000000395f       0x14 /usr/lib/gcc/arm-none-eabi/4.9.3/../../../arm-none-eabi/lib/armv7e-m/libg_nano.a(lib_a-strcmp.o)
 .debug_abbrev  0x0000000000003973       0x72 /usr/lib/gcc/arm-none-eabi/4.9.3/../../../arm-none-eabi/lib/armv7e-m/libg_nano.a(lib_a-strcpy.o)
 .debug_abbrev  0x00000000000039e5       0x8c /usr/lib/gcc/arm-none-eabi/4.9.3/../../../arm-none-eabi/lib/armv7e-m/libg_nano.a(lib_a-strlen.o)
 .debug_abbrev  0x0000000000003a71       0x70 /usr/lib/gcc/arm-none-eabi/4.9.3/../../../arm-none-eabi/lib/armv7e-m/libg_nano.a(lib_a-strncmp.o)
 .debug_abbrev  0x0000000000003ae1      0x1ba /usr/lib/gcc/arm-none-eabi/4.9.3/../../../arm-none-eabi/lib/armv7e-m/libg_nano.a(lib_a-vsnprintf.o)
 .debug_abbrev  0x0000000000003c9b      0x300 /usr/lib/gcc/arm-none-eabi/4.9.3/../../../arm-none-eabi/lib/armv7e-m/libg_nano.a(lib_a-findfp.o)
 .debug_abbrev  0x0000000000003f9b      0x278 /usr/lib/gcc/arm-none-eabi/4.9.3/../../../arm-none-eabi/lib/armv7e-m/libg_nano.a(lib_a-nano-svfprintf.o)
 .debug_abbrev  0x0000000000004213      0x1fb /usr/lib/gcc/arm-none-eabi/4.9.3/../../../arm-none-eabi/lib/armv7e-m/libg_nano.a(lib_a-nano-vfprintf_i.o)
 .debug_abbrev  0x000000000000440e       0xab /usr/lib/gcc/arm-none-eabi/4.9.3/../../../arm-none-eabi/lib/armv7e-m/libg_nano.a(lib_a-memchr.o)
 .debug_abbrev  0x00000000000044b9       0x9c /usr/lib/gcc/arm-none-eabi/4.9.3/../../../arm-none-eabi/lib/armv7e-m/libg_nano.a(lib_a-memmove.o)
 .debug_abbrev  0x0000000000004555      0x1cb /usr/lib/gcc/arm-none-eabi/4.9.3/../../../arm-none-eabi/lib/armv7e-m/libg_nano.a(lib_a-nano-reallocr.o)
 .debug_abbrev  0x0000000000004720      0x161 /usr/lib/gcc/arm-none-eabi/4.9.3/../../../arm-none-eabi/lib/armv7e-m/libg_nano.a(lib_a-nano-msizer.o)

.debug_line     0x0000000000000000     0xaaec
 *(.debug_line)
 .debug_line    0x0000000000000000      0x661 ./system/src/stm32f3xx/stm32f3xx_hal.o
 .debug_line    0x0000000000000661      0x6f9 ./system/src/stm32f3xx/stm32f3xx_hal_cortex.o
 .debug_line    0x0000000000000d5a      0x6e4 ./system/src/stm32f3xx/stm32f3xx_hal_gpio.o
 .debug_line    0x000000000000143e     0x160c ./system/src/stm32f3xx/stm32f3xx_hal_i2c.o
 .debug_line    0x0000000000002a4a      0x638 ./system/src/stm32f3xx/stm32f3xx_hal_i2c_ex.o
 .debug_line    0x0000000000003082      0x9f6 ./system/src/stm32f3xx/stm32f3xx_hal_pcd.o
 .debug_line    0x0000000000003a78      0xaf6 ./system/src/stm32f3xx/stm32f3xx_hal_rcc.o
 .debug_line    0x000000000000456e      0x872 ./system/src/stm32f3xx/stm32f3xx_hal_rcc_ex.o
 .debug_line    0x0000000000004de0     0x1058 ./system/src/stm32f3xx/stm32f3xx_hal_spi.o
 .debug_line    0x0000000000005e38      0x1ea ./system/src/newlib/_exit.o
 .debug_line    0x0000000000006022      0x197 ./system/src/newlib/_sbrk.o
 .debug_line    0x00000000000061b9      0x267 ./system/src/newlib/_startup.o
 .debug_line    0x0000000000006420      0x276 ./system/src/newlib/_syscalls.o
 .debug_line    0x0000000000006696      0x247 ./system/src/diag/Trace.o
 .debug_line    0x00000000000068dd      0x311 ./system/src/diag/trace_impl.o
 .debug_line    0x0000000000006bee      0x184 ./system/src/cortexm/_initialize_hardware.o
 .debug_line    0x0000000000006d72      0x3ca ./system/src/cortexm/exception_handlers.o
 .debug_line    0x000000000000713c       0x88 ./system/src/cmsis/startup_stm32f303xc.o
 .debug_line    0x00000000000071c4      0x185 ./system/src/cmsis/system_stm32f3xx.o
 .debug_line    0x0000000000007349      0x692 ./src/main.o
 .debug_line    0x00000000000079db      0x522 ./src/stm32f3xx_hal_msp.o
 .debug_line    0x0000000000007efd      0x52e ./src/stm32f3xx_it.o
 .debug_line    0x000000000000842b      0x24f ./ioLibrary_Driver/Ethernet/W5100/w5100.o
 .debug_line    0x000000000000867a      0x4b6 ./ioLibrary_Driver/Ethernet/socket.o
 .debug_line    0x0000000000008b30      0x422 ./ioLibrary_Driver/Ethernet/wizchip_conf.o
 .debug_line    0x0000000000008f52      0x10b /usr/lib/gcc/arm-none-eabi/4.9.3/../../../arm-none-eabi/lib/armv7e-m/libg_nano.a(lib_a-errno.o)
 .debug_line    0x000000000000905d       0xf1 /usr/lib/gcc/arm-none-eabi/4.9.3/../../../arm-none-eabi/lib/armv7e-m/libg_nano.a(lib_a-impure.o)
 .debug_line    0x000000000000914e       0xed /usr/lib/gcc/arm-none-eabi/4.9.3/../../../arm-none-eabi/lib/armv7e-m/libg_nano.a(lib_a-memcpy.o)
 .debug_line    0x000000000000923b       0xee /usr/lib/gcc/arm-none-eabi/4.9.3/../../../arm-none-eabi/lib/armv7e-m/libg_nano.a(lib_a-memset.o)
 .debug_line    0x0000000000009329      0x149 /usr/lib/gcc/arm-none-eabi/4.9.3/../../../arm-none-eabi/lib/armv7e-m/libg_nano.a(lib_a-nano-freer.o)
 .debug_line    0x0000000000009472      0x199 /usr/lib/gcc/arm-none-eabi/4.9.3/../../../arm-none-eabi/lib/armv7e-m/libg_nano.a(lib_a-nano-mallocr.o)
 .debug_line    0x000000000000960b      0x162 /usr/lib/gcc/arm-none-eabi/4.9.3/../../../arm-none-eabi/lib/armv7e-m/libg_nano.a(lib_a-sbrkr.o)
 .debug_line    0x000000000000976d      0x1b0 /usr/lib/gcc/arm-none-eabi/4.9.3/../../../arm-none-eabi/lib/armv7e-m/libg_nano.a(lib_a-sprintf.o)
 .debug_line    0x000000000000991d       0x75 /usr/lib/gcc/arm-none-eabi/4.9.3/../../../arm-none-eabi/lib/armv7e-m/libg_nano.a(lib_a-strcmp.o)
 .debug_line    0x0000000000009992       0xbc /usr/lib/gcc/arm-none-eabi/4.9.3/../../../arm-none-eabi/lib/armv7e-m/libg_nano.a(lib_a-strcpy.o)
 .debug_line    0x0000000000009a4e       0xf5 /usr/lib/gcc/arm-none-eabi/4.9.3/../../../arm-none-eabi/lib/armv7e-m/libg_nano.a(lib_a-strlen.o)
 .debug_line    0x0000000000009b43       0xf9 /usr/lib/gcc/arm-none-eabi/4.9.3/../../../arm-none-eabi/lib/armv7e-m/libg_nano.a(lib_a-strncmp.o)
 .debug_line    0x0000000000009c3c      0x1a1 /usr/lib/gcc/arm-none-eabi/4.9.3/../../../arm-none-eabi/lib/armv7e-m/libg_nano.a(lib_a-vsnprintf.o)
 .debug_line    0x0000000000009ddd      0x2c8 /usr/lib/gcc/arm-none-eabi/4.9.3/../../../arm-none-eabi/lib/armv7e-m/libg_nano.a(lib_a-findfp.o)
 .debug_line    0x000000000000a0a5      0x2d4 /usr/lib/gcc/arm-none-eabi/4.9.3/../../../arm-none-eabi/lib/armv7e-m/libg_nano.a(lib_a-nano-svfprintf.o)
 .debug_line    0x000000000000a379      0x2fd /usr/lib/gcc/arm-none-eabi/4.9.3/../../../arm-none-eabi/lib/armv7e-m/libg_nano.a(lib_a-nano-vfprintf_i.o)
 .debug_line    0x000000000000a676       0xf0 /usr/lib/gcc/arm-none-eabi/4.9.3/../../../arm-none-eabi/lib/armv7e-m/libg_nano.a(lib_a-memchr.o)
 .debug_line    0x000000000000a766       0xfb /usr/lib/gcc/arm-none-eabi/4.9.3/../../../arm-none-eabi/lib/armv7e-m/libg_nano.a(lib_a-memmove.o)
 .debug_line    0x000000000000a861      0x17e /usr/lib/gcc/arm-none-eabi/4.9.3/../../../arm-none-eabi/lib/armv7e-m/libg_nano.a(lib_a-nano-reallocr.o)
 .debug_line    0x000000000000a9df      0x10d /usr/lib/gcc/arm-none-eabi/4.9.3/../../../arm-none-eabi/lib/armv7e-m/libg_nano.a(lib_a-nano-msizer.o)

.debug_frame    0x0000000000000000     0x29d0
 *(.debug_frame)
 .debug_frame   0x0000000000000000      0x1cc ./system/src/stm32f3xx/stm32f3xx_hal.o
 .debug_frame   0x00000000000001cc      0x17c ./system/src/stm32f3xx/stm32f3xx_hal_cortex.o
 .debug_frame   0x0000000000000348       0xfc ./system/src/stm32f3xx/stm32f3xx_hal_gpio.o
 .debug_frame   0x0000000000000444      0x830 ./system/src/stm32f3xx/stm32f3xx_hal_i2c.o
 .debug_frame   0x0000000000000c74       0xb8 ./system/src/stm32f3xx/stm32f3xx_hal_i2c_ex.o
 .debug_frame   0x0000000000000d2c      0x2e8 ./system/src/stm32f3xx/stm32f3xx_hal_pcd.o
 .debug_frame   0x0000000000001014      0x180 ./system/src/stm32f3xx/stm32f3xx_hal_rcc.o
 .debug_frame   0x0000000000001194       0x7c ./system/src/stm32f3xx/stm32f3xx_hal_rcc_ex.o
 .debug_frame   0x0000000000001210      0x5b0 ./system/src/stm32f3xx/stm32f3xx_hal_spi.o
 .debug_frame   0x00000000000017c0       0x38 ./system/src/newlib/_exit.o
 .debug_frame   0x00000000000017f8       0x28 ./system/src/newlib/_sbrk.o
 .debug_frame   0x0000000000001820       0x7c ./system/src/newlib/_startup.o
 .debug_frame   0x000000000000189c       0x50 ./system/src/newlib/_syscalls.o
 .debug_frame   0x00000000000018ec       0x94 ./system/src/diag/Trace.o
 .debug_frame   0x0000000000001980       0x60 ./system/src/diag/trace_impl.o
 .debug_frame   0x00000000000019e0       0x40 ./system/src/cortexm/_initialize_hardware.o
 .debug_frame   0x0000000000001a20      0x158 ./system/src/cortexm/exception_handlers.o
 .debug_frame   0x0000000000001b78       0x30 ./system/src/cmsis/system_stm32f3xx.o
 .debug_frame   0x0000000000001ba8      0x160 ./src/main.o
 .debug_frame   0x0000000000001d08       0xd0 ./src/stm32f3xx_hal_msp.o
 .debug_frame   0x0000000000001dd8       0xa8 ./src/stm32f3xx_it.o
 .debug_frame   0x0000000000001e80      0x180 ./ioLibrary_Driver/Ethernet/W5100/w5100.o
 .debug_frame   0x0000000000002000      0x288 ./ioLibrary_Driver/Ethernet/socket.o
 .debug_frame   0x0000000000002288      0x284 ./ioLibrary_Driver/Ethernet/wizchip_conf.o
 .debug_frame   0x000000000000250c       0x20 /usr/lib/gcc/arm-none-eabi/4.9.3/../../../arm-none-eabi/lib/armv7e-m/libg_nano.a(lib_a-errno.o)
 .debug_frame   0x000000000000252c       0x28 /usr/lib/gcc/arm-none-eabi/4.9.3/../../../arm-none-eabi/lib/armv7e-m/libg_nano.a(lib_a-memcpy.o)
 .debug_frame   0x0000000000002554       0x20 /usr/lib/gcc/arm-none-eabi/4.9.3/../../../arm-none-eabi/lib/armv7e-m/libg_nano.a(lib_a-memset.o)
 .debug_frame   0x0000000000002574       0x2c /usr/lib/gcc/arm-none-eabi/4.9.3/../../../arm-none-eabi/lib/armv7e-m/libg_nano.a(lib_a-nano-freer.o)
 .debug_frame   0x00000000000025a0       0x2c /usr/lib/gcc/arm-none-eabi/4.9.3/../../../arm-none-eabi/lib/armv7e-m/libg_nano.a(lib_a-nano-mallocr.o)
 .debug_frame   0x00000000000025cc       0x2c /usr/lib/gcc/arm-none-eabi/4.9.3/../../../arm-none-eabi/lib/armv7e-m/libg_nano.a(lib_a-sbrkr.o)
 .debug_frame   0x00000000000025f8       0x70 /usr/lib/gcc/arm-none-eabi/4.9.3/../../../arm-none-eabi/lib/armv7e-m/libg_nano.a(lib_a-sprintf.o)
 .debug_frame   0x0000000000002668       0x20 /usr/lib/gcc/arm-none-eabi/4.9.3/../../../arm-none-eabi/lib/armv7e-m/libg_nano.a(lib_a-strcpy.o)
 .debug_frame   0x0000000000002688       0x20 /usr/lib/gcc/arm-none-eabi/4.9.3/../../../arm-none-eabi/lib/armv7e-m/libg_nano.a(lib_a-strlen.o)
 .debug_frame   0x00000000000026a8       0x2c /usr/lib/gcc/arm-none-eabi/4.9.3/../../../arm-none-eabi/lib/armv7e-m/libg_nano.a(lib_a-strncmp.o)
 .debug_frame   0x00000000000026d4       0x50 /usr/lib/gcc/arm-none-eabi/4.9.3/../../../arm-none-eabi/lib/armv7e-m/libg_nano.a(lib_a-vsnprintf.o)
 .debug_frame   0x0000000000002724      0x11c /usr/lib/gcc/arm-none-eabi/4.9.3/../../../arm-none-eabi/lib/armv7e-m/libg_nano.a(lib_a-findfp.o)
 .debug_frame   0x0000000000002840       0x8c /usr/lib/gcc/arm-none-eabi/4.9.3/../../../arm-none-eabi/lib/armv7e-m/libg_nano.a(lib_a-nano-svfprintf.o)
 .debug_frame   0x00000000000028cc       0x58 /usr/lib/gcc/arm-none-eabi/4.9.3/../../../arm-none-eabi/lib/armv7e-m/libg_nano.a(lib_a-nano-vfprintf_i.o)
 .debug_frame   0x0000000000002924       0x28 /usr/lib/gcc/arm-none-eabi/4.9.3/../../../arm-none-eabi/lib/armv7e-m/libg_nano.a(lib_a-memchr.o)
 .debug_frame   0x000000000000294c       0x28 /usr/lib/gcc/arm-none-eabi/4.9.3/../../../arm-none-eabi/lib/armv7e-m/libg_nano.a(lib_a-memmove.o)
 .debug_frame   0x0000000000002974       0x3c /usr/lib/gcc/arm-none-eabi/4.9.3/../../../arm-none-eabi/lib/armv7e-m/libg_nano.a(lib_a-nano-reallocr.o)
 .debug_frame   0x00000000000029b0       0x20 /usr/lib/gcc/arm-none-eabi/4.9.3/../../../arm-none-eabi/lib/armv7e-m/libg_nano.a(lib_a-nano-msizer.o)

.debug_str      0x0000000000000000    0x968a1
 *(.debug_str)
 .debug_str     0x0000000000000000    0x8c3b8 ./system/src/stm32f3xx/stm32f3xx_hal.o
                                      0x8c749 (size before relaxing)
 .debug_str     0x000000000008c3b8      0x3e8 ./system/src/stm32f3xx/stm32f3xx_hal_cortex.o
                                      0x8c78b (size before relaxing)
 .debug_str     0x000000000008c7a0      0x2a2 ./system/src/stm32f3xx/stm32f3xx_hal_gpio.o
                                      0x8c147 (size before relaxing)
 .debug_str     0x000000000008ca42     0x11d7 ./system/src/stm32f3xx/stm32f3xx_hal_i2c.o
                                      0x8d098 (size before relaxing)
 .debug_str     0x000000000008dc19       0xe7 ./system/src/stm32f3xx/stm32f3xx_hal_i2c_ex.o
                                      0x8c412 (size before relaxing)
 .debug_str     0x000000000008dd00      0x600 ./system/src/stm32f3xx/stm32f3xx_hal_pcd.o
                                      0x8c4b9 (size before relaxing)
 .debug_str     0x000000000008e300      0x412 ./system/src/stm32f3xx/stm32f3xx_hal_rcc.o
                                      0x8c385 (size before relaxing)
 .debug_str     0x000000000008e712      0x223 ./system/src/stm32f3xx/stm32f3xx_hal_rcc_ex.o
                                      0x8c16b (size before relaxing)
 .debug_str     0x000000000008e935      0x72c ./system/src/stm32f3xx/stm32f3xx_hal_spi.o
                                      0x8c7c8 (size before relaxing)
 .debug_str     0x000000000008f061     0x1085 ./system/src/newlib/_exit.o
                                       0x5fef (size before relaxing)
 .debug_str     0x00000000000900e6      0x4de ./system/src/newlib/_sbrk.o
                                       0x5400 (size before relaxing)
 .debug_str     0x00000000000905c4      0x2c1 ./system/src/newlib/_startup.o
                                       0x5015 (size before relaxing)
 .debug_str     0x0000000000090885     0x111f ./system/src/newlib/_syscalls.o
                                       0x656e (size before relaxing)
 .debug_str     0x00000000000919a4      0x191 ./system/src/diag/Trace.o
                                       0x6910 (size before relaxing)
 .debug_str     0x0000000000091b35      0x372 ./system/src/diag/trace_impl.o
                                      0x71f15 (size before relaxing)
 .debug_str     0x0000000000091ea7       0x5e ./system/src/cortexm/_initialize_hardware.o
                                      0x6ef52 (size before relaxing)
 .debug_str     0x0000000000091f05      0x19d ./system/src/cortexm/exception_handlers.o
                                      0x72cb3 (size before relaxing)
 .debug_str     0x00000000000920a2       0x50 ./system/src/cmsis/system_stm32f3xx.o
                                      0x6efc1 (size before relaxing)
 .debug_str     0x00000000000920f2     0x3037 ./src/main.o
                                      0x90b51 (size before relaxing)
 .debug_str     0x0000000000095129       0x1b ./src/stm32f3xx_hal_msp.o
                                      0x8cda4 (size before relaxing)
 .debug_str     0x0000000000095144       0x28 ./src/stm32f3xx_it.o
                                      0x8c39b (size before relaxing)
 .debug_str     0x000000000009516c      0x169 ./ioLibrary_Driver/Ethernet/W5100/w5100.o
                                       0x5414 (size before relaxing)
 .debug_str     0x00000000000952d5      0x2f2 ./ioLibrary_Driver/Ethernet/socket.o
                                       0x59bd (size before relaxing)
 .debug_str     0x00000000000955c7      0x4d9 ./ioLibrary_Driver/Ethernet/wizchip_conf.o
                                       0x5bf8 (size before relaxing)
 .debug_str     0x0000000000095aa0      0x41a /usr/lib/gcc/arm-none-eabi/4.9.3/../../../arm-none-eabi/lib/armv7e-m/libg_nano.a(lib_a-errno.o)
                                        0x526 (size before relaxing)
 .debug_str     0x0000000000095eba       0xe2 /usr/lib/gcc/arm-none-eabi/4.9.3/../../../arm-none-eabi/lib/armv7e-m/libg_nano.a(lib_a-impure.o)
                                        0x57d (size before relaxing)
 .debug_str     0x0000000000095f9c       0xb4 /usr/lib/gcc/arm-none-eabi/4.9.3/../../../arm-none-eabi/lib/armv7e-m/libg_nano.a(lib_a-memcpy.o)
                                        0x1e9 (size before relaxing)
 .debug_str     0x0000000000096050       0x2e /usr/lib/gcc/arm-none-eabi/4.9.3/../../../arm-none-eabi/lib/armv7e-m/libg_nano.a(lib_a-memset.o)
                                        0x1d5 (size before relaxing)
 .debug_str     0x000000000009607e      0x103 /usr/lib/gcc/arm-none-eabi/4.9.3/../../../arm-none-eabi/lib/armv7e-m/libg_nano.a(lib_a-nano-freer.o)
                                        0x596 (size before relaxing)
 .debug_str     0x0000000000096181       0x50 /usr/lib/gcc/arm-none-eabi/4.9.3/../../../arm-none-eabi/lib/armv7e-m/libg_nano.a(lib_a-nano-mallocr.o)
                                        0x5cb (size before relaxing)
 .debug_str     0x00000000000961d1       0x2c /usr/lib/gcc/arm-none-eabi/4.9.3/../../../arm-none-eabi/lib/armv7e-m/libg_nano.a(lib_a-sbrkr.o)
                                        0x535 (size before relaxing)
 .debug_str     0x00000000000961fd       0xb0 /usr/lib/gcc/arm-none-eabi/4.9.3/../../../arm-none-eabi/lib/armv7e-m/libg_nano.a(lib_a-sprintf.o)
                                        0x56b (size before relaxing)
 .debug_str     0x00000000000962ad       0xa6 /usr/lib/gcc/arm-none-eabi/4.9.3/../../../arm-none-eabi/lib/armv7e-m/libg_nano.a(lib_a-strcpy.o)
                                        0x1db (size before relaxing)
 .debug_str     0x0000000000096353       0x3e /usr/lib/gcc/arm-none-eabi/4.9.3/../../../arm-none-eabi/lib/armv7e-m/libg_nano.a(lib_a-strlen.o)
                                        0x1ea (size before relaxing)
 .debug_str     0x0000000000096391       0x2f /usr/lib/gcc/arm-none-eabi/4.9.3/../../../arm-none-eabi/lib/armv7e-m/libg_nano.a(lib_a-strncmp.o)
                                        0x1d7 (size before relaxing)
 .debug_str     0x00000000000963c0       0x3d /usr/lib/gcc/arm-none-eabi/4.9.3/../../../arm-none-eabi/lib/armv7e-m/libg_nano.a(lib_a-vsnprintf.o)
                                        0x57d (size before relaxing)
 .debug_str     0x00000000000963fd      0x1a0 /usr/lib/gcc/arm-none-eabi/4.9.3/../../../arm-none-eabi/lib/armv7e-m/libg_nano.a(lib_a-findfp.o)
                                        0x729 (size before relaxing)
 .debug_str     0x000000000009659d      0x1ce /usr/lib/gcc/arm-none-eabi/4.9.3/../../../arm-none-eabi/lib/armv7e-m/libg_nano.a(lib_a-nano-svfprintf.o)
                                        0x6af (size before relaxing)
 .debug_str     0x000000000009676b       0x8e /usr/lib/gcc/arm-none-eabi/4.9.3/../../../arm-none-eabi/lib/armv7e-m/libg_nano.a(lib_a-nano-vfprintf_i.o)
                                        0x64e (size before relaxing)
 .debug_str     0x00000000000967f9       0x3e /usr/lib/gcc/arm-none-eabi/4.9.3/../../../arm-none-eabi/lib/armv7e-m/libg_nano.a(lib_a-memchr.o)
                                        0x1e5 (size before relaxing)
 .debug_str     0x0000000000096837       0x38 /usr/lib/gcc/arm-none-eabi/4.9.3/../../../arm-none-eabi/lib/armv7e-m/libg_nano.a(lib_a-memmove.o)
                                        0x1f0 (size before relaxing)
 .debug_str     0x000000000009686f       0x23 /usr/lib/gcc/arm-none-eabi/4.9.3/../../../arm-none-eabi/lib/armv7e-m/libg_nano.a(lib_a-nano-reallocr.o)
                                        0x59e (size before relaxing)
 .debug_str     0x0000000000096892        0xf /usr/lib/gcc/arm-none-eabi/4.9.3/../../../arm-none-eabi/lib/armv7e-m/libg_nano.a(lib_a-nano-msizer.o)
                                        0x57c (size before relaxing)

.debug_loc      0x0000000000000000     0xb7f3
 *(.debug_loc)
 .debug_loc     0x0000000000000000       0xe0 ./system/src/stm32f3xx/stm32f3xx_hal.o
 .debug_loc     0x00000000000000e0      0x5f0 ./system/src/stm32f3xx/stm32f3xx_hal_cortex.o
 .debug_loc     0x00000000000006d0      0x46f ./system/src/stm32f3xx/stm32f3xx_hal_gpio.o
 .debug_loc     0x0000000000000b3f     0x2e5c ./system/src/stm32f3xx/stm32f3xx_hal_i2c.o
 .debug_loc     0x000000000000399b      0x1c8 ./system/src/stm32f3xx/stm32f3xx_hal_i2c_ex.o
 .debug_loc     0x0000000000003b63      0xcdf ./system/src/stm32f3xx/stm32f3xx_hal_pcd.o
 .debug_loc     0x0000000000004842      0xf8f ./system/src/stm32f3xx/stm32f3xx_hal_rcc.o
 .debug_loc     0x00000000000057d1      0x92d ./system/src/stm32f3xx/stm32f3xx_hal_rcc_ex.o
 .debug_loc     0x00000000000060fe     0x1530 ./system/src/stm32f3xx/stm32f3xx_hal_spi.o
 .debug_loc     0x000000000000762e       0x82 ./system/src/newlib/_sbrk.o
 .debug_loc     0x00000000000076b0      0x36e ./system/src/newlib/_startup.o
 .debug_loc     0x0000000000007a1e       0x63 ./system/src/newlib/_syscalls.o
 .debug_loc     0x0000000000007a81       0xf7 ./system/src/diag/Trace.o
 .debug_loc     0x0000000000007b78      0x17c ./system/src/diag/trace_impl.o
 .debug_loc     0x0000000000007cf4      0x2a8 ./system/src/cortexm/exception_handlers.o
 .debug_loc     0x0000000000007f9c      0x104 ./system/src/cmsis/system_stm32f3xx.o
 .debug_loc     0x00000000000080a0       0xed ./src/main.o
 .debug_loc     0x000000000000818d       0xf8 ./src/stm32f3xx_hal_msp.o
 .debug_loc     0x0000000000008285      0x61a ./ioLibrary_Driver/Ethernet/W5100/w5100.o
 .debug_loc     0x000000000000889f     0x1112 ./ioLibrary_Driver/Ethernet/socket.o
 .debug_loc     0x00000000000099b1      0x6bf ./ioLibrary_Driver/Ethernet/wizchip_conf.o
 .debug_loc     0x000000000000a070       0x87 /usr/lib/gcc/arm-none-eabi/4.9.3/../../../arm-none-eabi/lib/armv7e-m/libg_nano.a(lib_a-memcpy.o)
 .debug_loc     0x000000000000a0f7       0x57 /usr/lib/gcc/arm-none-eabi/4.9.3/../../../arm-none-eabi/lib/armv7e-m/libg_nano.a(lib_a-memset.o)
 .debug_loc     0x000000000000a14e      0x172 /usr/lib/gcc/arm-none-eabi/4.9.3/../../../arm-none-eabi/lib/armv7e-m/libg_nano.a(lib_a-nano-freer.o)
 .debug_loc     0x000000000000a2c0      0x304 /usr/lib/gcc/arm-none-eabi/4.9.3/../../../arm-none-eabi/lib/armv7e-m/libg_nano.a(lib_a-nano-mallocr.o)
 .debug_loc     0x000000000000a5c4       0x4d /usr/lib/gcc/arm-none-eabi/4.9.3/../../../arm-none-eabi/lib/armv7e-m/libg_nano.a(lib_a-sbrkr.o)
 .debug_loc     0x000000000000a611       0x95 /usr/lib/gcc/arm-none-eabi/4.9.3/../../../arm-none-eabi/lib/armv7e-m/libg_nano.a(lib_a-sprintf.o)
 .debug_loc     0x000000000000a6a6       0x21 /usr/lib/gcc/arm-none-eabi/4.9.3/../../../arm-none-eabi/lib/armv7e-m/libg_nano.a(lib_a-strcpy.o)
 .debug_loc     0x000000000000a6c7       0x21 /usr/lib/gcc/arm-none-eabi/4.9.3/../../../arm-none-eabi/lib/armv7e-m/libg_nano.a(lib_a-strlen.o)
 .debug_loc     0x000000000000a6e8       0x8b /usr/lib/gcc/arm-none-eabi/4.9.3/../../../arm-none-eabi/lib/armv7e-m/libg_nano.a(lib_a-strncmp.o)
 .debug_loc     0x000000000000a773      0x16e /usr/lib/gcc/arm-none-eabi/4.9.3/../../../arm-none-eabi/lib/armv7e-m/libg_nano.a(lib_a-vsnprintf.o)
 .debug_loc     0x000000000000a8e1      0x200 /usr/lib/gcc/arm-none-eabi/4.9.3/../../../arm-none-eabi/lib/armv7e-m/libg_nano.a(lib_a-findfp.o)
 .debug_loc     0x000000000000aae1      0x53f /usr/lib/gcc/arm-none-eabi/4.9.3/../../../arm-none-eabi/lib/armv7e-m/libg_nano.a(lib_a-nano-svfprintf.o)
 .debug_loc     0x000000000000b020      0x47b /usr/lib/gcc/arm-none-eabi/4.9.3/../../../arm-none-eabi/lib/armv7e-m/libg_nano.a(lib_a-nano-vfprintf_i.o)
 .debug_loc     0x000000000000b49b       0xaa /usr/lib/gcc/arm-none-eabi/4.9.3/../../../arm-none-eabi/lib/armv7e-m/libg_nano.a(lib_a-memchr.o)
 .debug_loc     0x000000000000b545       0xde /usr/lib/gcc/arm-none-eabi/4.9.3/../../../arm-none-eabi/lib/armv7e-m/libg_nano.a(lib_a-memmove.o)
 .debug_loc     0x000000000000b623      0x11b /usr/lib/gcc/arm-none-eabi/4.9.3/../../../arm-none-eabi/lib/armv7e-m/libg_nano.a(lib_a-nano-reallocr.o)
 .debug_loc     0x000000000000b73e       0xb5 /usr/lib/gcc/arm-none-eabi/4.9.3/../../../arm-none-eabi/lib/armv7e-m/libg_nano.a(lib_a-nano-msizer.o)

.debug_macinfo
 *(.debug_macinfo)

.debug_weaknames
 *(.debug_weaknames)

.debug_funcnames
 *(.debug_funcnames)

.debug_typenames
 *(.debug_typenames)

.debug_varnames
 *(.debug_varnames)
OUTPUT(stm32f3_wiznet5100.elf elf32-littlearm)

.debug_ranges   0x0000000000000000      0xed0
 .debug_ranges  0x0000000000000000       0xd0 ./system/src/stm32f3xx/stm32f3xx_hal.o
 .debug_ranges  0x00000000000000d0       0x98 ./system/src/stm32f3xx/stm32f3xx_hal_cortex.o
 .debug_ranges  0x0000000000000168       0x48 ./system/src/stm32f3xx/stm32f3xx_hal_gpio.o
 .debug_ranges  0x00000000000001b0      0x250 ./system/src/stm32f3xx/stm32f3xx_hal_i2c.o
 .debug_ranges  0x0000000000000400       0x38 ./system/src/stm32f3xx/stm32f3xx_hal_i2c_ex.o
 .debug_ranges  0x0000000000000438      0x110 ./system/src/stm32f3xx/stm32f3xx_hal_pcd.o
 .debug_ranges  0x0000000000000548       0x90 ./system/src/stm32f3xx/stm32f3xx_hal_rcc.o
 .debug_ranges  0x00000000000005d8       0x40 ./system/src/stm32f3xx/stm32f3xx_hal_rcc_ex.o
 .debug_ranges  0x0000000000000618      0x1c8 ./system/src/stm32f3xx/stm32f3xx_hal_spi.o
 .debug_ranges  0x00000000000007e0       0x18 ./system/src/newlib/_exit.o
 .debug_ranges  0x00000000000007f8       0x10 ./system/src/newlib/_sbrk.o
 .debug_ranges  0x0000000000000808       0x30 ./system/src/newlib/_startup.o
 .debug_ranges  0x0000000000000838       0x20 ./system/src/newlib/_syscalls.o