Archive member included to satisfy reference by file (symbol)

/home/hosni/embedded_tools/gcc-arm-none-eabi-5_4-2016q3/bin/../lib/gcc/arm-none-eabi/5.4.1/armv7e-m/libgcc.a(_aeabi_uldivmod.o)
                              ./ioLibrary_Driver/Internet/SNTP/sntp.o (__aeabi_uldivmod)
/home/hosni/embedded_tools/gcc-arm-none-eabi-5_4-2016q3/bin/../lib/gcc/arm-none-eabi/5.4.1/armv7e-m/libgcc.a(_udivmoddi4.o)
                              /home/hosni/embedded_tools/gcc-arm-none-eabi-5_4-2016q3/bin/../lib/gcc/arm-none-eabi/5.4.1/armv7e-m/libgcc.a(_aeabi_uldivmod.o) (__udivmoddi4)
/home/hosni/embedded_tools/gcc-arm-none-eabi-5_4-2016q3/bin/../lib/gcc/arm-none-eabi/5.4.1/armv7e-m/libgcc.a(_dvmd_tls.o)
                              /home/hosni/embedded_tools/gcc-arm-none-eabi-5_4-2016q3/bin/../lib/gcc/arm-none-eabi/5.4.1/armv7e-m/libgcc.a(_aeabi_uldivmod.o) (__aeabi_ldiv0)
/home/hosni/embedded_tools/gcc-arm-none-eabi-5_4-2016q3/bin/../lib/gcc/arm-none-eabi/5.4.1/../../../../arm-none-eabi/lib/armv7e-m/libg_nano.a(lib_a-atoi.o)
                              ./ioLibrary_Driver/Internet/FTPServer/ftpd.o (atoi)
/home/hosni/embedded_tools/gcc-arm-none-eabi-5_4-2016q3/bin/../lib/gcc/arm-none-eabi/5.4.1/../../../../arm-none-eabi/lib/armv7e-m/libg_nano.a(lib_a-errno.o)
                              ./system/src/newlib/_sbrk.o (__errno)
/home/hosni/embedded_tools/gcc-arm-none-eabi-5_4-2016q3/bin/../lib/gcc/arm-none-eabi/5.4.1/../../../../arm-none-eabi/lib/armv7e-m/libg_nano.a(lib_a-impure.o)
                              /home/hosni/embedded_tools/gcc-arm-none-eabi-5_4-2016q3/bin/../lib/gcc/arm-none-eabi/5.4.1/../../../../arm-none-eabi/lib/armv7e-m/libg_nano.a(lib_a-errno.o) (_impure_ptr)
/home/hosni/embedded_tools/gcc-arm-none-eabi-5_4-2016q3/bin/../lib/gcc/arm-none-eabi/5.4.1/../../../../arm-none-eabi/lib/armv7e-m/libg_nano.a(lib_a-init.o)
                              ./system/src/cmsis/startup_stm32f303xc.o (__libc_init_array)
/home/hosni/embedded_tools/gcc-arm-none-eabi-5_4-2016q3/bin/../lib/gcc/arm-none-eabi/5.4.1/../../../../arm-none-eabi/lib/armv7e-m/libg_nano.a(lib_a-locale.o)
                              ./ioLibrary_Driver/Internet/SNMP/snmp.o (__locale_ctype_ptr)
/home/hosni/embedded_tools/gcc-arm-none-eabi-5_4-2016q3/bin/../lib/gcc/arm-none-eabi/5.4.1/../../../../arm-none-eabi/lib/armv7e-m/libg_nano.a(lib_a-malloc.o)
                              ./ioLibrary_Driver/Internet/httpServer/httpServer.o (malloc)
/home/hosni/embedded_tools/gcc-arm-none-eabi-5_4-2016q3/bin/../lib/gcc/arm-none-eabi/5.4.1/../../../../arm-none-eabi/lib/armv7e-m/libg_nano.a(lib_a-mbtowc_r.o)
                              /home/hosni/embedded_tools/gcc-arm-none-eabi-5_4-2016q3/bin/../lib/gcc/arm-none-eabi/5.4.1/../../../../arm-none-eabi/lib/armv7e-m/libg_nano.a(lib_a-locale.o) (__ascii_mbtowc)
/home/hosni/embedded_tools/gcc-arm-none-eabi-5_4-2016q3/bin/../lib/gcc/arm-none-eabi/5.4.1/../../../../arm-none-eabi/lib/armv7e-m/libg_nano.a(lib_a-memcmp.o)
                              ./ioLibrary_Driver/Internet/SNMP/snmp.o (memcmp)
/home/hosni/embedded_tools/gcc-arm-none-eabi-5_4-2016q3/bin/../lib/gcc/arm-none-eabi/5.4.1/../../../../arm-none-eabi/lib/armv7e-m/libg_nano.a(lib_a-memcpy-stub.o)
                              ./ioLibrary_Driver/Internet/httpServer/httpServer.o (memcpy)
/home/hosni/embedded_tools/gcc-arm-none-eabi-5_4-2016q3/bin/../lib/gcc/arm-none-eabi/5.4.1/../../../../arm-none-eabi/lib/armv7e-m/libg_nano.a(lib_a-memset.o)
                              ./src/main.o (memset)
/home/hosni/embedded_tools/gcc-arm-none-eabi-5_4-2016q3/bin/../lib/gcc/arm-none-eabi/5.4.1/../../../../arm-none-eabi/lib/armv7e-m/libg_nano.a(lib_a-nano-freer.o)
                              /home/hosni/embedded_tools/gcc-arm-none-eabi-5_4-2016q3/bin/../lib/gcc/arm-none-eabi/5.4.1/../../../../arm-none-eabi/lib/armv7e-m/libg_nano.a(lib_a-malloc.o) (_free_r)
/home/hosni/embedded_tools/gcc-arm-none-eabi-5_4-2016q3/bin/../lib/gcc/arm-none-eabi/5.4.1/../../../../arm-none-eabi/lib/armv7e-m/libg_nano.a(lib_a-nano-mallocr.o)
                              /home/hosni/embedded_tools/gcc-arm-none-eabi-5_4-2016q3/bin/../lib/gcc/arm-none-eabi/5.4.1/../../../../arm-none-eabi/lib/armv7e-m/libg_nano.a(lib_a-malloc.o) (_malloc_r)
/home/hosni/embedded_tools/gcc-arm-none-eabi-5_4-2016q3/bin/../lib/gcc/arm-none-eabi/5.4.1/../../../../arm-none-eabi/lib/armv7e-m/libg_nano.a(lib_a-printf.o)
                              ./ioLibrary_Driver/Internet/httpServer/httpServer.o (printf)
/home/hosni/embedded_tools/gcc-arm-none-eabi-5_4-2016q3/bin/../lib/gcc/arm-none-eabi/5.4.1/../../../../arm-none-eabi/lib/armv7e-m/libg_nano.a(lib_a-sbrkr.o)
                              /home/hosni/embedded_tools/gcc-arm-none-eabi-5_4-2016q3/bin/../lib/gcc/arm-none-eabi/5.4.1/../../../../arm-none-eabi/lib/armv7e-m/libg_nano.a(lib_a-nano-mallocr.o) (_sbrk_r)
/home/hosni/embedded_tools/gcc-arm-none-eabi-5_4-2016q3/bin/../lib/gcc/arm-none-eabi/5.4.1/../../../../arm-none-eabi/lib/armv7e-m/libg_nano.a(lib_a-snprintf.o)
[...]
Memory Configuration

Name             Origin             Length             Attributes
RAM              0x20000000         0x0000a000         xrw
CCMRAM           0x10000000         0x00002000         xrw
FLASH            0x08000000         0x00040000         xr
FLASHB1          0x00000000         0x00000000         xr
EXTMEMB0         0x00000000         0x00000000         xr
EXTMEMB1         0x00000000         0x00000000         xr
EXTMEMB2         0x00000000         0x00000000         xr
EXTMEMB3         0x00000000         0x00000000         xr
MEMORY_ARRAY     0x20002000         0x00000000         xrw
*default*        0x00000000         0xffffffff

Linker script and memory map

LOAD ./system/src/stm32f3xx/stm32f3xx_hal.o
LOAD ./system/src/stm32f3xx/stm32f3xx_hal_cortex.o
LOAD ./system/src/stm32f3xx/stm32f3xx_hal_dma.o
LOAD ./system/src/stm32f3xx/stm32f3xx_hal_flash.o
LOAD ./system/src/stm32f3xx/stm32f3xx_hal_flash_ex.o
LOAD ./system/src/stm32f3xx/stm32f3xx_hal_gpio.o
LOAD ./system/src/stm32f3xx/stm32f3xx_hal_i2c.o
LOAD ./system/src/stm32f3xx/stm32f3xx_hal_i2c_ex.o
LOAD ./system/src/stm32f3xx/stm32f3xx_hal_pcd.o
LOAD ./system/src/stm32f3xx/stm32f3xx_hal_pcd_ex.o
LOAD ./system/src/stm32f3xx/stm32f3xx_hal_pwr.o
LOAD ./system/src/stm32f3xx/stm32f3xx_hal_pwr_ex.o
LOAD ./system/src/stm32f3xx/stm32f3xx_hal_rcc.o
LOAD ./system/src/stm32f3xx/stm32f3xx_hal_rcc_ex.o
LOAD ./system/src/stm32f3xx/stm32f3xx_hal_spi.o
LOAD ./system/src/stm32f3xx/stm32f3xx_hal_spi_ex.o
LOAD ./system/src/stm32f3xx/stm32f3xx_hal_tim.o
LOAD ./system/src/stm32f3xx/stm32f3xx_hal_tim_ex.o
LOAD ./system/src/stm32f3xx/stm32f3xx_hal_uart.o
LOAD ./system/src/stm32f3xx/stm32f3xx_hal_uart_ex.o
LOAD ./system/src/newlib/_cxx.o
LOAD ./system/src/newlib/_exit.o
LOAD ./system/src/newlib/_sbrk.o
LOAD ./system/src/newlib/_startup.o
LOAD ./system/src/newlib/_syscalls.o
LOAD ./system/src/newlib/assert.o
LOAD ./system/src/diag/Trace.o
LOAD ./system/src/diag/trace_impl.o
LOAD ./system/src/cortexm/_initialize_hardware.o
LOAD ./system/src/cortexm/_reset_hardware.o
LOAD ./system/src/cortexm/exception_handlers.o
LOAD ./system/src/cmsis/startup_stm32f303xc.o
LOAD ./system/src/cmsis/system_stm32f3xx.o
LOAD ./src/main.o
LOAD ./src/stm32f3xx_hal_msp.o
LOAD ./src/stm32f3xx_it.o
LOAD ./ioLibrary_Driver/Internet/httpServer/httpParser.o
LOAD ./ioLibrary_Driver/Internet/httpServer/httpServer.o
LOAD ./ioLibrary_Driver/Internet/httpServer/httpUtil.o
LOAD ./ioLibrary_Driver/Internet/TFTP/netutil.o
LOAD ./ioLibrary_Driver/Internet/TFTP/tftp.o
LOAD ./ioLibrary_Driver/Internet/SNTP/sntp.o
LOAD ./ioLibrary_Driver/Internet/SNMP/snmp.o
LOAD ./ioLibrary_Driver/Internet/SNMP/snmp_custom.o
LOAD ./ioLibrary_Driver/Internet/MQTT/MQTTPacket/src/MQTTConnectClient.o
LOAD ./ioLibrary_Driver/Internet/MQTT/MQTTPacket/src/MQTTConnectServer.o
LOAD ./ioLibrary_Driver/Internet/MQTT/MQTTPacket/src/MQTTDeserializePublish.o
LOAD ./ioLibrary_Driver/Internet/MQTT/MQTTPacket/src/MQTTFormat.o
LOAD ./ioLibrary_Driver/Internet/MQTT/MQTTPacket/src/MQTTPacket.o
LOAD ./ioLibrary_Driver/Internet/MQTT/MQTTPacket/src/MQTTSerializePublish.o
LOAD ./ioLibrary_Driver/Internet/MQTT/MQTTPacket/src/MQTTSubscribeClient.o
LOAD ./ioLibrary_Driver/Internet/MQTT/MQTTPacket/src/MQTTSubscribeServer.o
LOAD ./ioLibrary_Driver/Internet/MQTT/MQTTPacket/src/MQTTUnsubscribeClient.o
LOAD ./ioLibrary_Driver/Internet/MQTT/MQTTPacket/src/MQTTUnsubscribeServer.o
LOAD ./ioLibrary_Driver/Internet/MQTT/MQTTClient.o
LOAD ./ioLibrary_Driver/Internet/MQTT/mqtt_interface.o
LOAD ./ioLibrary_Driver/Internet/FTPServer/ftpd.o
LOAD ./ioLibrary_Driver/Internet/FTPClient/ftpc.o
LOAD ./ioLibrary_Driver/Internet/DNS/dns.o
LOAD ./ioLibrary_Driver/Internet/DHCP/dhcp.o
LOAD ./ioLibrary_Driver/Ethernet/W5500/w5500.o
LOAD ./ioLibrary_Driver/Ethernet/W5300/w5300.o
LOAD ./ioLibrary_Driver/Ethernet/W5200/w5200.o
LOAD ./ioLibrary_Driver/Ethernet/W5100S/w5100s.o
LOAD ./ioLibrary_Driver/Ethernet/W5100/w5100.o
LOAD ./ioLibrary_Driver/Ethernet/socket.o
LOAD ./ioLibrary_Driver/Ethernet/wizchip_conf.o
LOAD ./ioLibrary_Driver/Application/loopback/loopback.o
LOAD /home/hosni/embedded_tools/gcc-arm-none-eabi-5_4-2016q3/bin/../lib/gcc/arm-none-eabi/5.4.1/../../../../arm-none-eabi/lib/armv7e-m/libstdc++_nano.a
LOAD /home/hosni/embedded_tools/gcc-arm-none-eabi-5_4-2016q3/bin/../lib/gcc/arm-none-eabi/5.4.1/../../../../arm-none-eabi/lib/armv7e-m/libm.a
START GROUP
LOAD /home/hosni/embedded_tools/gcc-arm-none-eabi-5_4-2016q3/bin/../lib/gcc/arm-none-eabi/5.4.1/armv7e-m/libgcc.a
LOAD /home/hosni/embedded_tools/gcc-arm-none-eabi-5_4-2016q3/bin/../lib/gcc/arm-none-eabi/5.4.1/../../../../arm-none-eabi/lib/armv7e-m/libg_nano.a
LOAD /home/hosni/embedded_tools/gcc-arm-none-eabi-5_4-2016q3/bin/../lib/gcc/arm-none-eabi/5.4.1/../../../../arm-none-eabi/lib/armv7e-m/libc_nano.a
END GROUP
START GROUP
LOAD /home/hosni/embedded_tools/gcc-arm-none-eabi-5_4-2016q3/bin/../lib/gcc/arm-none-eabi/5.4.1/armv7e-m/libgcc.a
LOAD /home/hosni/embedded_tools/gcc-arm-none-eabi-5_4-2016q3/bin/../lib/gcc/arm-none-eabi/5.4.1/../../../../arm-none-eabi/lib/armv7e-m/libc_nano.a
END GROUP
                0x2000a000                __stack = (ORIGIN (RAM) + LENGTH (RAM))
                0x2000a000                _estack = __stack
                0x00000400                __Main_Stack_Size = 0x400
                [!provide]                PROVIDE (_Main_Stack_Size, __Main_Stack_Size)
                0x20009c00                __Main_Stack_Limit = (__stack - __Main_Stack_Size)
                [!provide]                PROVIDE (_Main_Stack_Limit, __Main_Stack_Limit)
                0x00000100                _Minimum_Stack_Size = 0x100
                0x20000688                PROVIDE (_Heap_Begin, _end_noinit)
                0x20009c00                PROVIDE (_Heap_Limit, (__stack - __Main_Stack_Size))

.isr_vector     0x08000000      0x32c
 FILL mask 0xff
                0x08000000                __vectors_start = ABSOLUTE (.)
                0x08000000                __vectors_start__ = ABSOLUTE (.)
 *(.isr_vector)
 .isr_vector    0x08000000      0x188 ./system/src/cmsis/startup_stm32f303xc.o
                0x08000000                g_pfnVectors
 *(.cfmconfig)
 *(.after_vectors .after_vectors.*)
 .after_vectors
                0x08000188      0x130 ./system/src/newlib/_startup.o
                0x08000188                _start
 .after_vectors
                0x080002b8       0x74 ./system/src/cortexm/exception_handlers.o
                0x080002b8                Reset_Handler
                0x080002d8                HardFault_Handler_C
                0x080002f4                BusFault_Handler_C
                0x0800030c                UsageFault_Handler_C

.inits          0x0800032c       0x28
                0x0800032c                __data_regions_array_start = .
                0x0800032c        0x4 LONG 0x80050c4 LOADADDR (.data)
                0x08000330        0x4 LONG 0x20000000 ADDR (.data)
                0x08000334        0x4 LONG 0x200000ac (ADDR (.data) + SIZEOF (.data))
                0x08000338        0x4 LONG 0x80050c4 LOADADDR (.data_CCMRAM)
                0x0800033c        0x4 LONG 0x10000000 ADDR (.data_CCMRAM)
                0x08000340        0x4 LONG 0x10000000 (ADDR (.data_CCMRAM) + SIZEOF (.data_CCMRAM))
                0x08000344                __data_regions_array_end = .
                0x08000344                __bss_regions_array_start = .
                0x08000344        0x4 LONG 0x200000ac ADDR (.bss)
                0x08000348        0x4 LONG 0x20000688 (ADDR (.bss) + SIZEOF (.bss))
                0x0800034c        0x4 LONG 0x10000000 ADDR (.bss_CCMRAM)
                0x08000350        0x4 LONG 0x10000000 (ADDR (.bss_CCMRAM) + SIZEOF (.bss_CCMRAM))
                0x08000354                __bss_regions_array_end = .
 *(.init)
 *(.fini)
                0x08000354                . = ALIGN (0x4)
                0x08000354                PROVIDE (__preinit_array_start, .)
 *(.preinit_array_sysinit .preinit_array_sysinit.*)
 *(.preinit_array_platform .preinit_array_platform.*)
 *(.preinit_array .preinit_array.*)
                0x08000354                PROVIDE (__preinit_array_end, .)
                0x08000354                . = ALIGN (0x4)
                0x08000354                PROVIDE (__init_array_start, .)
 *(SORT(.init_array.*))
 *(.init_array)
                0x08000354                PROVIDE (__init_array_end, .)
                0x08000354                . = ALIGN (0x4)
                0x08000354                PROVIDE (__fini_array_start, .)
 *(SORT(.fini_array.*))
 *(.fini_array)
                0x08000354                PROVIDE (__fini_array_end, .)

.flashtext
 *(.flashtext .flashtext.*)

.text           0x08000360     0x4d63
 *(.text .text.*)
 .text.HAL_InitTick
                0x08000360       0x4c ./system/src/stm32f3xx/stm32f3xx_hal.o
                0x08000360                HAL_InitTick
 .text.HAL_Init
                0x080003ac       0x24 ./system/src/stm32f3xx/stm32f3xx_hal.o
                0x080003ac                HAL_Init
 .text.HAL_IncTick
                0x080003d0       0x18 ./system/src/stm32f3xx/stm32f3xx_hal.o
                0x080003d0                HAL_IncTick
 .text.HAL_GetTick
                0x080003e8        0xc ./system/src/stm32f3xx/stm32f3xx_hal.o
                0x080003e8                HAL_GetTick
 .text.HAL_NVIC_SetPriorityGrouping
                0x080003f4       0x3c ./system/src/stm32f3xx/stm32f3xx_hal_cortex.o
                0x080003f4                HAL_NVIC_SetPriorityGrouping
 .text.HAL_NVIC_SetPriority
                0x08000430       0x84 ./system/src/stm32f3xx/stm32f3xx_hal_cortex.o
                0x08000430                HAL_NVIC_SetPriority
 .text.HAL_SYSTICK_Config
                0x080004b4       0x2c ./system/src/stm32f3xx/stm32f3xx_hal_cortex.o
                0x080004b4                HAL_SYSTICK_Config
 .text.HAL_GPIO_Init
                0x080004e0      0x2b0 ./system/src/stm32f3xx/stm32f3xx_hal_gpio.o
                0x080004e0                HAL_GPIO_Init
 .text.HAL_GPIO_WritePin
                0x08000790       0x30 ./system/src/stm32f3xx/stm32f3xx_hal_gpio.o
                0x08000790                HAL_GPIO_WritePin
 .text.HAL_GPIO_TogglePin
                0x080007c0       0x20 ./system/src/stm32f3xx/stm32f3xx_hal_gpio.o
                0x080007c0                HAL_GPIO_TogglePin
 .text.HAL_I2C_Init
                0x080007e0      0x164 ./system/src/stm32f3xx/stm32f3xx_hal_i2c.o
                0x080007e0                HAL_I2C_Init
 .text.HAL_I2CEx_ConfigAnalogFilter
                0x08000944       0x90 ./system/src/stm32f3xx/stm32f3xx_hal_i2c_ex.o
                0x08000944                HAL_I2CEx_ConfigAnalogFilter
 .text.HAL_I2CEx_ConfigDigitalFilter
                0x080009d4       0x88 ./system/src/stm32f3xx/stm32f3xx_hal_i2c_ex.o
                0x080009d4                HAL_I2CEx_ConfigDigitalFilter
 .text.HAL_PCD_Init
                0x08000a5c       0xc8 ./system/src/stm32f3xx/stm32f3xx_hal_pcd.o
                0x08000a5c                HAL_PCD_Init
 .text.HAL_RCC_OscConfig
                0x08000b24      0x734 ./system/src/stm32f3xx/stm32f3xx_hal_rcc.o
                0x08000b24                HAL_RCC_OscConfig
 .text.HAL_RCC_GetSysClockFreq
                0x08001258       0x70 ./system/src/stm32f3xx/stm32f3xx_hal_rcc.o
                0x08001258                HAL_RCC_GetSysClockFreq
 .text.HAL_RCC_ClockConfig
                0x080012c8      0x258 ./system/src/stm32f3xx/stm32f3xx_hal_rcc.o
                0x080012c8                HAL_RCC_ClockConfig
 .text.HAL_RCC_GetHCLKFreq
                0x08001520        0xc ./system/src/stm32f3xx/stm32f3xx_hal_rcc.o
                0x08001520                HAL_RCC_GetHCLKFreq
 .text.HAL_RCC_GetPCLK1Freq
                0x0800152c       0x30 ./system/src/stm32f3xx/stm32f3xx_hal_rcc.o
                0x0800152c                HAL_RCC_GetPCLK1Freq
 .text.HAL_RCC_GetPCLK2Freq
                0x0800155c       0x30 ./system/src/stm32f3xx/stm32f3xx_hal_rcc.o
                0x0800155c                HAL_RCC_GetPCLK2Freq
 .text.HAL_RCCEx_PeriphCLKConfig
                0x0800158c      0x450 ./system/src/stm32f3xx/stm32f3xx_hal_rcc_ex.o
                0x0800158c                HAL_RCCEx_PeriphCLKConfig
 .text.SPI_WaitFlagStateUntilTimeout
                0x080019dc       0x90 ./system/src/stm32f3xx/stm32f3xx_hal_spi.o
 .text.SPI_WaitFifoStateUntilTimeout
                0x08001a6c       0x9c ./system/src/stm32f3xx/stm32f3xx_hal_spi.o
 .text.SPI_EndRxTxTransaction
                0x08001b08       0x68 ./system/src/stm32f3xx/stm32f3xx_hal_spi.o
 .text.SPI_EndRxTransaction
                0x08001b70       0x84 ./system/src/stm32f3xx/stm32f3xx_hal_spi.o
 .text.HAL_SPI_Init
                0x08001bf4      0x214 ./system/src/stm32f3xx/stm32f3xx_hal_spi.o
                0x08001bf4                HAL_SPI_Init
 .text.HAL_SPI_Transmit
                0x08001e08      0x1e8 ./system/src/stm32f3xx/stm32f3xx_hal_spi.o
                0x08001e08                HAL_SPI_Transmit
 .text.HAL_SPI_TransmitReceive
                0x08001ff0      0x2e0 ./system/src/stm32f3xx/stm32f3xx_hal_spi.o
                0x08001ff0                HAL_SPI_TransmitReceive
 .text.HAL_SPI_Receive
                0x080022d0      0x190 ./system/src/stm32f3xx/stm32f3xx_hal_spi.o
                0x080022d0                HAL_SPI_Receive
 .text.HAL_UART_MspInit
                0x08002460        0x4 ./system/src/stm32f3xx/stm32f3xx_hal_uart.o
                0x08002460                HAL_UART_MspInit
 .text.UART_SetConfig
                0x08002464      0x364 ./system/src/stm32f3xx/stm32f3xx_hal_uart.o
                0x08002464                UART_SetConfig
 .text.UART_AdvFeatureConfig
                0x080027c8      0x1c8 ./system/src/stm32f3xx/stm32f3xx_hal_uart.o
                0x080027c8                UART_AdvFeatureConfig
 .text.UART_WaitOnFlagUntilTimeout
                0x08002990       0x68 ./system/src/stm32f3xx/stm32f3xx_hal_uart.o
                0x08002990                UART_WaitOnFlagUntilTimeout
 .text.HAL_UART_Transmit
                0x080029f8       0xd0 ./system/src/stm32f3xx/stm32f3xx_hal_uart.o
                0x080029f8                HAL_UART_Transmit
 .text.HAL_UART_Receive
                0x08002ac8       0xf4 ./system/src/stm32f3xx/stm32f3xx_hal_uart.o
                0x08002ac8                HAL_UART_Receive
 .text.UART_CheckIdleState
                0x08002bbc       0x6c ./system/src/stm32f3xx/stm32f3xx_hal_uart.o
                0x08002bbc                UART_CheckIdleState
 .text.HAL_UART_Init
                0x08002c28       0xd0 ./system/src/stm32f3xx/stm32f3xx_hal_uart.o
                0x08002c28                HAL_UART_Init
 .text._exit    0x08002cf8        0x4 ./system/src/newlib/_exit.o
                0x08002cf8                _exit
 .text._sbrk    0x08002cfc       0x44 ./system/src/newlib/_sbrk.o
                0x08002cfc                _sbrk
 .text.__initialize_args
                0x08002d40       0x10 ./system/src/newlib/_syscalls.o
                0x08002d40                __initialize_args
 .text.__initialize_hardware_early
                0x08002d50       0x18 ./system/src/cortexm/_initialize_hardware.o
                0x08002d50                __initialize_hardware_early
 .text.__initialize_hardware
                0x08002d68        0x8 ./system/src/cortexm/_initialize_hardware.o
                0x08002d68                __initialize_hardware
 .text.Default_Handler
                0x08002d70        0x2 ./system/src/cmsis/startup_stm32f303xc.o
                0x08002d70                RTC_Alarm_IRQHandler
                0x08002d70                TIM8_TRG_COM_IRQHandler
                0x08002d70                TIM8_CC_IRQHandler
                0x08002d70                TIM1_CC_IRQHandler
                0x08002d70                USB_HP_IRQHandler
                0x08002d70                PVD_IRQHandler
                0x08002d70                TAMP_STAMP_IRQHandler
                0x08002d70                EXTI3_IRQHandler
                0x08002d70                USB_HP_CAN_TX_IRQHandler
                0x08002d70                EXTI0_IRQHandler
                0x08002d70                I2C2_EV_IRQHandler
                0x08002d70                FPU_IRQHandler
                0x08002d70                TIM1_UP_TIM16_IRQHandler
                0x08002d70                ADC1_2_IRQHandler
                0x08002d70                SPI1_IRQHandler
                0x08002d70                CAN_SCE_IRQHandler
                0x08002d70                TIM6_DAC_IRQHandler
                0x08002d70                TIM8_UP_IRQHandler
                0x08002d70                DMA2_Channel2_IRQHandler
                0x08002d70                DMA1_Channel4_IRQHandler
                0x08002d70                USART3_IRQHandler
                0x08002d70                DMA1_Channel7_IRQHandler
                0x08002d70                UART5_IRQHandler
                0x08002d70                ADC3_IRQHandler
                0x08002d70                TIM4_IRQHandler
                0x08002d70                CAN_RX1_IRQHandler
                0x08002d70                DMA2_Channel1_IRQHandler
                0x08002d70                I2C1_EV_IRQHandler
                0x08002d70                DMA1_Channel6_IRQHandler
                0x08002d70                UART4_IRQHandler
                0x08002d70                DMA2_Channel4_IRQHandler
                0x08002d70                TIM3_IRQHandler
                0x08002d70                RCC_IRQHandler
                0x08002d70                DMA1_Channel1_IRQHandler
                0x08002d70                Default_Handler
                0x08002d70                USBWakeUp_RMP_IRQHandler
                0x08002d70                EXTI15_10_IRQHandler
                0x08002d70                TIM7_IRQHandler
                0x08002d70                EXTI9_5_IRQHandler
                0x08002d70                RTC_WKUP_IRQHandler
                0x08002d70                SPI2_IRQHandler
                0x08002d70                USB_LP_CAN_RX0_IRQHandler
                0x08002d70                DMA2_Channel5_IRQHandler
                0x08002d70                DMA1_Channel5_IRQHandler
                0x08002d70                USB_LP_IRQHandler
                0x08002d70                EXTI4_IRQHandler
                0x08002d70                TIM1_TRG_COM_TIM17_IRQHandler
                0x08002d70                DMA1_Channel3_IRQHandler
                0x08002d70                ADC4_IRQHandler
                0x08002d70                WWDG_IRQHandler
                0x08002d70                TIM2_IRQHandler
                0x08002d70                COMP7_IRQHandler
                0x08002d70                COMP1_2_3_IRQHandler
                0x08002d70                EXTI1_IRQHandler
                0x08002d70                USART2_IRQHandler
                0x08002d70                COMP4_5_6_IRQHandler
                0x08002d70                I2C2_ER_IRQHandler
                0x08002d70                DMA1_Channel2_IRQHandler
                0x08002d70                TIM8_BRK_IRQHandler
                0x08002d70                FLASH_IRQHandler
                0x08002d70                USART1_IRQHandler
                0x08002d70                SPI3_IRQHandler
                0x08002d70                I2C1_ER_IRQHandler
                0x08002d70                USBWakeUp_IRQHandler
                0x08002d70                DMA2_Channel3_IRQHandler
                0x08002d70                EXTI2_TSC_IRQHandler
                0x08002d70                TIM1_BRK_TIM15_IRQHandler
 *fill*         0x08002d72        0x2 
 .text.SystemInit
                0x08002d74       0x5c ./system/src/cmsis/system_stm32f3xx.o
                0x08002d74                SystemInit
 .text.SystemCoreClockUpdate
                0x08002dd0       0x8c ./system/src/cmsis/system_stm32f3xx.o
                0x08002dd0                SystemCoreClockUpdate
 .text.cs_sel   0x08002e5c       0x14 ./src/main.o
                0x08002e5c                cs_sel
 .text.cs_desel
                0x08002e70       0x14 ./src/main.o
                0x08002e70                cs_desel
 .text.spi_rb   0x08002e84       0x24 ./src/main.o
                0x08002e84                spi_rb
 .text.spi_wb   0x08002ea8       0x20 ./src/main.o
                0x08002ea8                spi_wb
 .text.MX_GPIO_Init
                0x08002ec8       0xc4 ./src/main.o
 .text.MX_I2C1_Init
                0x08002f8c       0x44 ./src/main.o
 .text.MX_SPI1_Init
                0x08002fd0       0x44 ./src/main.o
 .text.MX_SPI2_Init
                0x08003014       0x44 ./src/main.o
 .text.MX_USB_PCD_Init
                0x08003058       0x28 ./src/main.o
 .text.MX_UART1_Init
                0x08003080       0x68 ./src/main.o
 .text.network_configMenu
                0x080030e8      0x140 ./src/main.o
 .text.SystemClock_Config
                0x08003228       0x80 ./src/main.o
                0x08003228                SystemClock_Config
 .text.main     0x080032a8      0x22c ./src/main.o
                0x080032a8                main
 .text.assert_failed
                0x080034d4        0x4 ./src/main.o
                0x080034d4                assert_failed
 .text.HAL_MspInit
                0x080034d8       0x3c ./src/stm32f3xx_hal_msp.o
                0x080034d8                HAL_MspInit
 .text.HAL_I2C_MspInit
                0x08003514       0x6c ./src/stm32f3xx_hal_msp.o
                0x08003514                HAL_I2C_MspInit
 .text.HAL_SPI_MspInit
                0x08003580       0xb8 ./src/stm32f3xx_hal_msp.o
                0x08003580                HAL_SPI_MspInit
 .text.HAL_PCD_MspInit
                0x08003638       0x68 ./src/stm32f3xx_hal_msp.o
                0x08003638                HAL_PCD_MspInit
 .text.NMI_Handler
                0x080036a0        0x4 ./src/stm32f3xx_it.o
                0x080036a0                NMI_Handler
 .text.HardFault_Handler
                0x080036a4        0x4 ./src/stm32f3xx_it.o
                0x080036a4                HardFault_Handler
 .text.MemManage_Handler
                0x080036a8        0x4 ./src/stm32f3xx_it.o
                0x080036a8                MemManage_Handler
 .text.BusFault_Handler
                0x080036ac        0x4 ./src/stm32f3xx_it.o
                0x080036ac                BusFault_Handler
 .text.UsageFault_Handler
                0x080036b0        0x4 ./src/stm32f3xx_it.o
                0x080036b0                UsageFault_Handler
 .text.SVC_Handler
                0x080036b4        0x4 ./src/stm32f3xx_it.o
                0x080036b4                SVC_Handler
 .text.DebugMon_Handler
                0x080036b8        0x4 ./src/stm32f3xx_it.o
                0x080036b8                DebugMon_Handler
 .text.PendSV_Handler
                0x080036bc        0x4 ./src/stm32f3xx_it.o
                0x080036bc                PendSV_Handler
 .text.SysTick_Handler
                0x080036c0        0x8 ./src/stm32f3xx_it.o
                0x080036c0                SysTick_Handler
 .text.WIZCHIP_WRITE
                0x080036c8       0x38 ./ioLibrary_Driver/Ethernet/W5100/w5100.o
                0x080036c8                WIZCHIP_WRITE
 .text.WIZCHIP_READ
                0x08003700       0x38 ./ioLibrary_Driver/Ethernet/W5100/w5100.o
                0x08003700                WIZCHIP_READ
 .text.WIZCHIP_WRITE_BUF
                0x08003738       0x5c ./ioLibrary_Driver/Ethernet/W5100/w5100.o
                0x08003738                WIZCHIP_WRITE_BUF
 .text.WIZCHIP_READ_BUF
                0x08003794       0x5c ./ioLibrary_Driver/Ethernet/W5100/w5100.o
                0x08003794                WIZCHIP_READ_BUF
 .text.getSn_TX_FSR
                0x080037f0       0x50 ./ioLibrary_Driver/Ethernet/W5100/w5100.o
                0x080037f0                getSn_TX_FSR
 .text.getSn_RX_RSR
                0x08003840       0x50 ./ioLibrary_Driver/Ethernet/W5100/w5100.o
                0x08003840                getSn_RX_RSR
 .text.getSn_RxBASE
                0x08003890       0x3c ./ioLibrary_Driver/Ethernet/W5100/w5100.o
                0x08003890                getSn_RxBASE
 .text.getSn_TxBASE
                0x080038cc       0x3c ./ioLibrary_Driver/Ethernet/W5100/w5100.o
                0x080038cc                getSn_TxBASE
 .text.wiz_send_data
                0x08003908       0xec ./ioLibrary_Driver/Ethernet/W5100/w5100.o
                0x08003908                wiz_send_data
 .text.wiz_recv_data
                0x080039f4       0xec ./ioLibrary_Driver/Ethernet/W5100/w5100.o
                0x080039f4                wiz_recv_data
 .text.wiz_close
                0x08003ae0       0x70 ./ioLibrary_Driver/Ethernet/socket.o
                0x08003ae0                wiz_close
 .text.socket   0x08003b50      0x130 ./ioLibrary_Driver/Ethernet/socket.o
                0x08003b50                socket
 .text.listen   0x08003c80       0x68 ./ioLibrary_Driver/Ethernet/socket.o
                0x08003c80                listen
 .text.disconnect
                0x08003ce8       0x8c ./ioLibrary_Driver/Ethernet/socket.o
                0x08003ce8                disconnect
 .text.send     0x08003d74      0x14c ./ioLibrary_Driver/Ethernet/socket.o
                0x08003d74                send
 .text.recv     0x08003ec0      0x110 ./ioLibrary_Driver/Ethernet/socket.o
                0x08003ec0                recv
 .text.getsockopt
                0x08003fd0      0x11c ./ioLibrary_Driver/Ethernet/socket.o
                0x08003fd0                getsockopt
 .text.wizchip_cris_enter
                0x080040ec        0x4 ./ioLibrary_Driver/Ethernet/wizchip_conf.o
                0x080040ec                wizchip_cris_enter
 .text.wizchip_cris_exit
                0x080040f0        0x4 ./ioLibrary_Driver/Ethernet/wizchip_conf.o
                0x080040f0                wizchip_cris_exit
 .text.wizchip_cs_select
                0x080040f4        0x4 ./ioLibrary_Driver/Ethernet/wizchip_conf.o
                0x080040f4                wizchip_cs_select
 .text.wizchip_cs_deselect
                0x080040f8        0x4 ./ioLibrary_Driver/Ethernet/wizchip_conf.o
                0x080040f8                wizchip_cs_deselect
 .text.wizchip_bus_readdata
                0x080040fc        0x4 ./ioLibrary_Driver/Ethernet/wizchip_conf.o
                0x080040fc                wizchip_bus_readdata
 .text.wizchip_bus_writedata
                0x08004100        0x4 ./ioLibrary_Driver/Ethernet/wizchip_conf.o
                0x08004100                wizchip_bus_writedata
 .text.wizchip_spi_readbyte
                0x08004104        0x4 ./ioLibrary_Driver/Ethernet/wizchip_conf.o
                0x08004104                wizchip_spi_readbyte
 .text.wizchip_spi_writebyte
                0x08004108        0x4 ./ioLibrary_Driver/Ethernet/wizchip_conf.o
                0x08004108                wizchip_spi_writebyte
 .text.reg_wizchip_cs_cbfunc
                0x0800410c       0x24 ./ioLibrary_Driver/Ethernet/wizchip_conf.o
                0x0800410c                reg_wizchip_cs_cbfunc
 .text.reg_wizchip_spi_cbfunc
                0x08004130       0x34 ./ioLibrary_Driver/Ethernet/wizchip_conf.o
                0x08004130                reg_wizchip_spi_cbfunc
 .text.wizchip_sw_reset
                0x08004164       0x68 ./ioLibrary_Driver/Ethernet/wizchip_conf.o
                0x08004164                wizchip_sw_reset
 .text.wizchip_init
                0x080041cc       0xd8 ./ioLibrary_Driver/Ethernet/wizchip_conf.o
                0x080041cc                wizchip_init
 .text.wizchip_setnetinfo
                0x080042a4       0x54 ./ioLibrary_Driver/Ethernet/wizchip_conf.o
                0x080042a4                wizchip_setnetinfo
 .text.wizchip_getnetinfo
                0x080042f8       0x54 ./ioLibrary_Driver/Ethernet/wizchip_conf.o
                0x080042f8                wizchip_getnetinfo
 .text.__errno  0x0800434c        0xc /home/hosni/embedded_tools/gcc-arm-none-eabi-5_4-2016q3/bin/../lib/gcc/arm-none-eabi/5.4.1/../../../../arm-none-eabi/lib/armv7e-m/libg_nano.a(lib_a-errno.o)
                0x0800434c                __errno
 .text.memcpy   0x08004358       0x16 /home/hosni/embedded_tools/gcc-arm-none-eabi-5_4-2016q3/bin/../lib/gcc/arm-none-eabi/5.4.1/../../../../arm-none-eabi/lib/armv7e-m/libg_nano.a(lib_a-memcpy-stub.o)
                0x08004358                memcpy
 .text.memset   0x0800436e       0x10 /home/hosni/embedded_tools/gcc-arm-none-eabi-5_4-2016q3/bin/../lib/gcc/arm-none-eabi/5.4.1/../../../../arm-none-eabi/lib/armv7e-m/libg_nano.a(lib_a-memset.o)
                0x0800436e                memset
 *fill*         0x0800437e        0x2 
 .text._free_r  0x08004380       0x9c /home/hosni/embedded_tools/gcc-arm-none-eabi-5_4-2016q3/bin/../lib/gcc/arm-none-eabi/5.4.1/../../../../arm-none-eabi/lib/armv7e-m/libg_nano.a(lib_a-nano-freer.o)
                0x08004380                _free_r
 .text._malloc_r
                0x0800441c       0xbc /home/hosni/embedded_tools/gcc-arm-none-eabi-5_4-2016q3/bin/../lib/gcc/arm-none-eabi/5.4.1/../../../../arm-none-eabi/lib/armv7e-m/libg_nano.a(lib_a-nano-mallocr.o)
                0x0800441c                _malloc_r
 .text._sbrk_r  0x080044d8       0x20 /home/hosni/embedded_tools/gcc-arm-none-eabi-5_4-2016q3/bin/../lib/gcc/arm-none-eabi/5.4.1/../../../../arm-none-eabi/lib/armv7e-m/libg_nano.a(lib_a-sbrkr.o)
                0x080044d8                _sbrk_r
 .text.sprintf  0x080044f8       0x48 /home/hosni/embedded_tools/gcc-arm-none-eabi-5_4-2016q3/bin/../lib/gcc/arm-none-eabi/5.4.1/../../../../arm-none-eabi/lib/armv7e-m/libg_nano.a(lib_a-sprintf.o)
                0x080044f8                sprintf
                0x080044f8                siprintf
 .text.strcpy   0x08004540       0x10 /home/hosni/embedded_tools/gcc-arm-none-eabi-5_4-2016q3/bin/../lib/gcc/arm-none-eabi/5.4.1/../../../../arm-none-eabi/lib/armv7e-m/libg_nano.a(lib_a-strcpy.o)
                0x08004540                strcpy
 .text          0x08004550       0x10 /home/hosni/embedded_tools/gcc-arm-none-eabi-5_4-2016q3/bin/../lib/gcc/arm-none-eabi/5.4.1/../../../../arm-none-eabi/lib/armv7e-m/libg_nano.a(lib_a-strlen.o)
                0x08004550                strlen
 .text.strncmp  0x08004560       0x2a /home/hosni/embedded_tools/gcc-arm-none-eabi-5_4-2016q3/bin/../lib/gcc/arm-none-eabi/5.4.1/../../../../arm-none-eabi/lib/armv7e-m/libg_nano.a(lib_a-strncmp.o)
                0x08004560                strncmp
 .text.__malloc_lock
                0x0800458a        0x2 /home/hosni/embedded_tools/gcc-arm-none-eabi-5_4-2016q3/bin/../lib/gcc/arm-none-eabi/5.4.1/../../../../arm-none-eabi/lib/armv7e-m/libg_nano.a(lib_a-mlock.o)
                0x0800458a                __malloc_lock
 .text.__malloc_unlock
                0x0800458c        0x2 /home/hosni/embedded_tools/gcc-arm-none-eabi-5_4-2016q3/bin/../lib/gcc/arm-none-eabi/5.4.1/../../../../arm-none-eabi/lib/armv7e-m/libg_nano.a(lib_a-mlock.o)
                0x0800458c                __malloc_unlock
 .text.__ssputs_r
                0x0800458e       0xb2 /home/hosni/embedded_tools/gcc-arm-none-eabi-5_4-2016q3/bin/../lib/gcc/arm-none-eabi/5.4.1/../../../../arm-none-eabi/lib/armv7e-m/libg_nano.a(lib_a-nano-svfprintf.o)
                0x0800458e                __ssputs_r
 .text._svfprintf_r
                0x08004640      0x1e8 /home/hosni/embedded_tools/gcc-arm-none-eabi-5_4-2016q3/bin/../lib/gcc/arm-none-eabi/5.4.1/../../../../arm-none-eabi/lib/armv7e-m/libg_nano.a(lib_a-nano-svfprintf.o)
                0x08004640                _svfprintf_r
                0x08004640                _svfiprintf_r
 .text._printf_common
                0x08004828       0xec /home/hosni/embedded_tools/gcc-arm-none-eabi-5_4-2016q3/bin/../lib/gcc/arm-none-eabi/5.4.1/../../../../arm-none-eabi/lib/armv7e-m/libg_nano.a(lib_a-nano-vfprintf_i.o)
                0x08004828                _printf_common
 .text._printf_i
                0x08004914      0x24c /home/hosni/embedded_tools/gcc-arm-none-eabi-5_4-2016q3/bin/../lib/gcc/arm-none-eabi/5.4.1/../../../../arm-none-eabi/lib/armv7e-m/libg_nano.a(lib_a-nano-vfprintf_i.o)
                0x08004914                _printf_i
 .text          0x08004b60       0xa0 /home/hosni/embedded_tools/gcc-arm-none-eabi-5_4-2016q3/bin/../lib/gcc/arm-none-eabi/5.4.1/../../../../arm-none-eabi/lib/armv7e-m/libg_nano.a(lib_a-memchr.o)
                0x08004b60                memchr
 .text.memmove  0x08004c00       0x36 /home/hosni/embedded_tools/gcc-arm-none-eabi-5_4-2016q3/bin/../lib/gcc/arm-none-eabi/5.4.1/../../../../arm-none-eabi/lib/armv7e-m/libg_nano.a(lib_a-memmove.o)
                0x08004c00                memmove
 .text._realloc_r
                0x08004c36       0x4c /home/hosni/embedded_tools/gcc-arm-none-eabi-5_4-2016q3/bin/../lib/gcc/arm-none-eabi/5.4.1/../../../../arm-none-eabi/lib/armv7e-m/libg_nano.a(lib_a-nano-reallocr.o)
                0x08004c36                _realloc_r
 .text._malloc_usable_size_r
                0x08004c82       0x14 /home/hosni/embedded_tools/gcc-arm-none-eabi-5_4-2016q3/bin/../lib/gcc/arm-none-eabi/5.4.1/../../../../arm-none-eabi/lib/armv7e-m/libg_nano.a(lib_a-nano-msizer.o)
                0x08004c82                _malloc_usable_size_r
 *(.rodata .rodata.* .constdata .constdata.*)
 *fill*         0x08004c96        0x2 
 .rodata.str1.4
                0x08004c98       0x2f ./system/src/stm32f3xx/stm32f3xx_hal_cortex.o
 *fill*         0x08004cc7        0x1 
 .rodata.str1.4
                0x08004cc8       0x2d ./system/src/stm32f3xx/stm32f3xx_hal_gpio.o
 *fill*         0x08004cf5        0x3 
 .rodata.str1.4
                0x08004cf8       0x2c ./system/src/stm32f3xx/stm32f3xx_hal_i2c.o
 .rodata.str1.4
                0x08004d24       0x2f ./system/src/stm32f3xx/stm32f3xx_hal_i2c_ex.o
 *fill*         0x08004d53        0x1 
 .rodata.str1.4
                0x08004d54       0x2c ./system/src/stm32f3xx/stm32f3xx_hal_pcd.o
 .rodata.str1.4
                0x08004d80       0x2c ./system/src/stm32f3xx/stm32f3xx_hal_rcc.o
 .rodata.aPredivFactorTable
                0x08004dac       0x10 ./system/src/stm32f3xx/stm32f3xx_hal_rcc.o
                0x08004dac                aPredivFactorTable
 .rodata.aPLLMULFactorTable
                0x08004dbc       0x10 ./system/src/stm32f3xx/stm32f3xx_hal_rcc.o
                0x08004dbc                aPLLMULFactorTable
 .rodata.str1.4
                0x08004dcc       0x2f ./system/src/stm32f3xx/stm32f3xx_hal_rcc_ex.o
 *fill*         0x08004dfb        0x1 
 .rodata.str1.4
                0x08004dfc       0x2c ./system/src/stm32f3xx/stm32f3xx_hal_spi.o
 .rodata.str1.4
                0x08004e28       0x2d ./system/src/stm32f3xx/stm32f3xx_hal_uart.o
 *fill*         0x08004e55        0x3 
 .rodata.AHBPrescTable
                0x08004e58       0x10 ./system/src/cmsis/system_stm32f3xx.o
                0x08004e58                AHBPrescTable
 .rodata.APBPrescTable
                0x08004e68        0x8 ./system/src/cmsis/system_stm32f3xx.o
                0x08004e68                APBPrescTable
 .rodata        0x08004e70        0x4 ./src/main.o
 .rodata.str1.4
                0x08004e74      0x1bc ./src/main.o
                                0x1c0 (size before relaxing)
 .rodata.__sf_fake_stdin
                0x08005030       0x20 /home/hosni/embedded_tools/gcc-arm-none-eabi-5_4-2016q3/bin/../lib/gcc/arm-none-eabi/5.4.1/../../../../arm-none-eabi/lib/armv7e-m/libg_nano.a(lib_a-findfp.o)
                0x08005030                __sf_fake_stdin
 .rodata.__sf_fake_stdout
                0x08005050       0x20 /home/hosni/embedded_tools/gcc-arm-none-eabi-5_4-2016q3/bin/../lib/gcc/arm-none-eabi/5.4.1/../../../../arm-none-eabi/lib/armv7e-m/libg_nano.a(lib_a-findfp.o)
                0x08005050                __sf_fake_stdout
 .rodata.__sf_fake_stderr
                0x08005070       0x20 /home/hosni/embedded_tools/gcc-arm-none-eabi-5_4-2016q3/bin/../lib/gcc/arm-none-eabi/5.4.1/../../../../arm-none-eabi/lib/armv7e-m/libg_nano.a(lib_a-findfp.o)
                0x08005070                __sf_fake_stderr
 .rodata.str1.1
                0x08005090       0x11 /home/hosni/embedded_tools/gcc-arm-none-eabi-5_4-2016q3/bin/../lib/gcc/arm-none-eabi/5.4.1/../../../../arm-none-eabi/lib/armv7e-m/libg_nano.a(lib_a-nano-svfprintf.o)
 .rodata.str1.1
                0x080050a1       0x22 /home/hosni/embedded_tools/gcc-arm-none-eabi-5_4-2016q3/bin/../lib/gcc/arm-none-eabi/5.4.1/../../../../arm-none-eabi/lib/armv7e-m/libg_nano.a(lib_a-nano-vfprintf_i.o)
 *(vtable)
 *(.eh_frame*)
 *(.glue_7)
 .glue_7        0x080050c3        0x0 linker stubs
 *(.glue_7t)
 .glue_7t       0x080050c3        0x0 linker stubs

.vfp11_veneer   0x080050c4        0x0
 .vfp11_veneer  0x080050c4        0x0 linker stubs

.v4_bx          0x080050c4        0x0
 .v4_bx         0x080050c4        0x0 linker stubs

.iplt           0x080050c4        0x0
 .iplt          0x080050c4        0x0 ./system/src/stm32f3xx/stm32f3xx_hal.o

.rel.dyn        0x080050c4        0x0
 .rel.iplt      0x080050c4        0x0 ./system/src/stm32f3xx/stm32f3xx_hal.o

.ARM.extab
 *(.ARM.extab* .gnu.linkonce.armextab.*)
                0x080050c4                . = ALIGN (0x4)
                0x080050c4                __exidx_start = .

.ARM.exidx
 *(.ARM.exidx* .gnu.linkonce.armexidx.*)
                0x080050c4                __exidx_end = .
                0x080050c4                . = ALIGN (0x4)
                0x080050c4                _etext = .
                0x080050c4                __etext = .

.data_CCMRAM    0x10000000        0x0 load address 0x080050c4
 FILL mask 0xff
 *(.data.CCMRAM .data.CCMRAM.*)
                0x10000000                . = ALIGN (0x4)
                0x080050c4                _sidata = LOADADDR (.data)

.data           0x20000000       0xac load address 0x080050c4
 FILL mask 0xff
                0x20000000                _sdata = .
                0x20000000                __data_start__ = .
 *(.data_begin .data_begin.*)
 .data_begin    0x20000000        0x4 ./system/src/newlib/_startup.o
 *(.data .data.*)
 .data.uwTickPrio
                0x20000004        0x4 ./system/src/stm32f3xx/stm32f3xx_hal.o
                0x20000004                uwTickPrio
 .data.uwTickFreq
                0x20000008        0x1 ./system/src/stm32f3xx/stm32f3xx_hal.o
                0x20000008                uwTickFreq
 *fill*         0x20000009        0x3 ff
 .data.argv.4290
                0x2000000c        0x8 ./system/src/newlib/_syscalls.o
 .data.SystemCoreClock
                0x20000014        0x4 ./system/src/cmsis/system_stm32f3xx.o
                0x20000014                SystemCoreClock
 .data.sock_any_port
                0x20000018        0x2 ./ioLibrary_Driver/Ethernet/socket.o
 *fill*         0x2000001a        0x2 ff
 .data.WIZCHIP  0x2000001c       0x28 ./ioLibrary_Driver/Ethernet/wizchip_conf.o
                0x2000001c                WIZCHIP
 .data.impure_data
                0x20000044       0x60 /home/hosni/embedded_tools/gcc-arm-none-eabi-5_4-2016q3/bin/../lib/gcc/arm-none-eabi/5.4.1/../../../../arm-none-eabi/lib/armv7e-m/libg_nano.a(lib_a-impure.o)
 .data._impure_ptr
                0x200000a4        0x4 /home/hosni/embedded_tools/gcc-arm-none-eabi-5_4-2016q3/bin/../lib/gcc/arm-none-eabi/5.4.1/../../../../arm-none-eabi/lib/armv7e-m/libg_nano.a(lib_a-impure.o)
                0x200000a4                _impure_ptr
 *(.data_end .data_end.*)
 .data_end      0x200000a8        0x4 ./system/src/newlib/_startup.o
                0x200000ac                . = ALIGN (0x4)
                0x200000ac                _edata = .
                0x200000ac                __data_end__ = .

.igot.plt       0x200000ac        0x0 load address 0x08005170
 .igot.plt      0x200000ac        0x0 ./system/src/stm32f3xx/stm32f3xx_hal.o

.bss_CCMRAM     0x10000000        0x0
 *(.bss.CCMRAM .bss.CCMRAM.*)

.bss            0x200000ac      0x5dc
                0x200000ac                __bss_start__ = .
                0x200000ac                _sbss = .
 *(.bss_begin .bss_begin.*)
 .bss_begin     0x200000ac        0x4 ./system/src/newlib/_startup.o
 *(.bss .bss.*)
 .bss.current_heap_end.3974
                0x200000b0        0x4 ./system/src/newlib/_sbrk.o
 .bss.name.4289
                0x200000b4        0x1 ./system/src/newlib/_syscalls.o
 *fill*         0x200000b5        0x1 
 .bss.sock_io_mode
                0x200000b6        0x2 ./ioLibrary_Driver/Ethernet/socket.o
 .bss.sock_is_sending
                0x200000b8        0x2 ./ioLibrary_Driver/Ethernet/socket.o
 *fill*         0x200000ba        0x2 
 .bss.sock_pack_info
                0x200000bc        0x4 ./ioLibrary_Driver/Ethernet/socket.o
                0x200000bc                sock_pack_info
 .bss.sock_remained_size
                0x200000c0        0x8 ./ioLibrary_Driver/Ethernet/socket.o
 .bss._DHCP_    0x200000c8        0x1 ./ioLibrary_Driver/Ethernet/wizchip_conf.o
 *fill*         0x200000c9        0x3 
 .bss._DNS_     0x200000cc        0x4 ./ioLibrary_Driver/Ethernet/wizchip_conf.o
 .bss.__malloc_sbrk_start
                0x200000d0        0x4 /home/hosni/embedded_tools/gcc-arm-none-eabi-5_4-2016q3/bin/../lib/gcc/arm-none-eabi/5.4.1/../../../../arm-none-eabi/lib/armv7e-m/libg_nano.a(lib_a-nano-mallocr.o)
                0x200000d0                __malloc_sbrk_start
 .bss.__malloc_free_list
                0x200000d4        0x4 /home/hosni/embedded_tools/gcc-arm-none-eabi-5_4-2016q3/bin/../lib/gcc/arm-none-eabi/5.4.1/../../../../arm-none-eabi/lib/armv7e-m/libg_nano.a(lib_a-nano-mallocr.o)
                0x200000d4                __malloc_free_list
 *(COMMON)
 COMMON         0x200000d8        0x4 ./system/src/stm32f3xx/stm32f3xx_hal.o
                0x200000d8                uwTick
 COMMON         0x200000dc        0x4 ./system/src/newlib/_syscalls.o
                0x200000dc                errno
 COMMON         0x200000e0      0x5a4 ./src/main.o
                0x200000e0                hspi2
                0x20000144                hi2c1
                0x20000190                msg
                0x200001cc                huart1
                0x2000023c                hspi1
                0x200002a0                msg_rcv
                0x200002dc                hpcd_USB_FS
 *(.bss_end .bss_end.*)
 .bss_end       0x20000684        0x4 ./system/src/newlib/_startup.o
                0x20000688                . = ALIGN (0x4)
                0x20000688                __bss_end__ = .
                0x20000688                _ebss = .

.noinit_CCMRAM
 *(.noinit.CCMRAM .noinit.CCMRAM.*)

.noinit         0x20000688        0x0
                0x20000688                _noinit = .
 *(.noinit .noinit.*)
                0x20000688                . = ALIGN (0x4)
                0x20000688                _end_noinit = .
                [!provide]                PROVIDE (end, _end_noinit)
                [!provide]                PROVIDE (_end, _end_noinit)
                [!provide]                PROVIDE (__end, _end_noinit)
                [!provide]                PROVIDE (__end__, _end_noinit)

._check_stack   0x20000688      0x100
                0x20000788                . = (. + _Minimum_Stack_Size)
 *fill*         0x20000688      0x100 

.b1text
 *(.b1text)
 *(.b1rodata)
 *(.b1rodata.*)

.eb0text
 *(.eb0text)
 *(.eb0rodata)
 *(.eb0rodata.*)

.eb1text
 *(.eb1text)
 *(.eb1rodata)
 *(.eb1rodata.*)

.eb2text
 *(.eb2text)
 *(.eb2rodata)
 *(.eb2rodata.*)

.eb3text
 *(.eb3text)
 *(.eb3rodata)
 *(.eb3rodata.*)

.stab
 *(.stab)

.stabstr
 *(.stabstr)

.stab.excl
 *(.stab.excl)

.stab.exclstr
 *(.stab.exclstr)

.stab.index
 *(.stab.index)

.stab.indexstr
 *(.stab.indexstr)

.comment        0x00000000       0x6e
 *(.comment)
 .comment       0x00000000       0x6e ./system/src/stm32f3xx/stm32f3xx_hal.o
                                 0x6f (size before relaxing)
 .comment       0x0000006e       0x6f ./system/src/stm32f3xx/stm32f3xx_hal_cortex.o
 .comment       0x0000006e       0x6f ./system/src/stm32f3xx/stm32f3xx_hal_gpio.o
 .comment       0x0000006e       0x6f ./system/src/stm32f3xx/stm32f3xx_hal_i2c.o
 .comment       0x0000006e       0x6f ./system/src/stm32f3xx/stm32f3xx_hal_i2c_ex.o
 .comment       0x0000006e       0x6f ./system/src/stm32f3xx/stm32f3xx_hal_pcd.o
 .comment       0x0000006e       0x6f ./system/src/stm32f3xx/stm32f3xx_hal_rcc.o
 .comment       0x0000006e       0x6f ./system/src/stm32f3xx/stm32f3xx_hal_rcc_ex.o
 .comment       0x0000006e       0x6f ./system/src/stm32f3xx/stm32f3xx_hal_spi.o
 .comment       0x0000006e       0x6f ./system/src/stm32f3xx/stm32f3xx_hal_uart.o
 .comment       0x0000006e       0x6f ./system/src/newlib/_exit.o
 .comment       0x0000006e       0x6f ./system/src/newlib/_sbrk.o
 .comment       0x0000006e       0x6f ./system/src/newlib/_startup.o
 .comment       0x0000006e       0x6f ./system/src/newlib/_syscalls.o
 .comment       0x0000006e       0x6f ./system/src/cortexm/_initialize_hardware.o
 .comment       0x0000006e       0x6f ./system/src/cortexm/exception_handlers.o
 .comment       0x0000006e       0x6f ./system/src/cmsis/system_stm32f3xx.o
 .comment       0x0000006e       0x6f ./src/main.o
 .comment       0x0000006e       0x6f ./src/stm32f3xx_hal_msp.o
 .comment       0x0000006e       0x6f ./src/stm32f3xx_it.o
 .comment       0x0000006e       0x6f ./ioLibrary_Driver/Ethernet/W5100/w5100.o
 .comment       0x0000006e       0x6f ./ioLibrary_Driver/Ethernet/socket.o
 .comment       0x0000006e       0x6f ./ioLibrary_Driver/Ethernet/wizchip_conf.o

.ARM.attributes
                0x00000000       0x31
 .ARM.attributes
                0x00000000       0x33 ./system/src/stm32f3xx/stm32f3xx_hal.o
 .ARM.attributes
                0x00000033       0x33 ./system/src/stm32f3xx/stm32f3xx_hal_cortex.o
 .ARM.attributes
                0x00000066       0x33 ./system/src/stm32f3xx/stm32f3xx_hal_gpio.o
 .ARM.attributes
                0x00000099       0x33 ./system/src/stm32f3xx/stm32f3xx_hal_i2c.o
 .ARM.attributes
                0x000000cc       0x33 ./system/src/stm32f3xx/stm32f3xx_hal_i2c_ex.o
 .ARM.attributes
                0x000000ff       0x33 ./system/src/stm32f3xx/stm32f3xx_hal_pcd.o
 .ARM.attributes
                0x00000132       0x33 ./system/src/stm32f3xx/stm32f3xx_hal_rcc.o
 .ARM.attributes
                0x00000165       0x33 ./system/src/stm32f3xx/stm32f3xx_hal_rcc_ex.o
 .ARM.attributes
                0x00000198       0x33 ./system/src/stm32f3xx/stm32f3xx_hal_spi.o
 .ARM.attributes
                0x000001cb       0x33 ./system/src/stm32f3xx/stm32f3xx_hal_uart.o
 .ARM.attributes
                0x000001fe       0x33 ./system/src/newlib/_exit.o
 .ARM.attributes
                0x00000231       0x33 ./system/src/newlib/_sbrk.o
 .ARM.attributes
                0x00000264       0x33 ./system/src/newlib/_startup.o
 .ARM.attributes
                0x00000297       0x33 ./system/src/newlib/_syscalls.o
 .ARM.attributes
                0x000002ca       0x33 ./system/src/cortexm/_initialize_hardware.o
 .ARM.attributes
                0x000002fd       0x33 ./system/src/cortexm/exception_handlers.o
 .ARM.attributes
                0x00000330       0x21 ./system/src/cmsis/startup_stm32f303xc.o
 .ARM.attributes
                0x00000351       0x33 ./system/src/cmsis/system_stm32f3xx.o
 .ARM.attributes
                0x00000384       0x33 ./src/main.o
 .ARM.attributes
                0x000003b7       0x33 ./src/stm32f3xx_hal_msp.o
 .ARM.attributes
                0x000003ea       0x33 ./src/stm32f3xx_it.o
 .ARM.attributes
                0x0000041d       0x33 ./ioLibrary_Driver/Ethernet/W5100/w5100.o
 .ARM.attributes
                0x00000450       0x33 ./ioLibrary_Driver/Ethernet/socket.o
 .ARM.attributes
                0x00000483       0x33 ./ioLibrary_Driver/Ethernet/wizchip_conf.o
 .ARM.attributes
                0x000004b6       0x2e /home/hosni/embedded_tools/gcc-arm-none-eabi-5_4-2016q3/bin/../lib/gcc/arm-none-eabi/5.4.1/../../../../arm-none-eabi/lib/armv7e-m/libg_nano.a(lib_a-errno.o)
 .ARM.attributes
                0x000004e4       0x2e /home/hosni/embedded_tools/gcc-arm-none-eabi-5_4-2016q3/bin/../lib/gcc/arm-none-eabi/5.4.1/../../../../arm-none-eabi/lib/armv7e-m/libg_nano.a(lib_a-impure.o)
 .ARM.attributes
                0x00000512       0x2e /home/hosni/embedded_tools/gcc-arm-none-eabi-5_4-2016q3/bin/../lib/gcc/arm-none-eabi/5.4.1/../../../../arm-none-eabi/lib/armv7e-m/libg_nano.a(lib_a-memcpy-stub.o)
 .ARM.attributes
                0x00000540       0x2e /home/hosni/embedded_tools/gcc-arm-none-eabi-5_4-2016q3/bin/../lib/gcc/arm-none-eabi/5.4.1/../../../../arm-none-eabi/lib/armv7e-m/libg_nano.a(lib_a-memset.o)
 .ARM.attributes
                0x0000056e       0x2e /home/hosni/embedded_tools/gcc-arm-none-eabi-5_4-2016q3/bin/../lib/gcc/arm-none-eabi/5.4.1/../../../../arm-none-eabi/lib/armv7e-m/libg_nano.a(lib_a-nano-freer.o)
 .ARM.attributes
                0x0000059c       0x2e /home/hosni/embedded_tools/gcc-arm-none-eabi-5_4-2016q3/bin/../lib/gcc/arm-none-eabi/5.4.1/../../../../arm-none-eabi/lib/armv7e-m/libg_nano.a(lib_a-nano-mallocr.o)
 .ARM.attributes
                0x000005ca       0x2e /home/hosni/embedded_tools/gcc-arm-none-eabi-5_4-2016q3/bin/../lib/gcc/arm-none-eabi/5.4.1/../../../../arm-none-eabi/lib/armv7e-m/libg_nano.a(lib_a-sbrkr.o)
 .ARM.attributes
                0x000005f8       0x2e /home/hosni/embedded_tools/gcc-arm-none-eabi-5_4-2016q3/bin/../lib/gcc/arm-none-eabi/5.4.1/../../../../arm-none-eabi/lib/armv7e-m/libg_nano.a(lib_a-sprintf.o)
 .ARM.attributes
                0x00000626       0x2e /home/hosni/embedded_tools/gcc-arm-none-eabi-5_4-2016q3/bin/../lib/gcc/arm-none-eabi/5.4.1/../../../../arm-none-eabi/lib/armv7e-m/libg_nano.a(lib_a-strcpy.o)
 .ARM.attributes
                0x00000654       0x17 /home/hosni/embedded_tools/gcc-arm-none-eabi-5_4-2016q3/bin/../lib/gcc/arm-none-eabi/5.4.1/../../../../arm-none-eabi/lib/armv7e-m/libg_nano.a(lib_a-strlen.o)
 .ARM.attributes
                0x0000066b       0x2e /home/hosni/embedded_tools/gcc-arm-none-eabi-5_4-2016q3/bin/../lib/gcc/arm-none-eabi/5.4.1/../../../../arm-none-eabi/lib/armv7e-m/libg_nano.a(lib_a-strncmp.o)
 .ARM.attributes
                0x00000699       0x2e /home/hosni/embedded_tools/gcc-arm-none-eabi-5_4-2016q3/bin/../lib/gcc/arm-none-eabi/5.4.1/../../../../arm-none-eabi/lib/armv7e-m/libg_nano.a(lib_a-findfp.o)
 .ARM.attributes
                0x000006c7       0x2e /home/hosni/embedded_tools/gcc-arm-none-eabi-5_4-2016q3/bin/../lib/gcc/arm-none-eabi/5.4.1/../../../../arm-none-eabi/lib/armv7e-m/libg_nano.a(lib_a-mlock.o)
 .ARM.attributes
                0x000006f5       0x2e /home/hosni/embedded_tools/gcc-arm-none-eabi-5_4-2016q3/bin/../lib/gcc/arm-none-eabi/5.4.1/../../../../arm-none-eabi/lib/armv7e-m/libg_nano.a(lib_a-nano-svfprintf.o)
 .ARM.attributes
                0x00000723       0x2e /home/hosni/embedded_tools/gcc-arm-none-eabi-5_4-2016q3/bin/../lib/gcc/arm-none-eabi/5.4.1/../../../../arm-none-eabi/lib/armv7e-m/libg_nano.a(lib_a-nano-vfprintf_i.o)
 .ARM.attributes
                0x00000751       0x1c /home/hosni/embedded_tools/gcc-arm-none-eabi-5_4-2016q3/bin/../lib/gcc/arm-none-eabi/5.4.1/../../../../arm-none-eabi/lib/armv7e-m/libg_nano.a(lib_a-memchr.o)
 .ARM.attributes
                0x0000076d       0x2e /home/hosni/embedded_tools/gcc-arm-none-eabi-5_4-2016q3/bin/../lib/gcc/arm-none-eabi/5.4.1/../../../../arm-none-eabi/lib/armv7e-m/libg_nano.a(lib_a-memmove.o)
 .ARM.attributes
                0x0000079b       0x2e /home/hosni/embedded_tools/gcc-arm-none-eabi-5_4-2016q3/bin/../lib/gcc/arm-none-eabi/5.4.1/../../../../arm-none-eabi/lib/armv7e-m/libg_nano.a(lib_a-nano-reallocr.o)
 .ARM.attributes
                0x000007c9       0x2e /home/hosni/embedded_tools/gcc-arm-none-eabi-5_4-2016q3/bin/../lib/gcc/arm-none-eabi/5.4.1/../../../../arm-none-eabi/lib/armv7e-m/libg_nano.a(lib_a-nano-msizer.o)

.debug
 *(.debug)

.line
 *(.line)

.debug_srcinfo
 *(.debug_srcinfo)

.debug_sfnames
 *(.debug_sfnames)

.debug_aranges  0x00000000      0xf10
 *(.debug_aranges)
 .debug_aranges
                0x00000000       0xe0 ./system/src/stm32f3xx/stm32f3xx_hal.o
 .debug_aranges
                0x000000e0       0xa8 ./system/src/stm32f3xx/stm32f3xx_hal_cortex.o
 .debug_aranges
                0x00000188       0x58 ./system/src/stm32f3xx/stm32f3xx_hal_gpio.o
 .debug_aranges
                0x000001e0      0x260 ./system/src/stm32f3xx/stm32f3xx_hal_i2c.o
 .debug_aranges
                0x00000440       0x48 ./system/src/stm32f3xx/stm32f3xx_hal_i2c_ex.o
 .debug_aranges
                0x00000488      0x120 ./system/src/stm32f3xx/stm32f3xx_hal_pcd.o
 .debug_aranges
                0x000005a8       0x88 ./system/src/stm32f3xx/stm32f3xx_hal_rcc.o
 .debug_aranges
                0x00000630       0x38 ./system/src/stm32f3xx/stm32f3xx_hal_rcc_ex.o
 .debug_aranges
                0x00000668      0x1d8 ./system/src/stm32f3xx/stm32f3xx_hal_spi.o
 .debug_aranges
                0x00000840      0x1f0 ./system/src/stm32f3xx/stm32f3xx_hal_uart.o
 .debug_aranges
                0x00000a30       0x28 ./system/src/newlib/_exit.o
 .debug_aranges
                0x00000a58       0x20 ./system/src/newlib/_sbrk.o
 .debug_aranges
                0x00000a78       0x40 ./system/src/newlib/_startup.o
 .debug_aranges
                0x00000ab8       0x30 ./system/src/newlib/_syscalls.o
 .debug_aranges
                0x00000ae8       0x28 ./system/src/cortexm/_initialize_hardware.o
 .debug_aranges
                0x00000b10       0x80 ./system/src/cortexm/exception_handlers.o
 .debug_aranges
                0x00000b90       0x28 ./system/src/cmsis/startup_stm32f303xc.o
 .debug_aranges
                0x00000bb8       0x28 ./system/src/cmsis/system_stm32f3xx.o
 .debug_aranges
                0x00000be0       0x90 ./src/main.o
 .debug_aranges
                0x00000c70       0x50 ./src/stm32f3xx_hal_msp.o
 .debug_aranges
                0x00000cc0       0x60 ./src/stm32f3xx_it.o
 .debug_aranges
                0x00000d20       0x70 ./ioLibrary_Driver/Ethernet/W5100/w5100.o
 .debug_aranges
                0x00000d90       0x78 ./ioLibrary_Driver/Ethernet/socket.o
 .debug_aranges
                0x00000e08      0x108 ./ioLibrary_Driver/Ethernet/wizchip_conf.o

.debug_pubnames
 *(.debug_pubnames)

.debug_info     0x00000000    0x13b15
 *(.debug_info .gnu.linkonce.wi.*)
 .debug_info    0x00000000      0x82a ./system/src/stm32f3xx/stm32f3xx_hal.o
 .debug_info    0x0000082a     0x1066 ./system/src/stm32f3xx/stm32f3xx_hal_cortex.o
 .debug_info    0x00001890      0x81f ./system/src/stm32f3xx/stm32f3xx_hal_gpio.o
 .debug_info    0x000020af     0x33e5 ./system/src/stm32f3xx/stm32f3xx_hal_i2c.o
 .debug_info    0x00005494      0x909 ./system/src/stm32f3xx/stm32f3xx_hal_i2c_ex.o
 .debug_info    0x00005d9d     0x1198 ./system/src/stm32f3xx/stm32f3xx_hal_pcd.o
 .debug_info    0x00006f35     0x1676 ./system/src/stm32f3xx/stm32f3xx_hal_rcc.o
 .debug_info    0x000085ab      0x8dd ./system/src/stm32f3xx/stm32f3xx_hal_rcc_ex.o
 .debug_info    0x00008e88     0x2018 ./system/src/stm32f3xx/stm32f3xx_hal_spi.o
 .debug_info    0x0000aea0     0x1ca4 ./system/src/stm32f3xx/stm32f3xx_hal_uart.o
 .debug_info    0x0000cb44       0xee ./system/src/newlib/_exit.o
 .debug_info    0x0000cc32      0x11f ./system/src/newlib/_sbrk.o
 .debug_info    0x0000cd51      0x4f2 ./system/src/newlib/_startup.o
 .debug_info    0x0000d243      0x1c7 ./system/src/newlib/_syscalls.o
 .debug_info    0x0000d40a      0x2b1 ./system/src/cortexm/_initialize_hardware.o
 .debug_info    0x0000d6bb      0x29b ./system/src/cortexm/exception_handlers.o
 .debug_info    0x0000d956       0x81 ./system/src/cmsis/startup_stm32f303xc.o
 .debug_info    0x0000d9d7      0x3d5 ./system/src/cmsis/system_stm32f3xx.o
 .debug_info    0x0000ddac     0x21a2 ./src/main.o
 .debug_info    0x0000ff4e     0x10bd ./src/stm32f3xx_hal_msp.o
 .debug_info    0x0001100b      0x154 ./src/stm32f3xx_it.o
 .debug_info    0x0001115f      0x9fb ./ioLibrary_Driver/Ethernet/W5100/w5100.o
 .debug_info    0x00011b5a     0x1177 ./ioLibrary_Driver/Ethernet/socket.o
 .debug_info    0x00012cd1      0xe44 ./ioLibrary_Driver/Ethernet/wizchip_conf.o

.debug_abbrev   0x00000000     0x2a98
 *(.debug_abbrev)
 .debug_abbrev  0x00000000      0x1dd ./system/src/stm32f3xx/stm32f3xx_hal.o
 .debug_abbrev  0x000001dd      0x2f9 ./system/src/stm32f3xx/stm32f3xx_hal_cortex.o
 .debug_abbrev  0x000004d6      0x204 ./system/src/stm32f3xx/stm32f3xx_hal_gpio.o
 .debug_abbrev  0x000006da      0x215 ./system/src/stm32f3xx/stm32f3xx_hal_i2c.o
 .debug_abbrev  0x000008ef      0x1bc ./system/src/stm32f3xx/stm32f3xx_hal_i2c_ex.o
 .debug_abbrev  0x00000aab      0x29b ./system/src/stm32f3xx/stm32f3xx_hal_pcd.o
 .debug_abbrev  0x00000d46      0x294 ./system/src/stm32f3xx/stm32f3xx_hal_rcc.o
 .debug_abbrev  0x00000fda      0x268 ./system/src/stm32f3xx/stm32f3xx_hal_rcc_ex.o
 .debug_abbrev  0x00001242      0x22c ./system/src/stm32f3xx/stm32f3xx_hal_spi.o
 .debug_abbrev  0x0000146e      0x216 ./system/src/stm32f3xx/stm32f3xx_hal_uart.o
 .debug_abbrev  0x00001684       0xbd ./system/src/newlib/_exit.o
 .debug_abbrev  0x00001741       0xb9 ./system/src/newlib/_sbrk.o
 .debug_abbrev  0x000017fa      0x1b6 ./system/src/newlib/_startup.o
 .debug_abbrev  0x000019b0       0xec ./system/src/newlib/_syscalls.o
 .debug_abbrev  0x00001a9c       0xea ./system/src/cortexm/_initialize_hardware.o
 .debug_abbrev  0x00001b86      0x12a ./system/src/cortexm/exception_handlers.o
 .debug_abbrev  0x00001cb0       0x12 ./system/src/cmsis/startup_stm32f303xc.o
 .debug_abbrev  0x00001cc2      0x104 ./system/src/cmsis/system_stm32f3xx.o
 .debug_abbrev  0x00001dc6      0x33d ./src/main.o
 .debug_abbrev  0x00002103      0x1e5 ./src/stm32f3xx_hal_msp.o
 .debug_abbrev  0x000022e8       0xbb ./src/stm32f3xx_it.o
 .debug_abbrev  0x000023a3      0x259 ./ioLibrary_Driver/Ethernet/W5100/w5100.o
 .debug_abbrev  0x000025fc      0x196 ./ioLibrary_Driver/Ethernet/socket.o
 .debug_abbrev  0x00002792      0x306 ./ioLibrary_Driver/Ethernet/wizchip_conf.o

.debug_line     0x00000000     0xb5f6
 *(.debug_line)
 .debug_line    0x00000000      0x7e7 ./system/src/stm32f3xx/stm32f3xx_hal.o
 .debug_line    0x000007e7      0x87e ./system/src/stm32f3xx/stm32f3xx_hal_cortex.o
 .debug_line    0x00001065      0x86a ./system/src/stm32f3xx/stm32f3xx_hal_gpio.o
 .debug_line    0x000018cf     0x1791 ./system/src/stm32f3xx/stm32f3xx_hal_i2c.o
 .debug_line    0x00003060      0x7be ./system/src/stm32f3xx/stm32f3xx_hal_i2c_ex.o
 .debug_line    0x0000381e      0xb77 ./system/src/stm32f3xx/stm32f3xx_hal_pcd.o
 .debug_line    0x00004395      0xc79 ./system/src/stm32f3xx/stm32f3xx_hal_rcc.o
 .debug_line    0x0000500e      0x9f8 ./system/src/stm32f3xx/stm32f3xx_hal_rcc_ex.o
 .debug_line    0x00005a06     0x11de ./system/src/stm32f3xx/stm32f3xx_hal_spi.o
 .debug_line    0x00006be4     0x11e3 ./system/src/stm32f3xx/stm32f3xx_hal_uart.o
 .debug_line    0x00007dc7      0x338 ./system/src/newlib/_exit.o
 .debug_line    0x000080ff      0x2ea ./system/src/newlib/_sbrk.o
 .debug_line    0x000083e9      0x3b2 ./system/src/newlib/_startup.o
 .debug_line    0x0000879b      0x404 ./system/src/newlib/_syscalls.o
 .debug_line    0x00008b9f      0x1b7 ./system/src/cortexm/_initialize_hardware.o
 .debug_line    0x00008d56      0x4b4 ./system/src/cortexm/exception_handlers.o
 .debug_line    0x0000920a       0x88 ./system/src/cmsis/startup_stm32f303xc.o
 .debug_line    0x00009292      0x1b8 ./system/src/cmsis/system_stm32f3xx.o
 .debug_line    0x0000944a      0x8a3 ./src/main.o
 .debug_line    0x00009ced      0x6a8 ./src/stm32f3xx_hal_msp.o
 .debug_line    0x0000a395      0x6a0 ./src/stm32f3xx_it.o
 .debug_line    0x0000aa35      0x282 ./ioLibrary_Driver/Ethernet/W5100/w5100.o
 .debug_line    0x0000acb7      0x4eb ./ioLibrary_Driver/Ethernet/socket.o
 .debug_line    0x0000b1a2      0x454 ./ioLibrary_Driver/Ethernet/wizchip_conf.o

.debug_frame    0x00000000     0x2dec
 *(.debug_frame)
 .debug_frame   0x00000000      0x1cc ./system/src/stm32f3xx/stm32f3xx_hal.o
 .debug_frame   0x000001cc      0x17c ./system/src/stm32f3xx/stm32f3xx_hal_cortex.o
 .debug_frame   0x00000348       0xf8 ./system/src/stm32f3xx/stm32f3xx_hal_gpio.o
 .debug_frame   0x00000440      0x830 ./system/src/stm32f3xx/stm32f3xx_hal_i2c.o
 .debug_frame   0x00000c70       0xb8 ./system/src/stm32f3xx/stm32f3xx_hal_i2c_ex.o
 .debug_frame   0x00000d28      0x2dc ./system/src/stm32f3xx/stm32f3xx_hal_pcd.o
 .debug_frame   0x00001004      0x180 ./system/src/stm32f3xx/stm32f3xx_hal_rcc.o
 .debug_frame   0x00001184       0x7c ./system/src/stm32f3xx/stm32f3xx_hal_rcc_ex.o
 .debug_frame   0x00001200      0x5b0 ./system/src/stm32f3xx/stm32f3xx_hal_spi.o
 .debug_frame   0x000017b0      0x590 ./system/src/stm32f3xx/stm32f3xx_hal_uart.o
 .debug_frame   0x00001d40       0x38 ./system/src/newlib/_exit.o
 .debug_frame   0x00001d78       0x28 ./system/src/newlib/_sbrk.o
 .debug_frame   0x00001da0       0x7c ./system/src/newlib/_startup.o
 .debug_frame   0x00001e1c       0x50 ./system/src/newlib/_syscalls.o
 .debug_frame   0x00001e6c       0x40 ./system/src/cortexm/_initialize_hardware.o
 .debug_frame   0x00001eac       0xe8 ./system/src/cortexm/exception_handlers.o
 .debug_frame   0x00001f94       0x30 ./system/src/cmsis/system_stm32f3xx.o
 .debug_frame   0x00001fc4      0x1a8 ./src/main.o
 .debug_frame   0x0000216c       0xd0 ./src/stm32f3xx_hal_msp.o
 .debug_frame   0x0000223c       0xa8 ./src/stm32f3xx_it.o
 .debug_frame   0x000022e4      0x178 ./ioLibrary_Driver/Ethernet/W5100/w5100.o
 .debug_frame   0x0000245c      0x2a0 ./ioLibrary_Driver/Ethernet/socket.o
 .debug_frame   0x000026fc      0x27c ./ioLibrary_Driver/Ethernet/wizchip_conf.o
 .debug_frame   0x00002978       0x20 /home/hosni/embedded_tools/gcc-arm-none-eabi-5_4-2016q3/bin/../lib/gcc/arm-none-eabi/5.4.1/../../../../arm-none-eabi/lib/armv7e-m/libg_nano.a(lib_a-errno.o)
 .debug_frame   0x00002998       0x28 /home/hosni/embedded_tools/gcc-arm-none-eabi-5_4-2016q3/bin/../lib/gcc/arm-none-eabi/5.4.1/../../../../arm-none-eabi/lib/armv7e-m/libg_nano.a(lib_a-memcpy-stub.o)
 .debug_frame   0x000029c0       0x20 /home/hosni/embedded_tools/gcc-arm-none-eabi-5_4-2016q3/bin/../lib/gcc/arm-none-eabi/5.4.1/../../../../arm-none-eabi/lib/armv7e-m/libg_nano.a(lib_a-memset.o)
 .debug_frame   0x000029e0       0x38 /home/hosni/embedded_tools/gcc-arm-none-eabi-5_4-2016q3/bin/../lib/gcc/arm-none-eabi/5.4.1/../../../../arm-none-eabi/lib/armv7e-m/libg_nano.a(lib_a-nano-freer.o)
 .debug_frame   0x00002a18       0x2c /home/hosni/embedded_tools/gcc-arm-none-eabi-5_4-2016q3/bin/../lib/gcc/arm-none-eabi/5.4.1/../../../../arm-none-eabi/lib/armv7e-m/libg_nano.a(lib_a-nano-mallocr.o)
 .debug_frame   0x00002a44       0x2c /home/hosni/embedded_tools/gcc-arm-none-eabi-5_4-2016q3/bin/../lib/gcc/arm-none-eabi/5.4.1/../../../../arm-none-eabi/lib/armv7e-m/libg_nano.a(lib_a-sbrkr.o)
 .debug_frame   0x00002a70       0x70 /home/hosni/embedded_tools/gcc-arm-none-eabi-5_4-2016q3/bin/../lib/gcc/arm-none-eabi/5.4.1/../../../../arm-none-eabi/lib/armv7e-m/libg_nano.a(lib_a-sprintf.o)
 .debug_frame   0x00002ae0       0x20 /home/hosni/embedded_tools/gcc-arm-none-eabi-5_4-2016q3/bin/../lib/gcc/arm-none-eabi/5.4.1/../../../../arm-none-eabi/lib/armv7e-m/libg_nano.a(lib_a-strcpy.o)
 .debug_frame   0x00002b00       0x2c /home/hosni/embedded_tools/gcc-arm-none-eabi-5_4-2016q3/bin/../lib/gcc/arm-none-eabi/5.4.1/../../../../arm-none-eabi/lib/armv7e-m/libg_nano.a(lib_a-strncmp.o)
 .debug_frame   0x00002b2c      0x11c /home/hosni/embedded_tools/gcc-arm-none-eabi-5_4-2016q3/bin/../lib/gcc/arm-none-eabi/5.4.1/../../../../arm-none-eabi/lib/armv7e-m/libg_nano.a(lib_a-findfp.o)
 .debug_frame   0x00002c48       0x30 /home/hosni/embedded_tools/gcc-arm-none-eabi-5_4-2016q3/bin/../lib/gcc/arm-none-eabi/5.4.1/../../../../arm-none-eabi/lib/armv7e-m/libg_nano.a(lib_a-mlock.o)
 .debug_frame   0x00002c78       0x90 /home/hosni/embedded_tools/gcc-arm-none-eabi-5_4-2016q3/bin/../lib/gcc/arm-none-eabi/5.4.1/../../../../arm-none-eabi/lib/armv7e-m/libg_nano.a(lib_a-nano-svfprintf.o)
 .debug_frame   0x00002d08       0x60 /home/hosni/embedded_tools/gcc-arm-none-eabi-5_4-2016q3/bin/../lib/gcc/arm-none-eabi/5.4.1/../../../../arm-none-eabi/lib/armv7e-m/libg_nano.a(lib_a-nano-vfprintf_i.o)
 .debug_frame   0x00002d68       0x28 /home/hosni/embedded_tools/gcc-arm-none-eabi-5_4-2016q3/bin/../lib/gcc/arm-none-eabi/5.4.1/../../../../arm-none-eabi/lib/armv7e-m/libg_nano.a(lib_a-memmove.o)
 .debug_frame   0x00002d90       0x3c /home/hosni/embedded_tools/gcc-arm-none-eabi-5_4-2016q3/bin/../lib/gcc/arm-none-eabi/5.4.1/../../../../arm-none-eabi/lib/armv7e-m/libg_nano.a(lib_a-nano-reallocr.o)
 .debug_frame   0x00002dcc       0x20 /home/hosni/embedded_tools/gcc-arm-none-eabi-5_4-2016q3/bin/../lib/gcc/arm-none-eabi/5.4.1/../../../../arm-none-eabi/lib/armv7e-m/libg_nano.a(lib_a-nano-msizer.o)

.debug_str      0x00000000    0x9ac6f
 *(.debug_str)
 .debug_str     0x00000000    0x91340 ./system/src/stm32f3xx/stm32f3xx_hal.o
                              0x916c0 (size before relaxing)
 .debug_str     0x00091340      0x3ed ./system/src/stm32f3xx/stm32f3xx_hal_cortex.o
                              0x91700 (size before relaxing)
 .debug_str     0x0009172d      0x29d ./system/src/stm32f3xx/stm32f3xx_hal_gpio.o
                              0x910c4 (size before relaxing)
 .debug_str     0x000919ca     0x11d7 ./system/src/stm32f3xx/stm32f3xx_hal_i2c.o
                              0x92015 (size before relaxing)
 .debug_str     0x00092ba1       0xe7 ./system/src/stm32f3xx/stm32f3xx_hal_i2c_ex.o
                              0x9138f (size before relaxing)
 .debug_str     0x00092c88      0x600 ./system/src/stm32f3xx/stm32f3xx_hal_pcd.o
                              0x91436 (size before relaxing)
 .debug_str     0x00093288      0x414 ./system/src/stm32f3xx/stm32f3xx_hal_rcc.o
                              0x912fa (size before relaxing)
 .debug_str     0x0009369c      0x223 ./system/src/stm32f3xx/stm32f3xx_hal_rcc_ex.o
                              0x910e8 (size before relaxing)
 .debug_str     0x000938bf      0x72c ./system/src/stm32f3xx/stm32f3xx_hal_spi.o
                              0x91745 (size before relaxing)
 .debug_str     0x00093feb      0x92e ./system/src/stm32f3xx/stm32f3xx_hal_uart.o
                              0x91a64 (size before relaxing)
 .debug_str     0x00094919     0x10ab ./system/src/newlib/_exit.o
                               0x6eb0 (size before relaxing)
 .debug_str     0x000959c4      0x4de ./system/src/newlib/_sbrk.o
                               0x629b (size before relaxing)
 .debug_str     0x00095ea2      0x2c1 ./system/src/newlib/_startup.o
                               0x5eb6 (size before relaxing)
 .debug_str     0x00096163      0xe18 ./system/src/newlib/_syscalls.o
                               0x70fb (size before relaxing)
 .debug_str     0x00096f7b       0x77 ./system/src/cortexm/_initialize_hardware.o
                              0x6ef6f (size before relaxing)
 .debug_str     0x00096ff2      0x1ce ./system/src/cortexm/exception_handlers.o
                              0x73858 (size before relaxing)
 .debug_str     0x000971c0       0x50 ./system/src/cmsis/system_stm32f3xx.o
                              0x6efde (size before relaxing)
 .debug_str     0x00097210     0x30db ./src/main.o
                              0x95e8e (size before relaxing)
 .debug_str     0x0009a2eb       0x1b ./src/stm32f3xx_hal_msp.o
                              0x91d18 (size before relaxing)
 .debug_str     0x0009a306       0x28 ./src/stm32f3xx_it.o
                              0x91327 (size before relaxing)
 .debug_str     0x0009a32e      0x169 ./ioLibrary_Driver/Ethernet/W5100/w5100.o
                               0x5431 (size before relaxing)
 .debug_str     0x0009a497      0x2ff ./ioLibrary_Driver/Ethernet/socket.o
                               0x59da (size before relaxing)
 .debug_str     0x0009a796      0x4d9 ./ioLibrary_Driver/Ethernet/wizchip_conf.o
                               0x5c2a (size before relaxing)

.debug_loc      0x00000000     0xad67
 *(.debug_loc)
 .debug_loc     0x00000000       0xe0 ./system/src/stm32f3xx/stm32f3xx_hal.o
 .debug_loc     0x000000e0      0x5d9 ./system/src/stm32f3xx/stm32f3xx_hal_cortex.o
 .debug_loc     0x000006b9      0x464 ./system/src/stm32f3xx/stm32f3xx_hal_gpio.o
 .debug_loc     0x00000b1d     0x30d2 ./system/src/stm32f3xx/stm32f3xx_hal_i2c.o
 .debug_loc     0x00003bef      0x1c8 ./system/src/stm32f3xx/stm32f3xx_hal_i2c_ex.o
 .debug_loc     0x00003db7      0xc7f ./system/src/stm32f3xx/stm32f3xx_hal_pcd.o
 .debug_loc     0x00004a36      0xa21 ./system/src/stm32f3xx/stm32f3xx_hal_rcc.o
 .debug_loc     0x00005457      0x857 ./system/src/stm32f3xx/stm32f3xx_hal_rcc_ex.o
 .debug_loc     0x00005cae     0x15f0 ./system/src/stm32f3xx/stm32f3xx_hal_spi.o
 .debug_loc     0x0000729e     0x15a0 ./system/src/stm32f3xx/stm32f3xx_hal_uart.o
 .debug_loc     0x0000883e       0x82 ./system/src/newlib/_sbrk.o
 .debug_loc     0x000088c0      0x36e ./system/src/newlib/_startup.o
 .debug_loc     0x00008c2e       0x63 ./system/src/newlib/_syscalls.o
 .debug_loc     0x00008c91       0xff ./system/src/cmsis/system_stm32f3xx.o
 .debug_loc     0x00008d90      0x118 ./src/main.o
 .debug_loc     0x00008ea8       0xf8 ./src/stm32f3xx_hal_msp.o
 .debug_loc     0x00008fa0      0x630 ./ioLibrary_Driver/Ethernet/W5100/w5100.o
 .debug_loc     0x000095d0     0x10f9 ./ioLibrary_Driver/Ethernet/socket.o
 .debug_loc     0x0000a6c9      0x69e ./ioLibrary_Driver/Ethernet/wizchip_conf.o

.debug_macinfo
 *(.debug_macinfo)

.debug_weaknames
 *(.debug_weaknames)

.debug_funcnames
 *(.debug_funcnames)

.debug_typenames
 *(.debug_typenames)

.debug_varnames
 *(.debug_varnames)
OUTPUT(stm32f3_wiznet5100.elf elf32-littlearm)

.debug_ranges   0x00000000      0xde0
 .debug_ranges  0x00000000       0xd0 ./system/src/stm32f3xx/stm32f3xx_hal.o
 .debug_ranges  0x000000d0       0x98 ./system/src/stm32f3xx/stm32f3xx_hal_cortex.o
 .debug_ranges  0x00000168       0x48 ./system/src/stm32f3xx/stm32f3xx_hal_gpio.o
 .debug_ranges  0x000001b0      0x250 ./system/src/stm32f3xx/stm32f3xx_hal_i2c.o
 .debug_ranges  0x00000400       0x38 ./system/src/stm32f3xx/stm32f3xx_hal_i2c_ex.o
 .debug_ranges  0x00000438      0x110 ./system/src/stm32f3xx/stm32f3xx_hal_pcd.o
 .debug_ranges  0x00000548       0x90 ./system/src/stm32f3xx/stm32f3xx_hal_rcc.o
 .debug_ranges  0x000005d8       0x40 ./system/src/stm32f3xx/stm32f3xx_hal_rcc_ex.o
 .debug_ranges  0x00000618      0x1c8 ./system/src/stm32f3xx/stm32f3xx_hal_spi.o
 .debug_ranges  0x000007e0      0x1e0 ./system/src/stm32f3xx/stm32f3xx_hal_uart.o
 .debug_ranges  0x000009c0       0x18 ./system/src/newlib/_exit.o
 .debug_ranges  0x000009d8       0x10 ./system/src/newlib/_sbrk.o
 .debug_ranges  0x000009e8       0x30 ./system/src/newlib/_startup.o
 .debug_ranges  0x00000a18       0x20 ./system/src/newlib/_syscalls.o
 .debug_ranges  0x00000a38       0x18 ./system/src/cortexm/_initialize_hardware.o
 .debug_ranges  0x00000a50       0x70 ./system/src/cortexm/exception_handlers.o
 .debug_ranges  0x00000ac0       0x20 ./system/src/cmsis/startup_stm32f303xc.o
 .debug_ranges  0x00000ae0       0x18 ./system/src/cmsis/system_stm32f3xx.o
 .debug_ranges  0x00000af8       0x80 ./src/main.o
 .debug_ranges  0x00000b78       0x40 ./src/stm32f3xx_hal_msp.o
 .debug_ranges  0x00000bb8       0x50 ./src/stm32f3xx_it.o
 .debug_ranges  0x00000c08       0x60 ./ioLibrary_Driver/Ethernet/W5100/w5100.o
 .debug_ranges  0x00000c68       0x80 ./ioLibrary_Driver/Ethernet/socket.o
 .debug_ranges  0x00000ce8       0xf8 ./ioLibrary_Driver/Ethernet/wizchip_conf.o

.debug_macro    0x00000000    0x1d0c2
 .debug_macro   0x00000000      0x31f ./system/src/stm32f3xx/stm32f3xx_hal.o
 .debug_macro   0x0000031f      0x892 ./system/src/stm32f3xx/stm32f3xx_hal.o
 .debug_macro   0x00000bb1       0xab ./system/src/stm32f3xx/stm32f3xx_hal.o
 .debug_macro   0x00000c5c       0x2f ./system/src/stm32f3xx/stm32f3xx_hal.o
 .debug_macro   0x00000c8b       0x28 ./system/src/stm32f3xx/stm32f3xx_hal.o
 .debug_macro   0x00000cb3      0x34e ./system/src/stm32f3xx/stm32f3xx_hal.o
 .debug_macro   0x00001001       0x35 ./system/src/stm32f3xx/stm32f3xx_hal.o
 .debug_macro   0x00001036       0x50 ./system/src/stm32f3xx/stm32f3xx_hal.o
 .debug_macro   0x00001086      0xe66 ./system/src/stm32f3xx/stm32f3xx_hal.o
 .debug_macro   0x00001eec    0x12a4f ./system/src/stm32f3xx/stm32f3xx_hal.o
 .debug_macro   0x0001493b       0x43 ./system/src/stm32f3xx/stm32f3xx_hal.o
 .debug_macro   0x0001497e       0x22 ./system/src/stm32f3xx/stm32f3xx_hal.o
 .debug_macro   0x000149a0       0x4c ./system/src/stm32f3xx/stm32f3xx_hal.o
 .debug_macro   0x000149ec       0x8d ./system/src/stm32f3xx/stm32f3xx_hal.o
 .debug_macro   0x00014a79       0x35 ./system/src/stm32f3xx/stm32f3xx_hal.o
 .debug_macro   0x00014aae       0x9c ./system/src/stm32f3xx/stm32f3xx_hal.o
 .debug_macro   0x00014b4a       0x16 ./system/src/stm32f3xx/stm32f3xx_hal.o
 .debug_macro   0x00014b60       0x4a ./system/src/stm32f3xx/stm32f3xx_hal.o
 .debug_macro   0x00014baa       0x97 ./system/src/stm32f3xx/stm32f3xx_hal.o
 .debug_macro   0x00014c41      0x30d ./system/src/stm32f3xx/stm32f3xx_hal.o
 .debug_macro   0x00014f4e       0xfd ./system/src/stm32f3xx/stm32f3xx_hal.o
 .debug_macro   0x0001504b       0x10 ./system/src/stm32f3xx/stm32f3xx_hal.o
 .debug_macro   0x0001505b       0x52 ./system/src/stm32f3xx/stm32f3xx_hal.o
 .debug_macro   0x000150ad       0x1f ./system/src/stm32f3xx/stm32f3xx_hal.o
 .debug_macro   0x000150cc       0x43 ./system/src/stm32f3xx/stm32f3xx_hal.o
 .debug_macro   0x0001510f       0x20 ./system/src/stm32f3xx/stm32f3xx_hal.o
 .debug_macro   0x0001512f      0x187 ./system/src/stm32f3xx/stm32f3xx_hal.o
 .debug_macro   0x000152b6       0x10 ./system/src/stm32f3xx/stm32f3xx_hal.o
 .debug_macro   0x000152c6       0x5e ./system/src/stm32f3xx/stm32f3xx_hal.o
 .debug_macro   0x00015324       0x1c ./system/src/stm32f3xx/stm32f3xx_hal.o
 .debug_macro   0x00015340       0x52 ./system/src/stm32f3xx/stm32f3xx_hal.o
 .debug_macro   0x00015392       0x40 ./system/src/stm32f3xx/stm32f3xx_hal.o
 .debug_macro   0x000153d2       0x10 ./system/src/stm32f3xx/stm32f3xx_hal.o
 .debug_macro   0x000153e2       0x40 ./system/src/stm32f3xx/stm32f3xx_hal.o
 .debug_macro   0x00015422       0xd7 ./system/src/stm32f3xx/stm32f3xx_hal.o
 .debug_macro   0x000154f9       0x16 ./system/src/stm32f3xx/stm32f3xx_hal.o
 .debug_macro   0x0001550f      0x18b ./system/src/stm32f3xx/stm32f3xx_hal.o
 .debug_macro   0x0001569a       0x50 ./system/src/stm32f3xx/stm32f3xx_hal.o
 .debug_macro   0x000156ea      0x968 ./system/src/stm32f3xx/stm32f3xx_hal.o
 .debug_macro   0x00016052      0x5fe ./system/src/stm32f3xx/stm32f3xx_hal.o
 .debug_macro   0x00016650      0x13a ./system/src/stm32f3xx/stm32f3xx_hal.o
 .debug_macro   0x0001678a      0x1fb ./system/src/stm32f3xx/stm32f3xx_hal.o
 .debug_macro   0x00016985      0x1bc ./system/src/stm32f3xx/stm32f3xx_hal.o
 .debug_macro   0x00016b41       0x31 ./system/src/stm32f3xx/stm32f3xx_hal.o
 .debug_macro   0x00016b72       0x3c ./system/src/stm32f3xx/stm32f3xx_hal.o
 .debug_macro   0x00016bae      0x23a ./system/src/stm32f3xx/stm32f3xx_hal.o
 .debug_macro   0x00016de8       0xcb ./system/src/stm32f3xx/stm32f3xx_hal.o
 .debug_macro   0x00016eb3      0x22b ./system/src/stm32f3xx/stm32f3xx_hal.o
 .debug_macro   0x000170de      0x209 ./system/src/stm32f3xx/stm32f3xx_hal.o
 .debug_macro   0x000172e7       0x5b ./system/src/stm32f3xx/stm32f3xx_hal.o
 .debug_macro   0x00017342       0x90 ./system/src/stm32f3xx/stm32f3xx_hal.o
 .debug_macro   0x000173d2       0x28 ./system/src/stm32f3xx/stm32f3xx_hal.o
 .debug_macro   0x000173fa      0x265 ./system/src/stm32f3xx/stm32f3xx_hal.o
 .debug_macro   0x0001765f       0x82 ./system/src/stm32f3xx/stm32f3xx_hal.o
 .debug_macro   0x000176e1       0xd3 ./system/src/stm32f3xx/stm32f3xx_hal.o
 .debug_macro   0x000177b4      0x2e9 ./system/src/stm32f3xx/stm32f3xx_hal.o
 .debug_macro   0x00017a9d      0x566 ./system/src/stm32f3xx/stm32f3xx_hal.o
 .debug_macro   0x00018003       0x2b ./system/src/stm32f3xx/stm32f3xx_hal.o
 .debug_macro   0x0001802e      0x277 ./system/src/stm32f3xx/stm32f3xx_hal.o
 .debug_macro   0x000182a5      0x2fb ./system/src/stm32f3xx/stm32f3xx_hal_cortex.o
 .debug_macro   0x000185a0      0x333 ./system/src/stm32f3xx/stm32f3xx_hal_gpio.o
 .debug_macro   0x000188d3      0x3c7 ./system/src/stm32f3xx/stm32f3xx_hal_i2c.o
 .debug_macro   0x00018c9a      0x2fb ./system/src/stm32f3xx/stm32f3xx_hal_i2c_ex.o
 .debug_macro   0x00018f95      0x301 ./system/src/stm32f3xx/stm32f3xx_hal_pcd.o
 .debug_macro   0x00019296      0x31f ./system/src/stm32f3xx/stm32f3xx_hal_rcc.o
 .debug_macro   0x000195b5      0x2fb ./system/src/stm32f3xx/stm32f3xx_hal_rcc_ex.o
 .debug_macro   0x000198b0      0x303 ./system/src/stm32f3xx/stm32f3xx_hal_spi.o
 .debug_macro   0x00019bb3      0x303 ./system/src/stm32f3xx/stm32f3xx_hal_uart.o
 .debug_macro   0x00019eb6      0x19c ./system/src/newlib/_exit.o
 .debug_macro   0x0001a052      0x10e ./system/src/newlib/_exit.o
 .debug_macro   0x0001a160       0x8d ./system/src/newlib/_exit.o
 .debug_macro   0x0001a1ed       0x35 ./system/src/newlib/_exit.o
 .debug_macro   0x0001a222      0x151 ./system/src/newlib/_sbrk.o
 .debug_macro   0x0001a373      0x174 ./system/src/newlib/_sbrk.o
 .debug_macro   0x0001a4e7       0x10 ./system/src/newlib/_sbrk.o
 .debug_macro   0x0001a4f7      0x23b ./system/src/newlib/_sbrk.o
 .debug_macro   0x0001a732      0x15b ./system/src/newlib/_startup.o
 .debug_macro   0x0001a88d      0x898 ./system/src/newlib/_startup.o
 .debug_macro   0x0001b125      0x1ff ./system/src/newlib/_syscalls.o
 .debug_macro   0x0001b324       0x1c ./system/src/newlib/_syscalls.o
 .debug_macro   0x0001b340       0x10 ./system/src/newlib/_syscalls.o
 .debug_macro   0x0001b350       0x10 ./system/src/newlib/_syscalls.o
 .debug_macro   0x0001b360       0x10 ./system/src/newlib/_syscalls.o
 .debug_macro   0x0001b370       0x35 ./system/src/newlib/_syscalls.o
 .debug_macro   0x0001b3a5      0x122 ./system/src/newlib/_syscalls.o
 .debug_macro   0x0001b4c7       0x88 ./system/src/newlib/_syscalls.o
 .debug_macro   0x0001b54f       0x2b ./system/src/newlib/_syscalls.o
 .debug_macro   0x0001b57a      0x118 ./system/src/newlib/_syscalls.o
 .debug_macro   0x0001b692      0x159 ./system/src/newlib/_syscalls.o
 .debug_macro   0x0001b7eb       0x16 ./system/src/newlib/_syscalls.o
 .debug_macro   0x0001b801       0x95 ./system/src/cortexm/_initialize_hardware.o
 .debug_macro   0x0001b896      0x22c ./system/src/cortexm/exception_handlers.o
 .debug_macro   0x0001bac2       0x3b ./system/src/cortexm/exception_handlers.o
 .debug_macro   0x0001bafd       0x22 ./system/src/cortexm/exception_handlers.o
 .debug_macro   0x0001bb1f       0x10 ./system/src/cortexm/exception_handlers.o
 .debug_macro   0x0001bb2f       0xcf ./system/src/cortexm/exception_handlers.o
 .debug_macro   0x0001bbfe       0xbe ./system/src/cortexm/exception_handlers.o
 .debug_macro   0x0001bcbc       0x10 ./system/src/cortexm/exception_handlers.o
 .debug_macro   0x0001bccc       0x97 ./system/src/cmsis/system_stm32f3xx.o
 .debug_macro   0x0001bd63      0x412 ./src/main.o
 .debug_macro   0x0001c175      0x16b ./src/main.o
 .debug_macro   0x0001c2e0       0x6a ./src/main.o
 .debug_macro   0x0001c34a      0x50e ./src/main.o
 .debug_macro   0x0001c858       0x66 ./src/main.o
 .debug_macro   0x0001c8be       0xbf ./src/main.o
 .debug_macro   0x0001c97d       0x16 ./src/main.o
 .debug_macro   0x0001c993      0x30a ./src/stm32f3xx_hal_msp.o
 .debug_macro   0x0001cc9d      0x314 ./src/stm32f3xx_it.o
 .debug_macro   0x0001cfb1       0x45 ./ioLibrary_Driver/Ethernet/W5100/w5100.o
 .debug_macro   0x0001cff6       0x78 ./ioLibrary_Driver/Ethernet/socket.o
 .debug_macro   0x0001d06e       0x54 ./ioLibrary_Driver/Ethernet/wizchip_conf.o
